Microchip MPLAB XC8 Compiler V1.33 ()

Linker command line:

--edf=/opt/microchip/xc8/v1.33/dat/en_msgs.txt -cs -h+main.sym \
  --cmf=main.cmf -z -Q16F1705 -o/tmp/cgtaEcJSK -Mmain.map -ver=XC8 \
  -ASTACK=02044h-0231fh -pstack=STACK -ACONST=00h-0FFhx32 \
  -ACODE=00h-07FFhx4 -ASTRCODE=00h-01FFFh -AENTRY=00h-0FFhx32 \
  -ASTRING=00h-0FFhx32 -ACOMMON=070h-07Fh -ABANK0=020h-06Fh \
  -ABANK1=0A0h-0EFh -ABANK2=0120h-016Fh -ABANK3=01A0h-01EFh \
  -ABANK4=0220h-026Fh -ABANK5=02A0h-02EFh -ABANK6=0320h-036Fh \
  -ABANK7=03A0h-03EFh -ABANK8=0420h-046Fh -ABANK9=04A0h-04EFh \
  -ABANK10=0520h-056Fh -ABANK11=05A0h-05EFh -ABANK12=0620h-064Fh \
  -ABIGRAM=02000h-023EFh \
  -ARAM=020h-06Fh,0A0h-0EFh,0120h-016Fh,01A0h-01EFh,0220h-026Fh,02A0h-02EFh,0320h-036Fh,03A0h-03EFh,0420h-046Fh,04A0h-04EFh,0520h-056Fh,05A0h-05EFh,0620h-064Fh \
  -AABS1=020h-07Fh,0A0h-0EFh,0120h-016Fh,01A0h-01EFh,0220h-026Fh,02A0h-02EFh,0320h-036Fh,03A0h-03EFh,0420h-046Fh,04A0h-04EFh,0520h-056Fh,05A0h-05EFh,0620h-064Fh \
  -ASFR0=00h-01Fh -ASFR1=080h-09Fh -ASFR2=0100h-011Fh -ASFR3=0180h-019Fh \
  -ASFR4=0200h-021Fh -ASFR5=0280h-029Fh -ASFR6=0300h-031Fh \
  -ASFR7=0380h-039Fh -ASFR8=0400h-041Fh -ASFR9=0480h-049Fh \
  -ASFR10=0500h-051Fh -ASFR11=0580h-059Fh -ASFR12=0600h-061Fh \
  -ASFR13=0680h-06EFh -ASFR14=0700h-076Fh -ASFR15=0780h-07EFh \
  -ASFR16=0800h-086Fh -ASFR17=0880h-08EFh -ASFR18=0900h-096Fh \
  -ASFR19=0980h-09EFh -ASFR20=0A00h-0A6Fh -ASFR21=0A80h-0AEFh \
  -ASFR22=0B00h-0B6Fh -ASFR23=0B80h-0BEFh -ASFR24=0C00h-0C6Fh \
  -ASFR25=0C80h-0CEFh -ASFR26=0D00h-0D6Fh -ASFR27=0D80h-0DEFh \
  -ASFR28=0E00h-0E6Fh -ASFR29=0E80h-0EEFh -ASFR30=0F00h-0F6Fh \
  -ASFR31=0F80h-0FEFh -preset_vec=00h,intentry=04h,init,end_init \
  -ppowerup=CODE -pcinit=CODE -pfunctab=CODE -ACONFIG=08007h-08008h \
  -pconfig=CONFIG -DCONFIG=2 -AIDLOC=08000h-08003h -pidloc=IDLOC -DIDLOC=2 \
  -DCODE=2 -DSTRCODE=2 -DSTRING=2 -DCONST=2 -DENTRY=2 -k startup.obj \
  main.obj 

Object code version is 3.11

Machine type is 16F1705



                Name                               Link     Load   Length Selector   Space Scale
startup.obj     end_init                             59       59        2        8       0
                reset_vec                             0        0        2        0       0
                config                             8007     8007        2    1000E       0
main.obj        cinit                                5B       5B       1E        8       0
                intentry                              4        4       55        8       0
                swtext1                              79       79       12       F2       0
                text6                               166      166       14      24A       0
                text5                               195      195        7      24A       0
                text4                               1A2      1A2        6      24A       0
                text3                               14A      14A       1C      24A       0
                text2                               189      189        C      24A       0
                text1                               17A      17A        F      24A       0
                maintext                            125      125       25      24A       0
                cstackCOMMON                         70       70        5       70       1
                clrtext                             19C      19C        6      24A       0
                bssBANK0                             20       20       44       20       1
                dataCOMMON                           75       75        4       70       1
                bssCOMMON                            79       79        3       70       1
                stringtext                          100      100       25        2       0
                idataCOMMON                         1A8      1A8        4      24A       0

TOTAL           Name                               Link     Load   Length     Space
        CLASS   STACK          

        CLASS   CONST          
                swtext1                              79       79       12         0

        CLASS   CODE           
                end_init                             59       59        2         0
                cinit                                5B       5B       1E         0
                intentry                              4        4       55         0
                reset_vec                             0        0        2         0
                text6                               166      166       14         0
                text5                               195      195        7         0
                text4                               1A2      1A2        6         0
                text3                               14A      14A       1C         0
                text2                               189      189        C         0
                text1                               17A      17A        F         0
                maintext                            125      125       25         0
                clrtext                             19C      19C        6         0
                idataCOMMON                         1A8      1A8        4         0

        CLASS   STRCODE        
                stringtext                          100      100       25         0

        CLASS   ENTRY          

        CLASS   STRING         

        CLASS   COMMON         
                cstackCOMMON                         70       70        5         1
                dataCOMMON                           75       75        4         1
                bssCOMMON                            79       79        3         1

        CLASS   BANK0          
                bssBANK0                             20       20       44         1

        CLASS   BANK1          

        CLASS   BANK2          

        CLASS   BANK3          

        CLASS   BANK4          

        CLASS   BANK5          

        CLASS   BANK6          

        CLASS   BANK7          

        CLASS   BANK8          

        CLASS   BANK9          

        CLASS   BANK10         

        CLASS   BANK11         

        CLASS   BANK12         

        CLASS   BIGRAM         

        CLASS   RAM            

        CLASS   ABS1           
                abs_s1                               7E       7E        2         1

        CLASS   SFR0           

        CLASS   SFR1           

        CLASS   SFR2           

        CLASS   SFR3           

        CLASS   SFR4           

        CLASS   SFR5           

        CLASS   SFR6           

        CLASS   SFR7           

        CLASS   SFR8           

        CLASS   SFR9           

        CLASS   SFR10          

        CLASS   SFR11          

        CLASS   SFR12          

        CLASS   SFR13          

        CLASS   SFR14          

        CLASS   SFR15          

        CLASS   SFR16          

        CLASS   SFR17          

        CLASS   SFR18          

        CLASS   SFR19          

        CLASS   SFR20          

        CLASS   SFR21          

        CLASS   SFR22          

        CLASS   SFR23          

        CLASS   SFR24          

        CLASS   SFR25          

        CLASS   SFR26          

        CLASS   SFR27          

        CLASS   SFR28          

        CLASS   SFR29          

        CLASS   SFR30          

        CLASS   SFR31          

        CLASS   CONFIG         
                config                             8007     8007        2         0

        CLASS   IDLOC          

        CLASS   BANK31         

        CLASS   BANK30         

        CLASS   BANK29         

        CLASS   BANK28         

        CLASS   BANK27         

        CLASS   BANK26         

        CLASS   BANK25         

        CLASS   BANK24         

        CLASS   BANK23         

        CLASS   BANK22         

        CLASS   BANK21         

        CLASS   BANK20         

        CLASS   BANK19         

        CLASS   BANK18         

        CLASS   BANK17         

        CLASS   BANK16         

        CLASS   BANK15         

        CLASS   BANK14         

        CLASS   BANK13         

        CLASS   EEDATA         



SEGMENTS        Name                           Load    Length   Top    Selector   Space  Class     Delta

                reset_vec                      000000  000002  000002         0       0  CODE        2
                intentry                       000004  000075  000079         8       0  CODE        2
                bssBANK0                       000020  000044  000064        20       1  BANK0       1
                cstackCOMMON                   000070  00000C  00007C        70       1  COMMON      1
                swtext1                        000079  000012  00008B        F2       0  CONST       2
                stringtext                     000100  000025  000125         2       0  STRCODE     2
                maintext                       000125  000087  0001AC       24A       0  CODE        2
                config                         008007  000002  008009     1000E       0  CONFIG      2


UNUSED ADDRESS RANGES

        Name                Unused          Largest block    Delta
        BANK0            00064-0006F               C           1
        BANK1            000A0-000EF              50           1
        BANK10           00520-0056F              50           1
        BANK11           005A0-005EF              50           1
        BANK12           00620-0064F              30           1
        BANK2            00120-0016F              50           1
        BANK3            001A0-001EF              50           1
        BANK4            00220-0026F              50           1
        BANK5            002A0-002EF              50           1
        BANK6            00320-0036F              50           1
        BANK7            003A0-003EF              50           1
        BANK8            00420-0046F              50           1
        BANK9            004A0-004EF              50           1
        BIGRAM           02000-023EF             3F0           1
        CODE             00002-00003               2           2
                         0008B-000FF              75
                         001AC-01FFF             800
        COMMON           0007C-0007D               2           1
        CONST            00002-00003               2           2
                         0008B-000FF              75
                         001AC-01FFF             100
        ENTRY            00002-00003               2           2
                         0008B-000FF              75
                         001AC-01FFF             100
        IDLOC            08000-08003               4           2
        RAM              00064-0006F               C           1
                         000A0-000EF              50
                         00120-0016F              50
                         001A0-001EF              50
                         00220-0026F              50
                         002A0-002EF              50
                         00320-0036F              50
                         003A0-003EF              50
                         00420-0046F              50
                         004A0-004EF              50
                         00520-0056F              50
                         005A0-005EF              50
                         00620-0064F              30
        SFR0             00000-0001F              20           1
        SFR1             00080-0009F              20           1
        SFR10            00500-0051F              20           1
        SFR11            00580-0059F              20           1
        SFR12            00600-0061F              20           1
        SFR13            00680-006EF              70           1
        SFR14            00700-0076F              70           1
        SFR15            00780-007EF              70           1
        SFR16            00800-0086F              70           1
        SFR17            00880-008EF              70           1
        SFR18            00900-0096F              70           1
        SFR19            00980-009EF              70           1
        SFR2             00100-0011F              20           1
        SFR20            00A00-00A6F              70           1
        SFR21            00A80-00AEF              70           1
        SFR22            00B00-00B6F              70           1
        SFR23            00B80-00BEF              70           1
        SFR24            00C00-00C6F              70           1
        SFR25            00C80-00CEF              70           1
        SFR26            00D00-00D6F              70           1
        SFR27            00D80-00DEF              70           1
        SFR28            00E00-00E6F              70           1
        SFR29            00E80-00EEF              70           1
        SFR3             00180-0019F              20           1
        SFR30            00F00-00F6F              70           1
        SFR31            00F80-00FEF              70           1
        SFR4             00200-0021F              20           1
        SFR5             00280-0029F              20           1
        SFR6             00300-0031F              20           1
        SFR7             00380-0039F              20           1
        SFR8             00400-0041F              20           1
        SFR9             00480-0049F              20           1
        STACK            02044-0231F             2DC           1
        STRCODE          00002-00003               2           2
                         0008B-000FF              75
                         001AC-01FFF            1E54
        STRING           00002-00003               2           2
                         0008B-000FF              75
                         001AC-01FFF             100

                                  Symbol Table

_ADCON0                  (abs)        0009D
_ADCON1                  (abs)        0009E
_ADCON2                  (abs)        0009F
_ANSELA                  (abs)        0018C
_ANSELC                  (abs)        0018E
_BAUDCON1bits            (abs)        0019F
_CCP1CON                 (abs)        00293
_CCPR1H                  (abs)        00292
_CCPR1L                  (abs)        00291
_CM1CON0                 (abs)        00111
_CM1CON1                 (abs)        00112
_CM2CON0                 (abs)        00113
_CM2CON1                 (abs)        00114
_GIE                     (abs)        0005F
_INTCONbits              (abs)        0000B
_ISR                     intentry     00004
_LATA5                   (abs)        00865
_LATC0                   (abs)        00870
_LATC1                   (abs)        00871
_LATC2                   (abs)        00872
_OPTION_REGbits          (abs)        00095
_OSCCON                  (abs)        00099
_PIE1bits                (abs)        00091
_PIR1bits                (abs)        00011
_PORTAbits               (abs)        0000C
_PPSLOCK                 (abs)        00E0F
_RA1PPS                  (abs)        00E91
_RA4PPS                  (abs)        00E94
_RCSTAbits               (abs)        0019D
_RXPPS                   (abs)        00E24
_SLCAN                   dataCOMMON   00075
_SPBRG                   (abs)        0019B
_T0IE                    (abs)        0005D
_T0IF                    (abs)        0005A
_T1CON                   (abs)        00018
_T1GCONbits              (abs)        00019
_T2CON                   (abs)        0001C
_TMR0                    (abs)        00015
_TMR1H                   (abs)        00017
_TMR1L                   (abs)        00016
_TMR2                    (abs)        0001A
_TRISA2                  (abs)        00462
_TRISA5                  (abs)        00465
_TRISC0                  (abs)        00470
_TRISC1                  (abs)        00471
_TRISC2                  (abs)        00472
_TRISC5                  (abs)        00475
_TXREG1                  (abs)        0019A
_TXSTAbits               (abs)        0019E
__CFG_CLKOUTEN$OFF       (abs)        00000
__CFG_FOSC$INTOSC        (abs)        00000
__CFG_LVP$ON             (abs)        00000
__CFG_MCLRE$ON           (abs)        00000
__CFG_PLLEN$OFF          (abs)        00000
__CFG_WDTE$OFF           (abs)        00000
__Habs1                  abs1         00000
__Hbank0                 bank0        00000
__Hbank1                 bank1        00000
__Hbank10                bank10       00000
__Hbank11                bank11       00000
__Hbank12                bank12       00000
__Hbank13                bank13       00000
__Hbank14                bank14       00000
__Hbank15                bank15       00000
__Hbank16                bank16       00000
__Hbank17                bank17       00000
__Hbank18                bank18       00000
__Hbank19                bank19       00000
__Hbank2                 bank2        00000
__Hbank20                bank20       00000
__Hbank21                bank21       00000
__Hbank22                bank22       00000
__Hbank23                bank23       00000
__Hbank24                bank24       00000
__Hbank25                bank25       00000
__Hbank26                bank26       00000
__Hbank27                bank27       00000
__Hbank28                bank28       00000
__Hbank29                bank29       00000
__Hbank3                 bank3        00000
__Hbank30                bank30       00000
__Hbank31                bank31       00000
__Hbank4                 bank4        00000
__Hbank5                 bank5        00000
__Hbank6                 bank6        00000
__Hbank7                 bank7        00000
__Hbank8                 bank8        00000
__Hbank9                 bank9        00000
__Hbigram                bigram       00000
__HbssBANK0              bssBANK0     00000
__HbssCOMMON             bssCOMMON    00000
__Hcinit                 cinit        00079
__Hclrtext               clrtext      00000
__Hcode                  code         00000
__Hcommon                common       00000
__Hconfig                config       08009
__HcstackCOMMON          cstackCOMMON 00000
__HdataCOMMON            dataCOMMON   00000
__Heeprom_data           eeprom_data  00000
__Hend_init              end_init     0005B
__Hfunctab               functab      00000
__HidataCOMMON           idataCOMMON  00000
__Hidloc                 idloc        00000
__Hinit                  init         00059
__Hintentry              intentry     00059
__Hmaintext              maintext     00000
__Hpowerup               powerup      00000
__Hram                   ram          00000
__Hreset_vec             reset_vec    00002
__Hsfr0                  sfr0         00000
__Hsfr1                  sfr1         00000
__Hsfr10                 sfr10        00000
__Hsfr11                 sfr11        00000
__Hsfr12                 sfr12        00000
__Hsfr13                 sfr13        00000
__Hsfr14                 sfr14        00000
__Hsfr15                 sfr15        00000
__Hsfr16                 sfr16        00000
__Hsfr17                 sfr17        00000
__Hsfr18                 sfr18        00000
__Hsfr19                 sfr19        00000
__Hsfr2                  sfr2         00000
__Hsfr20                 sfr20        00000
__Hsfr21                 sfr21        00000
__Hsfr22                 sfr22        00000
__Hsfr23                 sfr23        00000
__Hsfr24                 sfr24        00000
__Hsfr25                 sfr25        00000
__Hsfr26                 sfr26        00000
__Hsfr27                 sfr27        00000
__Hsfr28                 sfr28        00000
__Hsfr29                 sfr29        00000
__Hsfr3                  sfr3         00000
__Hsfr30                 sfr30        00000
__Hsfr31                 sfr31        00000
__Hsfr4                  sfr4         00000
__Hsfr5                  sfr5         00000
__Hsfr6                  sfr6         00000
__Hsfr7                  sfr7         00000
__Hsfr8                  sfr8         00000
__Hsfr9                  sfr9         00000
__Hspace_0               (abs)        08009
__Hspace_1               (abs)        0007C
__Hspace_2               (abs)        00000
__Hspace_3               (abs)        00000
__Hstack                 stack        00000
__Hstrings               strings      00000
__Hstringtext            stringtext   00000
__Htext                  text         00000
__Labs1                  abs1         00000
__Lbank0                 bank0        00000
__Lbank1                 bank1        00000
__Lbank10                bank10       00000
__Lbank11                bank11       00000
__Lbank12                bank12       00000
__Lbank13                bank13       00000
__Lbank14                bank14       00000
__Lbank15                bank15       00000
__Lbank16                bank16       00000
__Lbank17                bank17       00000
__Lbank18                bank18       00000
__Lbank19                bank19       00000
__Lbank2                 bank2        00000
__Lbank20                bank20       00000
__Lbank21                bank21       00000
__Lbank22                bank22       00000
__Lbank23                bank23       00000
__Lbank24                bank24       00000
__Lbank25                bank25       00000
__Lbank26                bank26       00000
__Lbank27                bank27       00000
__Lbank28                bank28       00000
__Lbank29                bank29       00000
__Lbank3                 bank3        00000
__Lbank30                bank30       00000
__Lbank31                bank31       00000
__Lbank4                 bank4        00000
__Lbank5                 bank5        00000
__Lbank6                 bank6        00000
__Lbank7                 bank7        00000
__Lbank8                 bank8        00000
__Lbank9                 bank9        00000
__Lbigram                bigram       00000
__LbssBANK0              bssBANK0     00000
__LbssCOMMON             bssCOMMON    00000
__Lcinit                 cinit        0005B
__Lclrtext               clrtext      00000
__Lcode                  code         00000
__Lcommon                common       00000
__Lconfig                config       08007
__LcstackCOMMON          cstackCOMMON 00000
__LdataCOMMON            dataCOMMON   00000
__Leeprom_data           eeprom_data  00000
__Lend_init              end_init     00059
__Lfunctab               functab      00000
__LidataCOMMON           idataCOMMON  00000
__Lidloc                 idloc        00000
__Linit                  init         00059
__Lintentry              intentry     00004
__Lmaintext              maintext     00000
__Lpowerup               powerup      00000
__Lram                   ram          00000
__Lreset_vec             reset_vec    00000
__Lsfr0                  sfr0         00000
__Lsfr1                  sfr1         00000
__Lsfr10                 sfr10        00000
__Lsfr11                 sfr11        00000
__Lsfr12                 sfr12        00000
__Lsfr13                 sfr13        00000
__Lsfr14                 sfr14        00000
__Lsfr15                 sfr15        00000
__Lsfr16                 sfr16        00000
__Lsfr17                 sfr17        00000
__Lsfr18                 sfr18        00000
__Lsfr19                 sfr19        00000
__Lsfr2                  sfr2         00000
__Lsfr20                 sfr20        00000
__Lsfr21                 sfr21        00000
__Lsfr22                 sfr22        00000
__Lsfr23                 sfr23        00000
__Lsfr24                 sfr24        00000
__Lsfr25                 sfr25        00000
__Lsfr26                 sfr26        00000
__Lsfr27                 sfr27        00000
__Lsfr28                 sfr28        00000
__Lsfr29                 sfr29        00000
__Lsfr3                  sfr3         00000
__Lsfr30                 sfr30        00000
__Lsfr31                 sfr31        00000
__Lsfr4                  sfr4         00000
__Lsfr5                  sfr5         00000
__Lsfr6                  sfr6         00000
__Lsfr7                  sfr7         00000
__Lsfr8                  sfr8         00000
__Lsfr9                  sfr9         00000
__Lspace_0               (abs)        00000
__Lspace_1               (abs)        00000
__Lspace_2               (abs)        00000
__Lspace_3               (abs)        00000
__Lstack                 stack        00000
__Lstrings               strings      00000
__Lstringtext            stringtext   00000
__Ltext                  text         00000
__S0                     (abs)        08009
__S1                     (abs)        0007C
__S2                     (abs)        00000
___int_sp                stack        00000
___latbits               (abs)        00002
___sp                    stack        00000
__end_of_ISR             intentry     00059
__end_of__initialization cinit        00075
__end_of__stringdata     stringtext   00125
__end_of_main            maintext     0014A
__end_of_pps_init        text6        0017A
__end_of_putchar_wait    text5        0019C
__end_of_s88_init        text4        001A8
__end_of_system_init     text3        00166
__end_of_timer0_init     text2        00195
__end_of_uart_init       text1        00189
__initialization         cinit        0005B
__pbssBANK0              bssBANK0     00020
__pbssCOMMON             bssCOMMON    00079
__pcstackCOMMON          cstackCOMMON 00070
__pdataCOMMON            dataCOMMON   00075
__pidataCOMMON           idataCOMMON  001A8
__pintentry              intentry     00004
__pmaintext              maintext     00125
__pstringtext            stringtext   00100
__pswtext1               swtext1      00079
__ptext1                 text1        0017A
__ptext2                 text2        00189
__ptext3                 text3        0014A
__ptext4                 text4        001A2
__ptext5                 text5        00195
__ptext6                 text6        00166
__size_of_ISR            (abs)        00000
__size_of_main           (abs)        00000
__size_of_pps_init       (abs)        00000
__size_of_putchar_wait   (abs)        00000
__size_of_s88_init       (abs)        00000
__size_of_system_init    (abs)        00000
__size_of_timer0_init    (abs)        00000
__size_of_uart_init      (abs)        00000
__stringdata             stringtext   00100
_main                    maintext     00125
_pps_init                text6        00166
_putchar_wait            text5        00195
_rx_fifo                 bssBANK0     00020
_s88_bits                bssCOMMON    00079
_s88_data_bit            bssCOMMON    0007A
_s88_init                text4        001A2
_s88_state               bssCOMMON    0007B
_sData                   dataCOMMON   00077
_system_init             text3        0014A
_timer0_init             text2        00189
_tx_fifo                 bssBANK0     00042
_uart_init               text1        0017A
btemp                    (abs)        0007E
clear_ram0               clrtext      0019C
end_of_initialization    cinit        00075
intlevel0                functab      00000
intlevel1                functab      00000
intlevel2                functab      00000
intlevel3                functab      00000
intlevel4                functab      00000
intlevel5                functab      00000
ltemp                    (abs)        0007E
ltemp0                   (abs)        0007E
ltemp1                   (abs)        00082
ltemp2                   (abs)        00086
ltemp3                   (abs)        00080
main@counter             cstackCOMMON 00073
pic14e$flags             (abs)        0007E
putchar_wait@c           cstackCOMMON 00072
reset_vec                reset_vec    00000
stackhi                  (abs)        0231F
stacklo                  (abs)        02044
start                    init         00059
start_initialization     cinit        0005B
ttemp                    (abs)        0007E
ttemp0                   (abs)        0007E
ttemp1                   (abs)        00081
ttemp2                   (abs)        00084
ttemp3                   (abs)        00087
ttemp4                   (abs)        0007F
wtemp                    (abs)        0007E
wtemp0                   (abs)        0007E
wtemp1                   (abs)        00080
wtemp2                   (abs)        00082
wtemp3                   (abs)        00084
wtemp4                   (abs)        00086
wtemp5                   (abs)        00088
wtemp6                   (abs)        0007F


FUNCTION INFORMATION:

 *************** function _main *****************
 Defined at:
		line 195 in file "main.c"
 Parameters:    Size  Location     Type
		None
 Auto vars:     Size  Location     Type
  counter         2    3[COMMON] unsigned short 
 Return value:  Size  Location     Type
		None               void
 Registers used:
		wreg, status,2, status,0, pclath, cstack
 Tracked objects:
		On entry : 
		On exit  : 
		Unchanged: 
 Data sizes:     COMMON   BANK0   BANK1   BANK2   BANK3   BANK4   BANK5   BANK6   BANK7   BANK8   BANK9  BANK10  BANK11  BANK12
      Params:         0       0       0       0       0       0       0       0       0       0       0       0       0       0
      Locals:         2       0       0       0       0       0       0       0       0       0       0       0       0       0
      Temps:          0       0       0       0       0       0       0       0       0       0       0       0       0       0
      Totals:         2       0       0       0       0       0       0       0       0       0       0       0       0       0
Total ram usage:        2 bytes
 Hardware stack levels required when called:    2
 This function calls:
		_pps_init
		_putchar_wait
		_s88_init
		_system_init
		_timer0_init
		_uart_init
 This function is called by:
		Startup code after reset
 This function uses a non-reentrant model


 *************** function _uart_init *****************
 Defined at:
		line 138 in file "main.c"
 Parameters:    Size  Location     Type
		None
 Auto vars:     Size  Location     Type
		None
 Return value:  Size  Location     Type
		None               void
 Registers used:
		wreg
 Tracked objects:
		On entry : 
		On exit  : 
		Unchanged: 
 Data sizes:     COMMON   BANK0   BANK1   BANK2   BANK3   BANK4   BANK5   BANK6   BANK7   BANK8   BANK9  BANK10  BANK11  BANK12
      Params:         0       0       0       0       0       0       0       0       0       0       0       0       0       0
      Locals:         0       0       0       0       0       0       0       0       0       0       0       0       0       0
      Temps:          0       0       0       0       0       0       0       0       0       0       0       0       0       0
      Totals:         0       0       0       0       0       0       0       0       0       0       0       0       0       0
Total ram usage:        0 bytes
 Hardware stack levels used:    1
 Hardware stack levels required when called:    1
 This function calls:
		Nothing
 This function is called by:
		_main
 This function uses a non-reentrant model


 *************** function _timer0_init *****************
 Defined at:
		line 157 in file "main.c"
 Parameters:    Size  Location     Type
		None
 Auto vars:     Size  Location     Type
		None
 Return value:  Size  Location     Type
		None               void
 Registers used:
		wreg, status,2, status,0
 Tracked objects:
		On entry : 
		On exit  : 
		Unchanged: 
 Data sizes:     COMMON   BANK0   BANK1   BANK2   BANK3   BANK4   BANK5   BANK6   BANK7   BANK8   BANK9  BANK10  BANK11  BANK12
      Params:         0       0       0       0       0       0       0       0       0       0       0       0       0       0
      Locals:         0       0       0       0       0       0       0       0       0       0       0       0       0       0
      Temps:          0       0       0       0       0       0       0       0       0       0       0       0       0       0
      Totals:         0       0       0       0       0       0       0       0       0       0       0       0       0       0
Total ram usage:        0 bytes
 Hardware stack levels used:    1
 Hardware stack levels required when called:    1
 This function calls:
		Nothing
 This function is called by:
		_main
 This function uses a non-reentrant model


 *************** function _system_init *****************
 Defined at:
		line 109 in file "main.c"
 Parameters:    Size  Location     Type
		None
 Auto vars:     Size  Location     Type
		None
 Return value:  Size  Location     Type
		None               void
 Registers used:
		wreg, status,2
 Tracked objects:
		On entry : 
		On exit  : 
		Unchanged: 
 Data sizes:     COMMON   BANK0   BANK1   BANK2   BANK3   BANK4   BANK5   BANK6   BANK7   BANK8   BANK9  BANK10  BANK11  BANK12
      Params:         0       0       0       0       0       0       0       0       0       0       0       0       0       0
      Locals:         0       0       0       0       0       0       0       0       0       0       0       0       0       0
      Temps:          0       0       0       0       0       0       0       0       0       0       0       0       0       0
      Totals:         0       0       0       0       0       0       0       0       0       0       0       0       0       0
Total ram usage:        0 bytes
 Hardware stack levels used:    1
 Hardware stack levels required when called:    1
 This function calls:
		Nothing
 This function is called by:
		_main
 This function uses a non-reentrant model


 *************** function _s88_init *****************
 Defined at:
		line 188 in file "main.c"
 Parameters:    Size  Location     Type
		None
 Auto vars:     Size  Location     Type
		None
 Return value:  Size  Location     Type
		None               void
 Registers used:
		None
 Tracked objects:
		On entry : 
		On exit  : 
		Unchanged: 
 Data sizes:     COMMON   BANK0   BANK1   BANK2   BANK3   BANK4   BANK5   BANK6   BANK7   BANK8   BANK9  BANK10  BANK11  BANK12
      Params:         0       0       0       0       0       0       0       0       0       0       0       0       0       0
      Locals:         0       0       0       0       0       0       0       0       0       0       0       0       0       0
      Temps:          0       0       0       0       0       0       0       0       0       0       0       0       0       0
      Totals:         0       0       0       0       0       0       0       0       0       0       0       0       0       0
Total ram usage:        0 bytes
 Hardware stack levels used:    1
 Hardware stack levels required when called:    1
 This function calls:
		Nothing
 This function is called by:
		_main
 This function uses a non-reentrant model


 *************** function _putchar_wait *****************
 Defined at:
		line 24 in file "usart.c"
 Parameters:    Size  Location     Type
  c               1    wreg     unsigned char 
 Auto vars:     Size  Location     Type
  c               1    2[COMMON] unsigned char 
 Return value:  Size  Location     Type
		None               void
 Registers used:
		wreg
 Tracked objects:
		On entry : 
		On exit  : 
		Unchanged: 
 Data sizes:     COMMON   BANK0   BANK1   BANK2   BANK3   BANK4   BANK5   BANK6   BANK7   BANK8   BANK9  BANK10  BANK11  BANK12
      Params:         0       0       0       0       0       0       0       0       0       0       0       0       0       0
      Locals:         1       0       0       0       0       0       0       0       0       0       0       0       0       0
      Temps:          0       0       0       0       0       0       0       0       0       0       0       0       0       0
      Totals:         1       0       0       0       0       0       0       0       0       0       0       0       0       0
Total ram usage:        1 bytes
 Hardware stack levels used:    1
 Hardware stack levels required when called:    1
 This function calls:
		Nothing
 This function is called by:
		_main
		_puts_rom
		_print_hex_wait
		_print_debug_value
		_print_debug_fifo
		_fifo_putchar
 This function uses a non-reentrant model


 *************** function _pps_init *****************
 Defined at:
		line 95 in file "main.c"
 Parameters:    Size  Location     Type
		None
 Auto vars:     Size  Location     Type
		None
 Return value:  Size  Location     Type
		None               void
 Registers used:
		wreg, status,2
 Tracked objects:
		On entry : 
		On exit  : 
		Unchanged: 
 Data sizes:     COMMON   BANK0   BANK1   BANK2   BANK3   BANK4   BANK5   BANK6   BANK7   BANK8   BANK9  BANK10  BANK11  BANK12
      Params:         0       0       0       0       0       0       0       0       0       0       0       0       0       0
      Locals:         0       0       0       0       0       0       0       0       0       0       0       0       0       0
      Temps:          0       0       0       0       0       0       0       0       0       0       0       0       0       0
      Totals:         0       0       0       0       0       0       0       0       0       0       0       0       0       0
Total ram usage:        0 bytes
 Hardware stack levels used:    1
 Hardware stack levels required when called:    1
 This function calls:
		Nothing
 This function is called by:
		_main
 This function uses a non-reentrant model


 *************** function _ISR *****************
 Defined at:
		line 37 in file "main.c"
 Parameters:    Size  Location     Type
		None
 Auto vars:     Size  Location     Type
		None
 Return value:  Size  Location     Type
		None               void
 Registers used:
		wreg, fsr0l, fsr0h, status,2, status,0
 Tracked objects:
		On entry : 
		On exit  : 
		Unchanged: 
 Data sizes:     COMMON   BANK0   BANK1   BANK2   BANK3   BANK4   BANK5   BANK6   BANK7   BANK8   BANK9  BANK10  BANK11  BANK12
      Params:         0       0       0       0       0       0       0       0       0       0       0       0       0       0
      Locals:         0       0       0       0       0       0       0       0       0       0       0       0       0       0
      Temps:          2       0       0       0       0       0       0       0       0       0       0       0       0       0
      Totals:         2       0       0       0       0       0       0       0       0       0       0       0       0       0
Total ram usage:        2 bytes
 Hardware stack levels used:    1
 This function calls:
		Nothing
 This function is called by:
		Interrupt level 1
 This function uses a non-reentrant model



MODULE INFORMATION

Module		Function		Class		Link	Load	Size
usart.c
		_putchar_wait  		CODE           	0195	0000	7

usart.c estimated size: 7

shared
		__stringdata   		STRCODE        	0100	0000	37
		__initializatio		CODE           	005B	0000	26

shared estimated size: 63

main.c
		_system_init   		CODE           	014A	0000	28
		_ISR           		CODE           	0004	0000	85
		_s88_init      		CODE           	01A2	0000	6
		_main          		CODE           	0125	0000	37
		_uart_init     		CODE           	017A	0000	15
		_timer0_init   		CODE           	0189	0000	12
		_pps_init      		CODE           	0166	0000	20

main.c estimated size: 203

