Archive member included because of file (symbol)

/embedded/arm-cortex/lib/libopencm3_stm32f1.a(gpio.o)
                              latency-tester.o (gpio_set_mode)
/embedded/arm-cortex/lib/libopencm3_stm32f1.a(rcc.o)
                              latency-tester.o (rcc_clock_setup_in_hse_8mhz_out_72mhz)
/embedded/arm-cortex/lib/libopencm3_stm32f1.a(timer.o)
                              latency-tester.o (timer_ic_set_polarity)
/embedded/arm-cortex/lib/libopencm3_stm32f1.a(gpio_common_all.o)
                              latency-tester.o (gpio_set)
/embedded/arm-cortex/lib/libopencm3_stm32f1.a(timer_common_all.o)
                              latency-tester.o (timer_enable_irq)
/embedded/arm-cortex/lib/libopencm3_stm32f1.a(usart_common_all.o)
                              latency-tester.o (usart_set_baudrate)
/embedded/arm-cortex/lib/libopencm3_stm32f1.a(usart_common_f124.o)
                              /embedded/arm-cortex/lib/libopencm3_stm32f1.a(usart_common_all.o) (usart_send)
/embedded/arm-cortex/lib/libopencm3_stm32f1.a(rcc_common_all.o)
                              latency-tester.o (rcc_periph_clock_enable)
/embedded/arm-cortex/lib/libopencm3_stm32f1.a(flash_common_f01.o)
                              /embedded/arm-cortex/lib/libopencm3_stm32f1.a(rcc.o) (flash_set_ws)
/embedded/arm-cortex/lib/libopencm3_stm32f1.a(vector.o)
                              (reset_handler)
/embedded/arm-cortex/lib/libopencm3_stm32f1.a(systick.o)
                              latency-tester.o (systick_set_reload)
/embedded/arm-cortex/lib/libopencm3_stm32f1.a(nvic.o)
                              latency-tester.o (nvic_enable_irq)
/embedded/arm-cortex/lib/libopencm3_stm32f1.a(assert.o)
                              /embedded/arm-cortex/lib/libopencm3_stm32f1.a(rcc.o) (cm3_assert_failed)
/embedded/arm-cortex/lib/libopencm3_stm32f1.a(flash.o)
                              /embedded/arm-cortex/lib/libopencm3_stm32f1.a(flash_common_f01.o) (flash_get_status_flags)
/embedded/arm-cortex/gcc-arm-none-eabi-4_9-2015q1/bin/../lib/gcc/arm-none-eabi/4.9.3/../../../../arm-none-eabi/lib/armv7-m/libc.a(lib_a-errno.o)
                              latency-tester.o (__errno)
/embedded/arm-cortex/gcc-arm-none-eabi-4_9-2015q1/bin/../lib/gcc/arm-none-eabi/4.9.3/../../../../arm-none-eabi/lib/armv7-m/libc.a(lib_a-impure.o)
                              /embedded/arm-cortex/gcc-arm-none-eabi-4_9-2015q1/bin/../lib/gcc/arm-none-eabi/4.9.3/../../../../arm-none-eabi/lib/armv7-m/libc.a(lib_a-errno.o) (_impure_ptr)
/embedded/arm-cortex/gcc-arm-none-eabi-4_9-2015q1/bin/../lib/gcc/arm-none-eabi/4.9.3/../../../../arm-none-eabi/lib/armv7-m/libc.a(lib_a-printf.o)
                              latency-tester.o (printf)
/embedded/arm-cortex/gcc-arm-none-eabi-4_9-2015q1/bin/../lib/gcc/arm-none-eabi/4.9.3/../../../../arm-none-eabi/lib/armv7-m/libc.a(lib_a-vfprintf.o)
                              /embedded/arm-cortex/gcc-arm-none-eabi-4_9-2015q1/bin/../lib/gcc/arm-none-eabi/4.9.3/../../../../arm-none-eabi/lib/armv7-m/libc.a(lib_a-printf.o) (_vfprintf_r)
/embedded/arm-cortex/gcc-arm-none-eabi-4_9-2015q1/bin/../lib/gcc/arm-none-eabi/4.9.3/../../../../arm-none-eabi/lib/armv7-m/libc.a(lib_a-wsetup.o)
                              /embedded/arm-cortex/gcc-arm-none-eabi-4_9-2015q1/bin/../lib/gcc/arm-none-eabi/4.9.3/../../../../arm-none-eabi/lib/armv7-m/libc.a(lib_a-vfprintf.o) (__swsetup_r)
/embedded/arm-cortex/gcc-arm-none-eabi-4_9-2015q1/bin/../lib/gcc/arm-none-eabi/4.9.3/../../../../arm-none-eabi/lib/armv7-m/libc.a(lib_a-dtoa.o)
                              /embedded/arm-cortex/gcc-arm-none-eabi-4_9-2015q1/bin/../lib/gcc/arm-none-eabi/4.9.3/../../../../arm-none-eabi/lib/armv7-m/libc.a(lib_a-vfprintf.o) (_dtoa_r)
/embedded/arm-cortex/gcc-arm-none-eabi-4_9-2015q1/bin/../lib/gcc/arm-none-eabi/4.9.3/../../../../arm-none-eabi/lib/armv7-m/libc.a(lib_a-fflush.o)
                              /embedded/arm-cortex/gcc-arm-none-eabi-4_9-2015q1/bin/../lib/gcc/arm-none-eabi/4.9.3/../../../../arm-none-eabi/lib/armv7-m/libc.a(lib_a-vfprintf.o) (_fflush_r)
/embedded/arm-cortex/gcc-arm-none-eabi-4_9-2015q1/bin/../lib/gcc/arm-none-eabi/4.9.3/../../../../arm-none-eabi/lib/armv7-m/libc.a(lib_a-findfp.o)
                              /embedded/arm-cortex/gcc-arm-none-eabi-4_9-2015q1/bin/../lib/gcc/arm-none-eabi/4.9.3/../../../../arm-none-eabi/lib/armv7-m/libc.a(lib_a-vfprintf.o) (__sinit)
/embedded/arm-cortex/gcc-arm-none-eabi-4_9-2015q1/bin/../lib/gcc/arm-none-eabi/4.9.3/../../../../arm-none-eabi/lib/armv7-m/libc.a(lib_a-freer.o)
                              /embedded/arm-cortex/gcc-arm-none-eabi-4_9-2015q1/bin/../lib/gcc/arm-none-eabi/4.9.3/../../../../arm-none-eabi/lib/armv7-m/libc.a(lib_a-wsetup.o) (_free_r)
/embedded/arm-cortex/gcc-arm-none-eabi-4_9-2015q1/bin/../lib/gcc/arm-none-eabi/4.9.3/../../../../arm-none-eabi/lib/armv7-m/libc.a(lib_a-fwalk.o)
[...]
Memory Configuration

Name             Origin             Length             Attributes
rom              0x08000000         0x00010000         xr
ram              0x20000000         0x00005000         xrw
*default*        0x00000000         0xffffffff

Linker script and memory map

LOAD latency-tester.o
LOAD /embedded/arm-cortex/lib/libopencm3_stm32f1.a
START GROUP
LOAD /embedded/arm-cortex/gcc-arm-none-eabi-4_9-2015q1/bin/../lib/gcc/arm-none-eabi/4.9.3/../../../../arm-none-eabi/lib/armv7-m/libc.a
LOAD /embedded/arm-cortex/gcc-arm-none-eabi-4_9-2015q1/bin/../lib/gcc/arm-none-eabi/4.9.3/armv7-m/libgcc.a
LOAD /embedded/arm-cortex/gcc-arm-none-eabi-4_9-2015q1/bin/../lib/gcc/arm-none-eabi/4.9.3/../../../../arm-none-eabi/lib/armv7-m/libnosys.a
END GROUP
START GROUP
LOAD /embedded/arm-cortex/gcc-arm-none-eabi-4_9-2015q1/bin/../lib/gcc/arm-none-eabi/4.9.3/armv7-m/libgcc.a
LOAD /embedded/arm-cortex/gcc-arm-none-eabi-4_9-2015q1/bin/../lib/gcc/arm-none-eabi/4.9.3/../../../../arm-none-eabi/lib/armv7-m/libc.a
END GROUP

.text           0x08000000     0x60a0
 *(.vectors)
 .vectors       0x08000000      0x150 /embedded/arm-cortex/lib/libopencm3_stm32f1.a(vector.o)
                0x08000000                vector_table
 *(.text*)
 .text.tim1_cc_isr
                0x08000150       0x6c latency-tester.o
                0x08000150                tim1_cc_isr
 .text.sys_tick_handler
                0x080001bc       0x10 latency-tester.o
                0x080001bc                sys_tick_handler
 .text._write   0x080001cc       0x38 latency-tester.o
                0x080001cc                _write
 .text.startup.main
                0x08000204      0x210 latency-tester.o
                0x08000204                main
 .text.gpio_set_mode
                0x08000414       0x64 /embedded/arm-cortex/lib/libopencm3_stm32f1.a(gpio.o)
                0x08000414                gpio_set_mode
 .text.rcc_osc_on.part.0
                0x08000478       0x10 /embedded/arm-cortex/lib/libopencm3_stm32f1.a(rcc.o)
 .text.rcc_wait_for_osc_ready
                0x08000488       0x64 /embedded/arm-cortex/lib/libopencm3_stm32f1.a(rcc.o)
                0x08000488                rcc_wait_for_osc_ready
 .text.rcc_osc_on
                0x080004ec       0x54 /embedded/arm-cortex/lib/libopencm3_stm32f1.a(rcc.o)
                0x080004ec                rcc_osc_on
 .text.rcc_set_sysclk_source
                0x08000540       0x14 /embedded/arm-cortex/lib/libopencm3_stm32f1.a(rcc.o)
                0x08000540                rcc_set_sysclk_source
 .text.rcc_set_pll_multiplication_factor
                0x08000554       0x14 /embedded/arm-cortex/lib/libopencm3_stm32f1.a(rcc.o)
                0x08000554                rcc_set_pll_multiplication_factor
 .text.rcc_set_pll_source
                0x08000568       0x14 /embedded/arm-cortex/lib/libopencm3_stm32f1.a(rcc.o)
                0x08000568                rcc_set_pll_source
 .text.rcc_set_pllxtpre
                0x0800057c       0x14 /embedded/arm-cortex/lib/libopencm3_stm32f1.a(rcc.o)
                0x0800057c                rcc_set_pllxtpre
 .text.rcc_set_adcpre
                0x08000590       0x14 /embedded/arm-cortex/lib/libopencm3_stm32f1.a(rcc.o)
                0x08000590                rcc_set_adcpre
 .text.rcc_set_ppre2
                0x080005a4       0x14 /embedded/arm-cortex/lib/libopencm3_stm32f1.a(rcc.o)
                0x080005a4                rcc_set_ppre2
 .text.rcc_set_ppre1
                0x080005b8       0x14 /embedded/arm-cortex/lib/libopencm3_stm32f1.a(rcc.o)
                0x080005b8                rcc_set_ppre1
 .text.rcc_set_hpre
                0x080005cc       0x14 /embedded/arm-cortex/lib/libopencm3_stm32f1.a(rcc.o)
                0x080005cc                rcc_set_hpre
 .text.rcc_clock_setup_in_hse_8mhz_out_72mhz
                0x080005e0       0x8c /embedded/arm-cortex/lib/libopencm3_stm32f1.a(rcc.o)
                0x080005e0                rcc_clock_setup_in_hse_8mhz_out_72mhz
 .text.timer_ic_set_polarity
                0x0800066c       0x1a /embedded/arm-cortex/lib/libopencm3_stm32f1.a(timer.o)
                0x0800066c                timer_ic_set_polarity
 .text.gpio_set
                0x08000686        0x4 /embedded/arm-cortex/lib/libopencm3_stm32f1.a(gpio_common_all.o)
                0x08000686                gpio_set
 .text.gpio_clear
                0x0800068a        0x6 /embedded/arm-cortex/lib/libopencm3_stm32f1.a(gpio_common_all.o)
                0x0800068a                gpio_clear
 .text.gpio_get
                0x08000690        0x6 /embedded/arm-cortex/lib/libopencm3_stm32f1.a(gpio_common_all.o)
                0x08000690                gpio_get
 .text.timer_enable_irq
                0x08000696        0x8 /embedded/arm-cortex/lib/libopencm3_stm32f1.a(timer_common_all.o)
                0x08000696                timer_enable_irq
 .text.timer_get_flag
                0x0800069e        0xc /embedded/arm-cortex/lib/libopencm3_stm32f1.a(timer_common_all.o)
                0x0800069e                timer_get_flag
 .text.timer_clear_flag
                0x080006aa        0xa /embedded/arm-cortex/lib/libopencm3_stm32f1.a(timer_common_all.o)
                0x080006aa                timer_clear_flag
 .text.timer_set_mode
                0x080006b4       0x12 /embedded/arm-cortex/lib/libopencm3_stm32f1.a(timer_common_all.o)
                0x080006b4                timer_set_mode
 .text.timer_continuous_mode
                0x080006c6        0xa /embedded/arm-cortex/lib/libopencm3_stm32f1.a(timer_common_all.o)
                0x080006c6                timer_continuous_mode
 .text.timer_enable_counter
                0x080006d0        0xa /embedded/arm-cortex/lib/libopencm3_stm32f1.a(timer_common_all.o)
                0x080006d0                timer_enable_counter
 .text.timer_set_prescaler
                0x080006da        0x4 /embedded/arm-cortex/lib/libopencm3_stm32f1.a(timer_common_all.o)
                0x080006da                timer_set_prescaler
 *fill*         0x080006de        0x2 
 .text.timer_set_repetition_counter
                0x080006e0       0x18 /embedded/arm-cortex/lib/libopencm3_stm32f1.a(timer_common_all.o)
                0x080006e0                timer_set_repetition_counter
 .text.timer_set_period
                0x080006f8        0x4 /embedded/arm-cortex/lib/libopencm3_stm32f1.a(timer_common_all.o)
                0x080006f8                timer_set_period
 .text.timer_get_counter
                0x080006fc        0x4 /embedded/arm-cortex/lib/libopencm3_stm32f1.a(timer_common_all.o)
                0x080006fc                timer_get_counter
 .text.timer_ic_set_filter
                0x08000700       0x50 /embedded/arm-cortex/lib/libopencm3_stm32f1.a(timer_common_all.o)
                0x08000700                timer_ic_set_filter
 .text.timer_ic_set_prescaler
                0x08000750       0x50 /embedded/arm-cortex/lib/libopencm3_stm32f1.a(timer_common_all.o)
                0x08000750                timer_ic_set_prescaler
 .text.timer_ic_set_input
                0x080007a0       0x62 /embedded/arm-cortex/lib/libopencm3_stm32f1.a(timer_common_all.o)
                0x080007a0                timer_ic_set_input
 .text.timer_ic_enable
                0x08000802        0xe /embedded/arm-cortex/lib/libopencm3_stm32f1.a(timer_common_all.o)
                0x08000802                timer_ic_enable
 .text.usart_set_baudrate
                0x08000810       0x28 /embedded/arm-cortex/lib/libopencm3_stm32f1.a(usart_common_all.o)
                0x08000810                usart_set_baudrate
 .text.usart_set_databits
                0x08000838       0x12 /embedded/arm-cortex/lib/libopencm3_stm32f1.a(usart_common_all.o)
                0x08000838                usart_set_databits
 .text.usart_set_stopbits
                0x0800084a        0xc /embedded/arm-cortex/lib/libopencm3_stm32f1.a(usart_common_all.o)
                0x0800084a                usart_set_stopbits
 .text.usart_set_parity
                0x08000856        0xc /embedded/arm-cortex/lib/libopencm3_stm32f1.a(usart_common_all.o)
                0x08000856                usart_set_parity
 .text.usart_set_mode
                0x08000862        0xc /embedded/arm-cortex/lib/libopencm3_stm32f1.a(usart_common_all.o)
                0x08000862                usart_set_mode
 .text.usart_set_flow_control
                0x0800086e        0xc /embedded/arm-cortex/lib/libopencm3_stm32f1.a(usart_common_all.o)
                0x0800086e                usart_set_flow_control
 .text.usart_enable
                0x0800087a        0xa /embedded/arm-cortex/lib/libopencm3_stm32f1.a(usart_common_all.o)
                0x0800087a                usart_enable
 .text.usart_send_blocking
                0x08000884       0x16 /embedded/arm-cortex/lib/libopencm3_stm32f1.a(usart_common_all.o)
                0x08000884                usart_send_blocking
 .text.usart_send
                0x0800089a        0x8 /embedded/arm-cortex/lib/libopencm3_stm32f1.a(usart_common_f124.o)
                0x0800089a                usart_send
 .text.usart_wait_send_ready
                0x080008a2        0x8 /embedded/arm-cortex/lib/libopencm3_stm32f1.a(usart_common_f124.o)
                0x080008a2                usart_wait_send_ready
 .text.rcc_periph_clock_enable
                0x080008aa       0x1a /embedded/arm-cortex/lib/libopencm3_stm32f1.a(rcc_common_all.o)
                0x080008aa                rcc_periph_clock_enable
 .text.flash_set_ws
                0x080008c4       0x14 /embedded/arm-cortex/lib/libopencm3_stm32f1.a(flash_common_f01.o)
                0x080008c4                flash_set_ws
 .text.blocking_handler
                0x080008d8        0x2 /embedded/arm-cortex/lib/libopencm3_stm32f1.a(vector.o)
                0x080008d8                usart3_isr
                0x080008d8                rtc_isr
                0x080008d8                tim7_isr
                0x080008d8                adc1_2_isr
                0x080008d8                tim1_trg_com_isr
                0x080008d8                usb_hp_can_tx_isr
                0x080008d8                tim6_isr
                0x080008d8                usb_wakeup_isr
                0x080008d8                blocking_handler
                0x080008d8                tim5_isr
                0x080008d8                otg_fs_isr
                0x080008d8                spi1_isr
                0x080008d8                dma1_channel6_isr
                0x080008d8                exti2_isr
                0x080008d8                can_rx1_isr
                0x080008d8                dma1_channel5_isr
                0x080008d8                dma2_channel5_isr
                0x080008d8                usart1_isr
                0x080008d8                usage_fault_handler
                0x080008d8                tim8_trg_com_isr
                0x080008d8                can2_rx0_isr
                0x080008d8                tim1_brk_isr
                0x080008d8                can2_rx1_isr
                0x080008d8                sdio_isr
                0x080008d8                eth_isr
                0x080008d8                dma1_channel4_isr
                0x080008d8                tim8_brk_isr
                0x080008d8                dma2_channel4_5_isr
                0x080008d8                pvd_isr
                0x080008d8                rcc_isr
                0x080008d8                flash_isr
                0x080008d8                uart4_isr
                0x080008d8                rtc_alarm_isr
                0x080008d8                exti15_10_isr
                0x080008d8                hard_fault_handler
                0x080008d8                exti1_isr
                0x080008d8                i2c1_ev_isr
                0x080008d8                dma2_channel1_isr
                0x080008d8                spi2_isr
                0x080008d8                tim8_up_isr
                0x080008d8                dma2_channel2_isr
                0x080008d8                adc3_isr
                0x080008d8                exti3_isr
                0x080008d8                tim3_isr
                0x080008d8                usart2_isr
                0x080008d8                usb_lp_can_rx0_isr
                0x080008d8                i2c2_er_isr
                0x080008d8                i2c2_ev_isr
                0x080008d8                uart5_isr
                0x080008d8                fsmc_isr
                0x080008d8                dma1_channel1_isr
                0x080008d8                exti4_isr
                0x080008d8                mem_manage_handler
                0x080008d8                can2_tx_isr
                0x080008d8                exti9_5_isr
                0x080008d8                dma2_channel3_isr
                0x080008d8                dma1_channel7_isr
                0x080008d8                tim1_up_isr
                0x080008d8                can2_sce_isr
                0x080008d8                tim4_isr
                0x080008d8                dma1_channel2_isr
                0x080008d8                i2c1_er_isr
                0x080008d8                can_sce_isr
                0x080008d8                tim8_cc_isr
                0x080008d8                tamper_isr
                0x080008d8                eth_wkup_isr
                0x080008d8                bus_fault_handler
                0x080008d8                wwdg_isr
                0x080008d8                dma1_channel3_isr
                0x080008d8                spi3_isr
                0x080008d8                tim2_isr
                0x080008d8                exti0_isr
 .text.null_handler
                0x080008da        0x2 /embedded/arm-cortex/lib/libopencm3_stm32f1.a(vector.o)
                0x080008da                null_handler
                0x080008da                sv_call_handler
                0x080008da                pend_sv_handler
                0x080008da                debug_monitor_handler
                0x080008da                nmi_handler
 .text.reset_handler
                0x080008dc       0x80 /embedded/arm-cortex/lib/libopencm3_stm32f1.a(vector.o)
                0x080008dc                reset_handler
 .text.systick_set_reload
                0x0800095c       0x10 /embedded/arm-cortex/lib/libopencm3_stm32f1.a(systick.o)
                0x0800095c                systick_set_reload
 .text.systick_set_clocksource
                0x0800096c       0x18 /embedded/arm-cortex/lib/libopencm3_stm32f1.a(systick.o)
                0x0800096c                systick_set_clocksource
 .text.systick_interrupt_enable
                0x08000984       0x10 /embedded/arm-cortex/lib/libopencm3_stm32f1.a(systick.o)
                0x08000984                systick_interrupt_enable
 .text.systick_counter_enable
                0x08000994       0x10 /embedded/arm-cortex/lib/libopencm3_stm32f1.a(systick.o)
                0x08000994                systick_counter_enable
 .text.nvic_enable_irq
                0x080009a4       0x18 /embedded/arm-cortex/lib/libopencm3_stm32f1.a(nvic.o)
                0x080009a4                nvic_enable_irq
 .text.__errno  0x080009bc        0xc /embedded/arm-cortex/gcc-arm-none-eabi-4_9-2015q1/bin/../lib/gcc/arm-none-eabi/4.9.3/../../../../arm-none-eabi/lib/armv7-m/libc.a(lib_a-errno.o)
                0x080009bc                __errno
 .text.printf   0x080009c8       0x28 /embedded/arm-cortex/gcc-arm-none-eabi-4_9-2015q1/bin/../lib/gcc/arm-none-eabi/4.9.3/../../../../arm-none-eabi/lib/armv7-m/libc.a(lib_a-printf.o)
                0x080009c8                printf
 .text._vfprintf_r
                0x080009f0     0x1448 /embedded/arm-cortex/gcc-arm-none-eabi-4_9-2015q1/bin/../lib/gcc/arm-none-eabi/4.9.3/../../../../arm-none-eabi/lib/armv7-m/libc.a(lib_a-vfprintf.o)
                0x080009f0                _vfprintf_r
 .text.__sbprintf
                0x08001e38       0x7c /embedded/arm-cortex/gcc-arm-none-eabi-4_9-2015q1/bin/../lib/gcc/arm-none-eabi/4.9.3/../../../../arm-none-eabi/lib/armv7-m/libc.a(lib_a-vfprintf.o)
 .text.__swsetup_r
                0x08001eb4       0xc4 /embedded/arm-cortex/gcc-arm-none-eabi-4_9-2015q1/bin/../lib/gcc/arm-none-eabi/4.9.3/../../../../arm-none-eabi/lib/armv7-m/libc.a(lib_a-wsetup.o)
                0x08001eb4                __swsetup_r
 .text.quorem   0x08001f78      0x130 /embedded/arm-cortex/gcc-arm-none-eabi-4_9-2015q1/bin/../lib/gcc/arm-none-eabi/4.9.3/../../../../arm-none-eabi/lib/armv7-m/libc.a(lib_a-dtoa.o)
 .text._dtoa_r  0x080020a8      0xea8 /embedded/arm-cortex/gcc-arm-none-eabi-4_9-2015q1/bin/../lib/gcc/arm-none-eabi/4.9.3/../../../../arm-none-eabi/lib/armv7-m/libc.a(lib_a-dtoa.o)
                0x080020a8                _dtoa_r
 .text.__sflush_r
                0x08002f50      0x148 /embedded/arm-cortex/gcc-arm-none-eabi-4_9-2015q1/bin/../lib/gcc/arm-none-eabi/4.9.3/../../../../arm-none-eabi/lib/armv7-m/libc.a(lib_a-fflush.o)
                0x08002f50                __sflush_r
 .text._fflush_r
                0x08003098       0x2c /embedded/arm-cortex/gcc-arm-none-eabi-4_9-2015q1/bin/../lib/gcc/arm-none-eabi/4.9.3/../../../../arm-none-eabi/lib/armv7-m/libc.a(lib_a-fflush.o)
                0x08003098                _fflush_r
 .text._cleanup_r
                0x080030c4        0xc /embedded/arm-cortex/gcc-arm-none-eabi-4_9-2015q1/bin/../lib/gcc/arm-none-eabi/4.9.3/../../../../arm-none-eabi/lib/armv7-m/libc.a(lib_a-findfp.o)
                0x080030c4                _cleanup_r
 .text.__sinit.part.1
                0x080030d0       0xf0 /embedded/arm-cortex/gcc-arm-none-eabi-4_9-2015q1/bin/../lib/gcc/arm-none-eabi/4.9.3/../../../../arm-none-eabi/lib/armv7-m/libc.a(lib_a-findfp.o)
 .text.__sinit  0x080031c0        0xc /embedded/arm-cortex/gcc-arm-none-eabi-4_9-2015q1/bin/../lib/gcc/arm-none-eabi/4.9.3/../../../../arm-none-eabi/lib/armv7-m/libc.a(lib_a-findfp.o)
                0x080031c0                __sinit
 .text.__sfp_lock_acquire
                0x080031cc        0x4 /embedded/arm-cortex/gcc-arm-none-eabi-4_9-2015q1/bin/../lib/gcc/arm-none-eabi/4.9.3/../../../../arm-none-eabi/lib/armv7-m/libc.a(lib_a-findfp.o)
                0x080031cc                __sfp_lock_acquire
 .text.__sfp_lock_release
                0x080031d0        0x4 /embedded/arm-cortex/gcc-arm-none-eabi-4_9-2015q1/bin/../lib/gcc/arm-none-eabi/4.9.3/../../../../arm-none-eabi/lib/armv7-m/libc.a(lib_a-findfp.o)
                0x080031d0                __sfp_lock_release
 .text._malloc_trim_r
                0x080031d4       0x9c /embedded/arm-cortex/gcc-arm-none-eabi-4_9-2015q1/bin/../lib/gcc/arm-none-eabi/4.9.3/../../../../arm-none-eabi/lib/armv7-m/libc.a(lib_a-freer.o)
                0x080031d4                _malloc_trim_r
 .text._free_r  0x08003270      0x1b0 /embedded/arm-cortex/gcc-arm-none-eabi-4_9-2015q1/bin/../lib/gcc/arm-none-eabi/4.9.3/../../../../arm-none-eabi/lib/armv7-m/libc.a(lib_a-freer.o)
                0x08003270                _free_r
 .text._fwalk_reent
                0x08003420       0x50 /embedded/arm-cortex/gcc-arm-none-eabi-4_9-2015q1/bin/../lib/gcc/arm-none-eabi/4.9.3/../../../../arm-none-eabi/lib/armv7-m/libc.a(lib_a-fwalk.o)
                0x08003420                _fwalk_reent
 .text.__locale_charset
                0x08003470        0x8 /embedded/arm-cortex/gcc-arm-none-eabi-4_9-2015q1/bin/../lib/gcc/arm-none-eabi/4.9.3/../../../../arm-none-eabi/lib/armv7-m/libc.a(lib_a-locale.o)
                0x08003470                __locale_charset
 .text.__locale_mb_cur_max
                0x08003478        0xc /embedded/arm-cortex/gcc-arm-none-eabi-4_9-2015q1/bin/../lib/gcc/arm-none-eabi/4.9.3/../../../../arm-none-eabi/lib/armv7-m/libc.a(lib_a-locale.o)
                0x08003478                __locale_mb_cur_max
 .text._localeconv_r
                0x08003484        0x8 /embedded/arm-cortex/gcc-arm-none-eabi-4_9-2015q1/bin/../lib/gcc/arm-none-eabi/4.9.3/../../../../arm-none-eabi/lib/armv7-m/libc.a(lib_a-locale.o)
                0x08003484                _localeconv_r
 .text.__smakebuf_r
                0x0800348c       0xe0 /embedded/arm-cortex/gcc-arm-none-eabi-4_9-2015q1/bin/../lib/gcc/arm-none-eabi/4.9.3/../../../../arm-none-eabi/lib/armv7-m/libc.a(lib_a-makebuf.o)
                0x0800348c                __smakebuf_r
 .text._malloc_r
                0x0800356c      0x50c /embedded/arm-cortex/gcc-arm-none-eabi-4_9-2015q1/bin/../lib/gcc/arm-none-eabi/4.9.3/../../../../arm-none-eabi/lib/armv7-m/libc.a(lib_a-mallocr.o)
                0x0800356c                _malloc_r
 .text.memchr   0x08003a78       0x94 /embedded/arm-cortex/gcc-arm-none-eabi-4_9-2015q1/bin/../lib/gcc/arm-none-eabi/4.9.3/../../../../arm-none-eabi/lib/armv7-m/libc.a(lib_a-memchr.o)
                0x08003a78                memchr
 .text          0x08003b0c       0xec /embedded/arm-cortex/gcc-arm-none-eabi-4_9-2015q1/bin/../lib/gcc/arm-none-eabi/4.9.3/../../../../arm-none-eabi/lib/armv7-m/libc.a(lib_a-memcpy.o)
                0x08003b0c                memcpy
 .text.memset   0x08003bf8       0x9c /embedded/arm-cortex/gcc-arm-none-eabi-4_9-2015q1/bin/../lib/gcc/arm-none-eabi/4.9.3/../../../../arm-none-eabi/lib/armv7-m/libc.a(lib_a-memset.o)
                0x08003bf8                memset
 .text.__malloc_lock
                0x08003c94        0x4 /embedded/arm-cortex/gcc-arm-none-eabi-4_9-2015q1/bin/../lib/gcc/arm-none-eabi/4.9.3/../../../../arm-none-eabi/lib/armv7-m/libc.a(lib_a-mlock.o)
                0x08003c94                __malloc_lock
 .text.__malloc_unlock
                0x08003c98        0x4 /embedded/arm-cortex/gcc-arm-none-eabi-4_9-2015q1/bin/../lib/gcc/arm-none-eabi/4.9.3/../../../../arm-none-eabi/lib/armv7-m/libc.a(lib_a-mlock.o)
                0x08003c98                __malloc_unlock
 .text._Balloc  0x08003c9c       0x50 /embedded/arm-cortex/gcc-arm-none-eabi-4_9-2015q1/bin/../lib/gcc/arm-none-eabi/4.9.3/../../../../arm-none-eabi/lib/armv7-m/libc.a(lib_a-mprec.o)
                0x08003c9c                _Balloc
 .text._Bfree   0x08003cec       0x14 /embedded/arm-cortex/gcc-arm-none-eabi-4_9-2015q1/bin/../lib/gcc/arm-none-eabi/4.9.3/../../../../arm-none-eabi/lib/armv7-m/libc.a(lib_a-mprec.o)
                0x08003cec                _Bfree
 .text.__multadd
                0x08003d00       0x84 /embedded/arm-cortex/gcc-arm-none-eabi-4_9-2015q1/bin/../lib/gcc/arm-none-eabi/4.9.3/../../../../arm-none-eabi/lib/armv7-m/libc.a(lib_a-mprec.o)
                0x08003d00                __multadd
 .text.__hi0bits
                0x08003d84       0x40 /embedded/arm-cortex/gcc-arm-none-eabi-4_9-2015q1/bin/../lib/gcc/arm-none-eabi/4.9.3/../../../../arm-none-eabi/lib/armv7-m/libc.a(lib_a-mprec.o)
                0x08003d84                __hi0bits
 .text.__lo0bits
                0x08003dc4       0x5c /embedded/arm-cortex/gcc-arm-none-eabi-4_9-2015q1/bin/../lib/gcc/arm-none-eabi/4.9.3/../../../../arm-none-eabi/lib/armv7-m/libc.a(lib_a-mprec.o)
                0x08003dc4                __lo0bits
 .text.__i2b    0x08003e20       0x14 /embedded/arm-cortex/gcc-arm-none-eabi-4_9-2015q1/bin/../lib/gcc/arm-none-eabi/4.9.3/../../../../arm-none-eabi/lib/armv7-m/libc.a(lib_a-mprec.o)
                0x08003e20                __i2b
 .text.__multiply
                0x08003e34      0x140 /embedded/arm-cortex/gcc-arm-none-eabi-4_9-2015q1/bin/../lib/gcc/arm-none-eabi/4.9.3/../../../../arm-none-eabi/lib/armv7-m/libc.a(lib_a-mprec.o)
                0x08003e34                __multiply
 .text.__pow5mult
                0x08003f74       0xa0 /embedded/arm-cortex/gcc-arm-none-eabi-4_9-2015q1/bin/../lib/gcc/arm-none-eabi/4.9.3/../../../../arm-none-eabi/lib/armv7-m/libc.a(lib_a-mprec.o)
                0x08003f74                __pow5mult
 .text.__lshift
                0x08004014       0xb0 /embedded/arm-cortex/gcc-arm-none-eabi-4_9-2015q1/bin/../lib/gcc/arm-none-eabi/4.9.3/../../../../arm-none-eabi/lib/armv7-m/libc.a(lib_a-mprec.o)
                0x08004014                __lshift
 .text.__mcmp   0x080040c4       0x48 /embedded/arm-cortex/gcc-arm-none-eabi-4_9-2015q1/bin/../lib/gcc/arm-none-eabi/4.9.3/../../../../arm-none-eabi/lib/armv7-m/libc.a(lib_a-mprec.o)
                0x080040c4                __mcmp
 .text.__mdiff  0x0800410c       0xe4 /embedded/arm-cortex/gcc-arm-none-eabi-4_9-2015q1/bin/../lib/gcc/arm-none-eabi/4.9.3/../../../../arm-none-eabi/lib/armv7-m/libc.a(lib_a-mprec.o)
                0x0800410c                __mdiff
 .text.__d2b    0x080041f0       0xa8 /embedded/arm-cortex/gcc-arm-none-eabi-4_9-2015q1/bin/../lib/gcc/arm-none-eabi/4.9.3/../../../../arm-none-eabi/lib/armv7-m/libc.a(lib_a-mprec.o)
                0x080041f0                __d2b
 .text.__fpclassifyd
                0x08004298       0x58 /embedded/arm-cortex/gcc-arm-none-eabi-4_9-2015q1/bin/../lib/gcc/arm-none-eabi/4.9.3/../../../../arm-none-eabi/lib/armv7-m/libc.a(lib_a-s_fpclassify.o)
                0x08004298                __fpclassifyd
 .text._sbrk_r  0x080042f0       0x24 /embedded/arm-cortex/gcc-arm-none-eabi-4_9-2015q1/bin/../lib/gcc/arm-none-eabi/4.9.3/../../../../arm-none-eabi/lib/armv7-m/libc.a(lib_a-sbrkr.o)
                0x080042f0                _sbrk_r
 .text.__sread  0x08004314       0x24 /embedded/arm-cortex/gcc-arm-none-eabi-4_9-2015q1/bin/../lib/gcc/arm-none-eabi/4.9.3/../../../../arm-none-eabi/lib/armv7-m/libc.a(lib_a-stdio.o)
                0x08004314                __sread
 .text.__swrite
                0x08004338       0x38 /embedded/arm-cortex/gcc-arm-none-eabi-4_9-2015q1/bin/../lib/gcc/arm-none-eabi/4.9.3/../../../../arm-none-eabi/lib/armv7-m/libc.a(lib_a-stdio.o)
                0x08004338                __swrite
 .text.__sseek  0x08004370       0x20 /embedded/arm-cortex/gcc-arm-none-eabi-4_9-2015q1/bin/../lib/gcc/arm-none-eabi/4.9.3/../../../../arm-none-eabi/lib/armv7-m/libc.a(lib_a-stdio.o)
                0x08004370                __sseek
 .text.__sclose
                0x08004390        0x8 /embedded/arm-cortex/gcc-arm-none-eabi-4_9-2015q1/bin/../lib/gcc/arm-none-eabi/4.9.3/../../../../arm-none-eabi/lib/armv7-m/libc.a(lib_a-stdio.o)
                0x08004390                __sclose
 .text.strlen   0x08004398       0x5c /embedded/arm-cortex/gcc-arm-none-eabi-4_9-2015q1/bin/../lib/gcc/arm-none-eabi/4.9.3/../../../../arm-none-eabi/lib/armv7-m/libc.a(lib_a-strlen.o)
                0x08004398                strlen
 .text.__sprint_r.part.0
                0x080043f4       0x78 /embedded/arm-cortex/gcc-arm-none-eabi-4_9-2015q1/bin/../lib/gcc/arm-none-eabi/4.9.3/../../../../arm-none-eabi/lib/armv7-m/libc.a(lib_a-vfiprintf.o)
 .text.__sprint_r
                0x0800446c       0x18 /embedded/arm-cortex/gcc-arm-none-eabi-4_9-2015q1/bin/../lib/gcc/arm-none-eabi/4.9.3/../../../../arm-none-eabi/lib/armv7-m/libc.a(lib_a-vfiprintf.o)
                0x0800446c                __sprint_r
 .text._write_r
                0x08004484       0x28 /embedded/arm-cortex/gcc-arm-none-eabi-4_9-2015q1/bin/../lib/gcc/arm-none-eabi/4.9.3/../../../../arm-none-eabi/lib/armv7-m/libc.a(lib_a-writer.o)
                0x08004484                _write_r
 .text._calloc_r
                0x080044ac       0x60 /embedded/arm-cortex/gcc-arm-none-eabi-4_9-2015q1/bin/../lib/gcc/arm-none-eabi/4.9.3/../../../../arm-none-eabi/lib/armv7-m/libc.a(lib_a-callocr.o)
                0x080044ac                _calloc_r
 .text._close_r
                0x0800450c       0x24 /embedded/arm-cortex/gcc-arm-none-eabi-4_9-2015q1/bin/../lib/gcc/arm-none-eabi/4.9.3/../../../../arm-none-eabi/lib/armv7-m/libc.a(lib_a-closer.o)
                0x0800450c                _close_r
 .text._fclose_r
                0x08004530       0x84 /embedded/arm-cortex/gcc-arm-none-eabi-4_9-2015q1/bin/../lib/gcc/arm-none-eabi/4.9.3/../../../../arm-none-eabi/lib/armv7-m/libc.a(lib_a-fclose.o)
                0x08004530                _fclose_r
 .text.__fputwc
                0x080045b4       0xb0 /embedded/arm-cortex/gcc-arm-none-eabi-4_9-2015q1/bin/../lib/gcc/arm-none-eabi/4.9.3/../../../../arm-none-eabi/lib/armv7-m/libc.a(lib_a-fputwc.o)
                0x080045b4                __fputwc
 .text._fputwc_r
                0x08004664       0x24 /embedded/arm-cortex/gcc-arm-none-eabi-4_9-2015q1/bin/../lib/gcc/arm-none-eabi/4.9.3/../../../../arm-none-eabi/lib/armv7-m/libc.a(lib_a-fputwc.o)
                0x08004664                _fputwc_r
 .text._fstat_r
                0x08004688       0x28 /embedded/arm-cortex/gcc-arm-none-eabi-4_9-2015q1/bin/../lib/gcc/arm-none-eabi/4.9.3/../../../../arm-none-eabi/lib/armv7-m/libc.a(lib_a-fstatr.o)
                0x08004688                _fstat_r
 .text.__sfvwrite_r
                0x080046b0      0x320 /embedded/arm-cortex/gcc-arm-none-eabi-4_9-2015q1/bin/../lib/gcc/arm-none-eabi/4.9.3/../../../../arm-none-eabi/lib/armv7-m/libc.a(lib_a-fvwrite.o)
                0x080046b0                __sfvwrite_r
 .text._isatty_r
                0x080049d0       0x24 /embedded/arm-cortex/gcc-arm-none-eabi-4_9-2015q1/bin/../lib/gcc/arm-none-eabi/4.9.3/../../../../arm-none-eabi/lib/armv7-m/libc.a(lib_a-isattyr.o)
                0x080049d0                _isatty_r
 .text._lseek_r
                0x080049f4       0x28 /embedded/arm-cortex/gcc-arm-none-eabi-4_9-2015q1/bin/../lib/gcc/arm-none-eabi/4.9.3/../../../../arm-none-eabi/lib/armv7-m/libc.a(lib_a-lseekr.o)
                0x080049f4                _lseek_r
 .text.memmove  0x08004a1c       0xc8 /embedded/arm-cortex/gcc-arm-none-eabi-4_9-2015q1/bin/../lib/gcc/arm-none-eabi/4.9.3/../../../../arm-none-eabi/lib/armv7-m/libc.a(lib_a-memmove.o)
                0x08004a1c                memmove
 .text._read_r  0x08004ae4       0x28 /embedded/arm-cortex/gcc-arm-none-eabi-4_9-2015q1/bin/../lib/gcc/arm-none-eabi/4.9.3/../../../../arm-none-eabi/lib/armv7-m/libc.a(lib_a-readr.o)
                0x08004ae4                _read_r
 .text._realloc_r
                0x08004b0c      0x3e0 /embedded/arm-cortex/gcc-arm-none-eabi-4_9-2015q1/bin/../lib/gcc/arm-none-eabi/4.9.3/../../../../arm-none-eabi/lib/armv7-m/libc.a(lib_a-reallocr.o)
                0x08004b0c                _realloc_r
 .text.__swbuf_r
                0x08004eec       0xa8 /embedded/arm-cortex/gcc-arm-none-eabi-4_9-2015q1/bin/../lib/gcc/arm-none-eabi/4.9.3/../../../../arm-none-eabi/lib/armv7-m/libc.a(lib_a-wbuf.o)
                0x08004eec                __swbuf_r
 .text._wcrtomb_r
                0x08004f94       0x54 /embedded/arm-cortex/gcc-arm-none-eabi-4_9-2015q1/bin/../lib/gcc/arm-none-eabi/4.9.3/../../../../arm-none-eabi/lib/armv7-m/libc.a(lib_a-wcrtomb.o)
                0x08004f94                _wcrtomb_r
 .text.__ascii_wctomb
                0x08004fe8       0x1c /embedded/arm-cortex/gcc-arm-none-eabi-4_9-2015q1/bin/../lib/gcc/arm-none-eabi/4.9.3/../../../../arm-none-eabi/lib/armv7-m/libc.a(lib_a-wctomb_r.o)
                0x08004fe8                __ascii_wctomb
 .text          0x08005004      0x370 /embedded/arm-cortex/gcc-arm-none-eabi-4_9-2015q1/bin/../lib/gcc/arm-none-eabi/4.9.3/armv7-m/libgcc.a(_arm_addsubdf3.o)
                0x08005004                __aeabi_drsub
                0x0800500c                __aeabi_dsub
                0x0800500c                __subdf3
                0x08005010                __adddf3
                0x08005010                __aeabi_dadd
                0x08005288                __aeabi_ui2d
                0x08005288                __floatunsidf
                0x080052a8                __floatsidf
                0x080052a8                __aeabi_i2d
                0x080052cc                __extendsfdf2
                0x080052cc                __aeabi_f2d
                0x08005308                __aeabi_ul2d
                0x08005308                __floatundidf
                0x08005318                __floatdidf
                0x08005318                __aeabi_l2d
 .text          0x08005374      0x424 /embedded/arm-cortex/gcc-arm-none-eabi-4_9-2015q1/bin/../lib/gcc/arm-none-eabi/4.9.3/armv7-m/libgcc.a(_arm_muldivdf3.o)
                0x08005374                __aeabi_dmul
                0x08005374                __muldf3
                0x080055c8                __aeabi_ddiv
                0x080055c8                __divdf3
 .text          0x08005798      0x110 /embedded/arm-cortex/gcc-arm-none-eabi-4_9-2015q1/bin/../lib/gcc/arm-none-eabi/4.9.3/armv7-m/libgcc.a(_arm_cmpdf2.o)
                0x08005798                __gtdf2
                0x08005798                __gedf2
                0x080057a0                __ltdf2
                0x080057a0                __ledf2
                0x080057a8                __cmpdf2
                0x080057a8                __eqdf2
                0x080057a8                __nedf2
                0x08005824                __aeabi_cdrcmple
                0x08005834                __aeabi_cdcmple
                0x08005834                __aeabi_cdcmpeq
                0x08005844                __aeabi_dcmpeq
                0x08005858                __aeabi_dcmplt
                0x0800586c                __aeabi_dcmple
                0x08005880                __aeabi_dcmpge
                0x08005894                __aeabi_dcmpgt
 .text          0x080058a8       0x50 /embedded/arm-cortex/gcc-arm-none-eabi-4_9-2015q1/bin/../lib/gcc/arm-none-eabi/4.9.3/armv7-m/libgcc.a(_arm_fixdfsi.o)
                0x080058a8                __fixdfsi
                0x080058a8                __aeabi_d2iz
 .text          0x080058f8       0x30 /embedded/arm-cortex/gcc-arm-none-eabi-4_9-2015q1/bin/../lib/gcc/arm-none-eabi/4.9.3/armv7-m/libgcc.a(_aeabi_uldivmod.o)
                0x080058f8                __aeabi_uldivmod
 .text          0x08005928       0x60 /embedded/arm-cortex/gcc-arm-none-eabi-4_9-2015q1/bin/../lib/gcc/arm-none-eabi/4.9.3/armv7-m/libgcc.a(bpabi.o)
                0x08005928                __gnu_ldivmod_helper
                0x08005958                __gnu_uldivmod_helper
 .text          0x08005988        0x4 /embedded/arm-cortex/gcc-arm-none-eabi-4_9-2015q1/bin/../lib/gcc/arm-none-eabi/4.9.3/armv7-m/libgcc.a(_dvmd_tls.o)
                0x08005988                __aeabi_ldiv0
                0x08005988                __aeabi_idiv0
 .text          0x0800598c      0x2ac /embedded/arm-cortex/gcc-arm-none-eabi-4_9-2015q1/bin/../lib/gcc/arm-none-eabi/4.9.3/armv7-m/libgcc.a(_divdi3.o)
                0x0800598c                __divdi3
 .text          0x08005c38      0x270 /embedded/arm-cortex/gcc-arm-none-eabi-4_9-2015q1/bin/../lib/gcc/arm-none-eabi/4.9.3/armv7-m/libgcc.a(_udivdi3.o)
                0x08005c38                __udivdi3
 .text._close   0x08005ea8       0x10 /embedded/arm-cortex/gcc-arm-none-eabi-4_9-2015q1/bin/../lib/gcc/arm-none-eabi/4.9.3/../../../../arm-none-eabi/lib/armv7-m/libnosys.a(close.o)
                0x08005ea8                _close
 .text._fstat   0x08005eb8       0x10 /embedded/arm-cortex/gcc-arm-none-eabi-4_9-2015q1/bin/../lib/gcc/arm-none-eabi/4.9.3/../../../../arm-none-eabi/lib/armv7-m/libnosys.a(fstat.o)
                0x08005eb8                _fstat
 .text._isatty  0x08005ec8       0x10 /embedded/arm-cortex/gcc-arm-none-eabi-4_9-2015q1/bin/../lib/gcc/arm-none-eabi/4.9.3/../../../../arm-none-eabi/lib/armv7-m/libnosys.a(isatty.o)
                0x08005ec8                _isatty
 .text._lseek   0x08005ed8       0x10 /embedded/arm-cortex/gcc-arm-none-eabi-4_9-2015q1/bin/../lib/gcc/arm-none-eabi/4.9.3/../../../../arm-none-eabi/lib/armv7-m/libnosys.a(lseek.o)
                0x08005ed8                _lseek
 .text._read    0x08005ee8       0x10 /embedded/arm-cortex/gcc-arm-none-eabi-4_9-2015q1/bin/../lib/gcc/arm-none-eabi/4.9.3/../../../../arm-none-eabi/lib/armv7-m/libnosys.a(read.o)
                0x08005ee8                _read
 .text._sbrk    0x08005ef8       0x1c /embedded/arm-cortex/gcc-arm-none-eabi-4_9-2015q1/bin/../lib/gcc/arm-none-eabi/4.9.3/../../../../arm-none-eabi/lib/armv7-m/libnosys.a(sbrk.o)
                0x08005ef8                _sbrk
                0x08005f14                . = ALIGN (0x4)
 *(.rodata*)
 .rodata.str1.1
                0x08005f14        0xb latency-tester.o
 *fill*         0x08005f1f        0x1 
 .rodata.str1.4
                0x08005f20        0x2 /embedded/arm-cortex/gcc-arm-none-eabi-4_9-2015q1/bin/../lib/gcc/arm-none-eabi/4.9.3/../../../../arm-none-eabi/lib/armv7-m/libc.a(lib_a-impure.o)
                                  0x4 (size before relaxing)
 *fill*         0x08005f22        0x2 
 .rodata.zeroes.6931
                0x08005f24       0x10 /embedded/arm-cortex/gcc-arm-none-eabi-4_9-2015q1/bin/../lib/gcc/arm-none-eabi/4.9.3/../../../../arm-none-eabi/lib/armv7-m/libc.a(lib_a-vfprintf.o)
 .rodata.str1.4
                0x08005f34       0x42 /embedded/arm-cortex/gcc-arm-none-eabi-4_9-2015q1/bin/../lib/gcc/arm-none-eabi/4.9.3/../../../../arm-none-eabi/lib/armv7-m/libc.a(lib_a-vfprintf.o)
                                 0x44 (size before relaxing)
 *fill*         0x08005f76        0x2 
 .rodata.blanks.6930
                0x08005f78       0x10 /embedded/arm-cortex/gcc-arm-none-eabi-4_9-2015q1/bin/../lib/gcc/arm-none-eabi/4.9.3/../../../../arm-none-eabi/lib/armv7-m/libc.a(lib_a-vfprintf.o)
 .rodata.str1.4
                0x08005f88       0x10 /embedded/arm-cortex/gcc-arm-none-eabi-4_9-2015q1/bin/../lib/gcc/arm-none-eabi/4.9.3/../../../../arm-none-eabi/lib/armv7-m/libc.a(lib_a-dtoa.o)
                                 0x14 (size before relaxing)
 .rodata.str1.4
                0x08005f98        0xc /embedded/arm-cortex/gcc-arm-none-eabi-4_9-2015q1/bin/../lib/gcc/arm-none-eabi/4.9.3/../../../../arm-none-eabi/lib/armv7-m/libc.a(lib_a-locale.o)
                                 0x14 (size before relaxing)
 .rodata.p05.5296
                0x08005fa4        0xc /embedded/arm-cortex/gcc-arm-none-eabi-4_9-2015q1/bin/../lib/gcc/arm-none-eabi/4.9.3/../../../../arm-none-eabi/lib/armv7-m/libc.a(lib_a-mprec.o)
 .rodata.__mprec_tens
                0x08005fb0       0xc8 /embedded/arm-cortex/gcc-arm-none-eabi-4_9-2015q1/bin/../lib/gcc/arm-none-eabi/4.9.3/../../../../arm-none-eabi/lib/armv7-m/libc.a(lib_a-mprec.o)
                0x08005fb0                __mprec_tens
 .rodata.__mprec_bigtens
                0x08006078       0x28 /embedded/arm-cortex/gcc-arm-none-eabi-4_9-2015q1/bin/../lib/gcc/arm-none-eabi/4.9.3/../../../../arm-none-eabi/lib/armv7-m/libc.a(lib_a-mprec.o)
                0x08006078                __mprec_bigtens
                0x080060a0                . = ALIGN (0x4)

.glue_7         0x080060a0        0x0
 .glue_7        0x00000000        0x0 linker stubs

.glue_7t        0x080060a0        0x0
 .glue_7t       0x00000000        0x0 linker stubs

.vfp11_veneer   0x080060a0        0x0
 .vfp11_veneer  0x00000000        0x0 linker stubs

.v4_bx          0x080060a0        0x0
 .v4_bx         0x00000000        0x0 linker stubs

.iplt           0x080060a0        0x0
 .iplt          0x00000000        0x0 latency-tester.o

.preinit_array  0x080060a0        0x0
                0x080060a0                . = ALIGN (0x4)
                0x080060a0                __preinit_array_start = .
 *(.preinit_array)
                0x080060a0                __preinit_array_end = .

.init_array     0x080060a0        0x0
                0x080060a0                . = ALIGN (0x4)
                0x080060a0                __init_array_start = .
 *(SORT(.init_array.*))
 *(.init_array)
                0x080060a0                __init_array_end = .

.fini_array     0x080060a0        0x0
                0x080060a0                . = ALIGN (0x4)
                0x080060a0                __fini_array_start = .
 *(.fini_array)
 *(SORT(.fini_array.*))
                0x080060a0                __fini_array_end = .

.ARM.extab
 *(.ARM.extab*)

.ARM.exidx      0x080060a0        0x8
                0x080060a0                __exidx_start = .
 *(.ARM.exidx*)
 .ARM.exidx     0x080060a0        0x8 /embedded/arm-cortex/gcc-arm-none-eabi-4_9-2015q1/bin/../lib/gcc/arm-none-eabi/4.9.3/armv7-m/libgcc.a(_divdi3.o)
 .ARM.exidx     0x080060a8        0x0 /embedded/arm-cortex/gcc-arm-none-eabi-4_9-2015q1/bin/../lib/gcc/arm-none-eabi/4.9.3/armv7-m/libgcc.a(_udivdi3.o)
                                  0x8 (size before relaxing)
                0x080060a8                __exidx_end = .

.rel.dyn        0x080060a8        0x0
 .rel.iplt      0x00000000        0x0 latency-tester.o
                0x080060a8                . = ALIGN (0x4)
                0x080060a8                _etext = .

.data           0x20000000      0x8ac load address 0x080060a8
                0x20000000                _data = .
 *(.data*)
 .data.rcc_ahb_frequency
                0x20000000        0x4 /embedded/arm-cortex/lib/libopencm3_stm32f1.a(rcc.o)
                0x20000000                rcc_ahb_frequency
 .data.rcc_apb1_frequency
                0x20000004        0x4 /embedded/arm-cortex/lib/libopencm3_stm32f1.a(rcc.o)
                0x20000004                rcc_apb1_frequency
 .data.rcc_apb2_frequency
                0x20000008        0x4 /embedded/arm-cortex/lib/libopencm3_stm32f1.a(rcc.o)
                0x20000008                rcc_apb2_frequency
 *fill*         0x2000000c        0x4 
 .data.impure_data
                0x20000010      0x428 /embedded/arm-cortex/gcc-arm-none-eabi-4_9-2015q1/bin/../lib/gcc/arm-none-eabi/4.9.3/../../../../arm-none-eabi/lib/armv7-m/libc.a(lib_a-impure.o)
 .data._impure_ptr
                0x20000438        0x4 /embedded/arm-cortex/gcc-arm-none-eabi-4_9-2015q1/bin/../lib/gcc/arm-none-eabi/4.9.3/../../../../arm-none-eabi/lib/armv7-m/libc.a(lib_a-impure.o)
                0x20000438                _impure_ptr
 .data.lconv    0x2000043c       0x38 /embedded/arm-cortex/gcc-arm-none-eabi-4_9-2015q1/bin/../lib/gcc/arm-none-eabi/4.9.3/../../../../arm-none-eabi/lib/armv7-m/libc.a(lib_a-locale.o)
 .data.lc_ctype_charset
                0x20000474       0x20 /embedded/arm-cortex/gcc-arm-none-eabi-4_9-2015q1/bin/../lib/gcc/arm-none-eabi/4.9.3/../../../../arm-none-eabi/lib/armv7-m/libc.a(lib_a-locale.o)
 .data.__mb_cur_max
                0x20000494        0x4 /embedded/arm-cortex/gcc-arm-none-eabi-4_9-2015q1/bin/../lib/gcc/arm-none-eabi/4.9.3/../../../../arm-none-eabi/lib/armv7-m/libc.a(lib_a-locale.o)
                0x20000494                __mb_cur_max
 .data.__malloc_av_
                0x20000498      0x408 /embedded/arm-cortex/gcc-arm-none-eabi-4_9-2015q1/bin/../lib/gcc/arm-none-eabi/4.9.3/../../../../arm-none-eabi/lib/armv7-m/libc.a(lib_a-mallocr.o)
                0x20000498                __malloc_av_
 .data.__malloc_trim_threshold
                0x200008a0        0x4 /embedded/arm-cortex/gcc-arm-none-eabi-4_9-2015q1/bin/../lib/gcc/arm-none-eabi/4.9.3/../../../../arm-none-eabi/lib/armv7-m/libc.a(lib_a-mallocr.o)
                0x200008a0                __malloc_trim_threshold
 .data.__malloc_sbrk_base
                0x200008a4        0x4 /embedded/arm-cortex/gcc-arm-none-eabi-4_9-2015q1/bin/../lib/gcc/arm-none-eabi/4.9.3/../../../../arm-none-eabi/lib/armv7-m/libc.a(lib_a-mallocr.o)
                0x200008a4                __malloc_sbrk_base
 .data.__wctomb
                0x200008a8        0x4 /embedded/arm-cortex/gcc-arm-none-eabi-4_9-2015q1/bin/../lib/gcc/arm-none-eabi/4.9.3/../../../../arm-none-eabi/lib/armv7-m/libc.a(lib_a-wctomb_r.o)
                0x200008a8                __wctomb
                0x200008ac                . = ALIGN (0x4)
                0x200008ac                _edata = .
                0x080060a8                _data_loadaddr = LOADADDR (.data)

.igot.plt       0x200008ac        0x0 load address 0x08006954
 .igot.plt      0x00000000        0x0 latency-tester.o

.bss            0x200008ac       0x4c load address 0x08006954
 *(.bss*)
 .bss.systick_counter_ms
                0x200008ac        0x4 latency-tester.o
 .bss.latency_max
                0x200008b0        0x4 latency-tester.o
                0x200008b0                latency_max
 .bss.last_value.6026
                0x200008b4        0x4 latency-tester.o
 .bss.latency   0x200008b8        0x4 latency-tester.o
                0x200008b8                latency
 .bss.__malloc_max_total_mem
                0x200008bc        0x4 /embedded/arm-cortex/gcc-arm-none-eabi-4_9-2015q1/bin/../lib/gcc/arm-none-eabi/4.9.3/../../../../arm-none-eabi/lib/armv7-m/libc.a(lib_a-mallocr.o)
                0x200008bc                __malloc_max_total_mem
 .bss.__malloc_max_sbrked_mem
                0x200008c0        0x4 /embedded/arm-cortex/gcc-arm-none-eabi-4_9-2015q1/bin/../lib/gcc/arm-none-eabi/4.9.3/../../../../arm-none-eabi/lib/armv7-m/libc.a(lib_a-mallocr.o)
                0x200008c0                __malloc_max_sbrked_mem
 .bss.__malloc_top_pad
                0x200008c4        0x4 /embedded/arm-cortex/gcc-arm-none-eabi-4_9-2015q1/bin/../lib/gcc/arm-none-eabi/4.9.3/../../../../arm-none-eabi/lib/armv7-m/libc.a(lib_a-mallocr.o)
                0x200008c4                __malloc_top_pad
 .bss.__malloc_current_mallinfo
                0x200008c8       0x28 /embedded/arm-cortex/gcc-arm-none-eabi-4_9-2015q1/bin/../lib/gcc/arm-none-eabi/4.9.3/../../../../arm-none-eabi/lib/armv7-m/libc.a(lib_a-mallocr.o)
                0x200008c8                __malloc_current_mallinfo
 .bss.heap_end.4079
                0x200008f0        0x4 /embedded/arm-cortex/gcc-arm-none-eabi-4_9-2015q1/bin/../lib/gcc/arm-none-eabi/4.9.3/../../../../arm-none-eabi/lib/armv7-m/libnosys.a(sbrk.o)
 *(COMMON)
 COMMON         0x200008f4        0x4 /embedded/arm-cortex/gcc-arm-none-eabi-4_9-2015q1/bin/../lib/gcc/arm-none-eabi/4.9.3/../../../../arm-none-eabi/lib/armv7-m/libc.a(lib_a-reent.o)
                0x200008f4                errno
                0x200008f8                . = ALIGN (0x4)
                0x200008f8                _ebss = .

/DISCARD/
 *(.eh_frame)
                0x200008f8                . = ALIGN (0x4)
                0x200008f8                end = .
                0x20005000                PROVIDE (_stack, (ORIGIN (ram) + 0x5000))
OUTPUT(latency-tester.elf elf32-littlearm)

.debug_info     0x00000000     0x4a47
 .debug_info    0x00000000      0xe0e latency-tester.o
 .debug_info    0x00000e0e      0x1d0 /embedded/arm-cortex/lib/libopencm3_stm32f1.a(gpio.o)
 .debug_info    0x00000fde     0x1085 /embedded/arm-cortex/lib/libopencm3_stm32f1.a(rcc.o)
 .debug_info    0x00002063      0x101 /embedded/arm-cortex/lib/libopencm3_stm32f1.a(timer.o)
 .debug_info    0x00002164      0x22c /embedded/arm-cortex/lib/libopencm3_stm32f1.a(gpio_common_all.o)
 .debug_info    0x00002390     0x1181 /embedded/arm-cortex/lib/libopencm3_stm32f1.a(timer_common_all.o)
 .debug_info    0x00003511      0x4cf /embedded/arm-cortex/lib/libopencm3_stm32f1.a(usart_common_all.o)
 .debug_info    0x000039e0      0x1bb /embedded/arm-cortex/lib/libopencm3_stm32f1.a(usart_common_f124.o)
 .debug_info    0x00003b9b      0x53a /embedded/arm-cortex/lib/libopencm3_stm32f1.a(rcc_common_all.o)
 .debug_info    0x000040d5      0x27f /embedded/arm-cortex/lib/libopencm3_stm32f1.a(flash_common_f01.o)
 .debug_info    0x00004354      0x28a /embedded/arm-cortex/lib/libopencm3_stm32f1.a(vector.o)
 .debug_info    0x000045de      0x255 /embedded/arm-cortex/lib/libopencm3_stm32f1.a(systick.o)
 .debug_info    0x00004833      0x214 /embedded/arm-cortex/lib/libopencm3_stm32f1.a(nvic.o)

.debug_abbrev   0x00000000      0xed5
 .debug_abbrev  0x00000000      0x223 latency-tester.o
 .debug_abbrev  0x00000223       0xb7 /embedded/arm-cortex/lib/libopencm3_stm32f1.a(gpio.o)
 .debug_abbrev  0x000002da      0x260 /embedded/arm-cortex/lib/libopencm3_stm32f1.a(rcc.o)
 .debug_abbrev  0x0000053a       0x97 /embedded/arm-cortex/lib/libopencm3_stm32f1.a(timer.o)
 .debug_abbrev  0x000005d1      0x10e /embedded/arm-cortex/lib/libopencm3_stm32f1.a(gpio_common_all.o)
 .debug_abbrev  0x000006df      0x15c /embedded/arm-cortex/lib/libopencm3_stm32f1.a(timer_common_all.o)
 .debug_abbrev  0x0000083b      0x12b /embedded/arm-cortex/lib/libopencm3_stm32f1.a(usart_common_all.o)
 .debug_abbrev  0x00000966       0xb7 /embedded/arm-cortex/lib/libopencm3_stm32f1.a(usart_common_f124.o)
 .debug_abbrev  0x00000a1d       0xc1 /embedded/arm-cortex/lib/libopencm3_stm32f1.a(rcc_common_all.o)
 .debug_abbrev  0x00000ade       0xe7 /embedded/arm-cortex/lib/libopencm3_stm32f1.a(flash_common_f01.o)
 .debug_abbrev  0x00000bc5      0x138 /embedded/arm-cortex/lib/libopencm3_stm32f1.a(vector.o)
 .debug_abbrev  0x00000cfd      0x132 /embedded/arm-cortex/lib/libopencm3_stm32f1.a(systick.o)
 .debug_abbrev  0x00000e2f       0xa6 /embedded/arm-cortex/lib/libopencm3_stm32f1.a(nvic.o)

.debug_loc      0x00000000     0x13dc
 .debug_loc     0x00000000      0x134 latency-tester.o
 .debug_loc     0x00000134      0x179 /embedded/arm-cortex/lib/libopencm3_stm32f1.a(gpio.o)
 .debug_loc     0x000002ad      0x2da /embedded/arm-cortex/lib/libopencm3_stm32f1.a(rcc.o)
 .debug_loc     0x00000587       0x5b /embedded/arm-cortex/lib/libopencm3_stm32f1.a(timer.o)
 .debug_loc     0x000005e2       0x84 /embedded/arm-cortex/lib/libopencm3_stm32f1.a(gpio_common_all.o)
 .debug_loc     0x00000666      0x554 /embedded/arm-cortex/lib/libopencm3_stm32f1.a(timer_common_all.o)
 .debug_loc     0x00000bba      0x1ca /embedded/arm-cortex/lib/libopencm3_stm32f1.a(usart_common_all.o)
 .debug_loc     0x00000d84       0xd4 /embedded/arm-cortex/lib/libopencm3_stm32f1.a(usart_common_f124.o)
 .debug_loc     0x00000e58      0x14a /embedded/arm-cortex/lib/libopencm3_stm32f1.a(rcc_common_all.o)
 .debug_loc     0x00000fa2       0xd3 /embedded/arm-cortex/lib/libopencm3_stm32f1.a(flash_common_f01.o)
 .debug_loc     0x00001075       0xac /embedded/arm-cortex/lib/libopencm3_stm32f1.a(vector.o)
 .debug_loc     0x00001121      0x192 /embedded/arm-cortex/lib/libopencm3_stm32f1.a(systick.o)
 .debug_loc     0x000012b3      0x129 /embedded/arm-cortex/lib/libopencm3_stm32f1.a(nvic.o)

.debug_aranges  0x00000000      0x798
 .debug_aranges
                0x00000000       0x38 latency-tester.o
 .debug_aranges
                0x00000038       0x38 /embedded/arm-cortex/lib/libopencm3_stm32f1.a(gpio.o)
 .debug_aranges
                0x00000070      0x148 /embedded/arm-cortex/lib/libopencm3_stm32f1.a(rcc.o)
 .debug_aranges
                0x000001b8       0x20 /embedded/arm-cortex/lib/libopencm3_stm32f1.a(timer.o)
 .debug_aranges
                0x000001d8       0x50 /embedded/arm-cortex/lib/libopencm3_stm32f1.a(gpio_common_all.o)
 .debug_aranges
                0x00000228      0x278 /embedded/arm-cortex/lib/libopencm3_stm32f1.a(timer_common_all.o)
 .debug_aranges
                0x000004a0       0xb8 /embedded/arm-cortex/lib/libopencm3_stm32f1.a(usart_common_all.o)
 .debug_aranges
                0x00000558       0x48 /embedded/arm-cortex/lib/libopencm3_stm32f1.a(usart_common_f124.o)
 .debug_aranges
                0x000005a0       0x68 /embedded/arm-cortex/lib/libopencm3_stm32f1.a(rcc_common_all.o)
 .debug_aranges
                0x00000608       0x88 /embedded/arm-cortex/lib/libopencm3_stm32f1.a(flash_common_f01.o)
 .debug_aranges
                0x00000690       0x30 /embedded/arm-cortex/lib/libopencm3_stm32f1.a(vector.o)
 .debug_aranges
                0x000006c0       0x78 /embedded/arm-cortex/lib/libopencm3_stm32f1.a(systick.o)
 .debug_aranges
                0x00000738       0x60 /embedded/arm-cortex/lib/libopencm3_stm32f1.a(nvic.o)

.debug_ranges   0x00000000      0x740
 .debug_ranges  0x00000000       0x40 latency-tester.o
 .debug_ranges  0x00000040       0x28 /embedded/arm-cortex/lib/libopencm3_stm32f1.a(gpio.o)
 .debug_ranges  0x00000068      0x198 /embedded/arm-cortex/lib/libopencm3_stm32f1.a(rcc.o)
 .debug_ranges  0x00000200       0x10 /embedded/arm-cortex/lib/libopencm3_stm32f1.a(timer.o)
 .debug_ranges  0x00000210       0x40 /embedded/arm-cortex/lib/libopencm3_stm32f1.a(gpio_common_all.o)
 .debug_ranges  0x00000250      0x268 /embedded/arm-cortex/lib/libopencm3_stm32f1.a(timer_common_all.o)
 .debug_ranges  0x000004b8       0xa8 /embedded/arm-cortex/lib/libopencm3_stm32f1.a(usart_common_all.o)
 .debug_ranges  0x00000560       0x38 /embedded/arm-cortex/lib/libopencm3_stm32f1.a(usart_common_f124.o)
 .debug_ranges  0x00000598       0x58 /embedded/arm-cortex/lib/libopencm3_stm32f1.a(rcc_common_all.o)
 .debug_ranges  0x000005f0       0x78 /embedded/arm-cortex/lib/libopencm3_stm32f1.a(flash_common_f01.o)
 .debug_ranges  0x00000668       0x20 /embedded/arm-cortex/lib/libopencm3_stm32f1.a(vector.o)
 .debug_ranges  0x00000688       0x68 /embedded/arm-cortex/lib/libopencm3_stm32f1.a(systick.o)
 .debug_ranges  0x000006f0       0x50 /embedded/arm-cortex/lib/libopencm3_stm32f1.a(nvic.o)

.debug_line     0x00000000     0x34a6
 .debug_line    0x00000000      0x326 latency-tester.o
 .debug_line    0x00000326      0x302 /embedded/arm-cortex/lib/libopencm3_stm32f1.a(gpio.o)
 .debug_line    0x00000628      0x66c /embedded/arm-cortex/lib/libopencm3_stm32f1.a(rcc.o)
 .debug_line    0x00000c94      0x2bd /embedded/arm-cortex/lib/libopencm3_stm32f1.a(timer.o)
 .debug_line    0x00000f51      0x33c /embedded/arm-cortex/lib/libopencm3_stm32f1.a(gpio_common_all.o)
 .debug_line    0x0000128d      0x9c7 /embedded/arm-cortex/lib/libopencm3_stm32f1.a(timer_common_all.o)
 .debug_line    0x00001c54      0x472 /embedded/arm-cortex/lib/libopencm3_stm32f1.a(usart_common_all.o)
 .debug_line    0x000020c6      0x382 /embedded/arm-cortex/lib/libopencm3_stm32f1.a(usart_common_f124.o)
 .debug_line    0x00002448      0x361 /embedded/arm-cortex/lib/libopencm3_stm32f1.a(rcc_common_all.o)
 .debug_line    0x000027a9      0x3c7 /embedded/arm-cortex/lib/libopencm3_stm32f1.a(flash_common_f01.o)
 .debug_line    0x00002b70      0x33f /embedded/arm-cortex/lib/libopencm3_stm32f1.a(vector.o)
 .debug_line    0x00002eaf      0x2eb /embedded/arm-cortex/lib/libopencm3_stm32f1.a(systick.o)
 .debug_line    0x0000319a      0x30c /embedded/arm-cortex/lib/libopencm3_stm32f1.a(nvic.o)

.debug_str      0x00000000    0x12cc9
 .debug_str     0x00000000      0x8d6 latency-tester.o
                                0x991 (size before relaxing)
 .debug_str     0x000008d6     0x7671 /embedded/arm-cortex/lib/libopencm3_stm32f1.a(gpio.o)
                               0x7803 (size before relaxing)
 .debug_str     0x00007f47     0x2fb0 /embedded/arm-cortex/lib/libopencm3_stm32f1.a(rcc.o)
                               0x6fc5 (size before relaxing)
 .debug_str     0x0000aef7     0x4068 /embedded/arm-cortex/lib/libopencm3_stm32f1.a(timer.o)
                               0x8097 (size before relaxing)
 .debug_str     0x0000ef5f       0x7e /embedded/arm-cortex/lib/libopencm3_stm32f1.a(gpio_common_all.o)
                               0x7812 (size before relaxing)
 .debug_str     0x0000efdd      0xa0c /embedded/arm-cortex/lib/libopencm3_stm32f1.a(timer_common_all.o)
                               0xb179 (size before relaxing)
 .debug_str     0x0000f9e9     0x1008 /embedded/arm-cortex/lib/libopencm3_stm32f1.a(usart_common_all.o)
                               0x7481 (size before relaxing)
 .debug_str     0x000109f1       0x51 /embedded/arm-cortex/lib/libopencm3_stm32f1.a(usart_common_f124.o)
                               0x72b9 (size before relaxing)
 .debug_str     0x00010a42      0x13b /embedded/arm-cortex/lib/libopencm3_stm32f1.a(rcc_common_all.o)
                               0x6917 (size before relaxing)
 .debug_str     0x00010b7d      0x181 /embedded/arm-cortex/lib/libopencm3_stm32f1.a(flash_common_f01.o)
                               0x48b8 (size before relaxing)
 .debug_str     0x00010cfe     0x12fd /embedded/arm-cortex/lib/libopencm3_stm32f1.a(vector.o)
                               0x479d (size before relaxing)
 .debug_str     0x00011ffb      0x2f0 /embedded/arm-cortex/lib/libopencm3_stm32f1.a(systick.o)
                               0x37fa (size before relaxing)
 .debug_str     0x000122eb      0x9de /embedded/arm-cortex/lib/libopencm3_stm32f1.a(nvic.o)
                               0x46a4 (size before relaxing)

.comment        0x00000000       0x70
 .comment       0x00000000       0x70 latency-tester.o
                                 0x71 (size before relaxing)
 .comment       0x00000000       0x71 /embedded/arm-cortex/lib/libopencm3_stm32f1.a(gpio.o)
 .comment       0x00000000       0x71 /embedded/arm-cortex/lib/libopencm3_stm32f1.a(rcc.o)
 .comment       0x00000000       0x71 /embedded/arm-cortex/lib/libopencm3_stm32f1.a(timer.o)
 .comment       0x00000000       0x71 /embedded/arm-cortex/lib/libopencm3_stm32f1.a(gpio_common_all.o)
 .comment       0x00000000       0x71 /embedded/arm-cortex/lib/libopencm3_stm32f1.a(timer_common_all.o)
 .comment       0x00000000       0x71 /embedded/arm-cortex/lib/libopencm3_stm32f1.a(usart_common_all.o)
 .comment       0x00000000       0x71 /embedded/arm-cortex/lib/libopencm3_stm32f1.a(usart_common_f124.o)
 .comment       0x00000000       0x71 /embedded/arm-cortex/lib/libopencm3_stm32f1.a(rcc_common_all.o)
 .comment       0x00000000       0x71 /embedded/arm-cortex/lib/libopencm3_stm32f1.a(flash_common_f01.o)
 .comment       0x00000000       0x71 /embedded/arm-cortex/lib/libopencm3_stm32f1.a(vector.o)
 .comment       0x00000000       0x71 /embedded/arm-cortex/lib/libopencm3_stm32f1.a(systick.o)
 .comment       0x00000000       0x71 /embedded/arm-cortex/lib/libopencm3_stm32f1.a(nvic.o)

.ARM.attributes
                0x00000000       0x31
 .ARM.attributes
                0x00000000       0x33 latency-tester.o
 .ARM.attributes
                0x00000033       0x33 /embedded/arm-cortex/lib/libopencm3_stm32f1.a(gpio.o)
 .ARM.attributes
                0x00000066       0x33 /embedded/arm-cortex/lib/libopencm3_stm32f1.a(rcc.o)
 .ARM.attributes
                0x00000099       0x33 /embedded/arm-cortex/lib/libopencm3_stm32f1.a(timer.o)
 .ARM.attributes
                0x000000cc       0x33 /embedded/arm-cortex/lib/libopencm3_stm32f1.a(gpio_common_all.o)
 .ARM.attributes
                0x000000ff       0x33 /embedded/arm-cortex/lib/libopencm3_stm32f1.a(timer_common_all.o)
 .ARM.attributes
                0x00000132       0x33 /embedded/arm-cortex/lib/libopencm3_stm32f1.a(usart_common_all.o)
 .ARM.attributes
                0x00000165       0x33 /embedded/arm-cortex/lib/libopencm3_stm32f1.a(usart_common_f124.o)
 .ARM.attributes
                0x00000198       0x33 /embedded/arm-cortex/lib/libopencm3_stm32f1.a(rcc_common_all.o)
 .ARM.attributes
                0x000001cb       0x33 /embedded/arm-cortex/lib/libopencm3_stm32f1.a(flash_common_f01.o)
 .ARM.attributes
                0x000001fe       0x33 /embedded/arm-cortex/lib/libopencm3_stm32f1.a(vector.o)
 .ARM.attributes
                0x00000231       0x33 /embedded/arm-cortex/lib/libopencm3_stm32f1.a(systick.o)
 .ARM.attributes
                0x00000264       0x33 /embedded/arm-cortex/lib/libopencm3_stm32f1.a(nvic.o)
 .ARM.attributes
                0x00000297       0x2d /embedded/arm-cortex/gcc-arm-none-eabi-4_9-2015q1/bin/../lib/gcc/arm-none-eabi/4.9.3/../../../../arm-none-eabi/lib/armv7-m/libc.a(lib_a-errno.o)
 .ARM.attributes
                0x000002c4       0x2d /embedded/arm-cortex/gcc-arm-none-eabi-4_9-2015q1/bin/../lib/gcc/arm-none-eabi/4.9.3/../../../../arm-none-eabi/lib/armv7-m/libc.a(lib_a-impure.o)
 .ARM.attributes
                0x000002f1       0x2d /embedded/arm-cortex/gcc-arm-none-eabi-4_9-2015q1/bin/../lib/gcc/arm-none-eabi/4.9.3/../../../../arm-none-eabi/lib/armv7-m/libc.a(lib_a-printf.o)
 .ARM.attributes
                0x0000031e       0x2d /embedded/arm-cortex/gcc-arm-none-eabi-4_9-2015q1/bin/../lib/gcc/arm-none-eabi/4.9.3/../../../../arm-none-eabi/lib/armv7-m/libc.a(lib_a-vfprintf.o)
 .ARM.attributes
                0x0000034b       0x2d /embedded/arm-cortex/gcc-arm-none-eabi-4_9-2015q1/bin/../lib/gcc/arm-none-eabi/4.9.3/../../../../arm-none-eabi/lib/armv7-m/libc.a(lib_a-wsetup.o)
 .ARM.attributes
                0x00000378       0x2d /embedded/arm-cortex/gcc-arm-none-eabi-4_9-2015q1/bin/../lib/gcc/arm-none-eabi/4.9.3/../../../../arm-none-eabi/lib/armv7-m/libc.a(lib_a-dtoa.o)
 .ARM.attributes
                0x000003a5       0x2d /embedded/arm-cortex/gcc-arm-none-eabi-4_9-2015q1/bin/../lib/gcc/arm-none-eabi/4.9.3/../../../../arm-none-eabi/lib/armv7-m/libc.a(lib_a-fflush.o)
 .ARM.attributes
                0x000003d2       0x2d /embedded/arm-cortex/gcc-arm-none-eabi-4_9-2015q1/bin/../lib/gcc/arm-none-eabi/4.9.3/../../../../arm-none-eabi/lib/armv7-m/libc.a(lib_a-findfp.o)
 .ARM.attributes
                0x000003ff       0x2d /embedded/arm-cortex/gcc-arm-none-eabi-4_9-2015q1/bin/../lib/gcc/arm-none-eabi/4.9.3/../../../../arm-none-eabi/lib/armv7-m/libc.a(lib_a-freer.o)
 .ARM.attributes
                0x0000042c       0x2d /embedded/arm-cortex/gcc-arm-none-eabi-4_9-2015q1/bin/../lib/gcc/arm-none-eabi/4.9.3/../../../../arm-none-eabi/lib/armv7-m/libc.a(lib_a-fwalk.o)
 .ARM.attributes
                0x00000459       0x2d /embedded/arm-cortex/gcc-arm-none-eabi-4_9-2015q1/bin/../lib/gcc/arm-none-eabi/4.9.3/../../../../arm-none-eabi/lib/armv7-m/libc.a(lib_a-locale.o)
 .ARM.attributes
                0x00000486       0x2d /embedded/arm-cortex/gcc-arm-none-eabi-4_9-2015q1/bin/../lib/gcc/arm-none-eabi/4.9.3/../../../../arm-none-eabi/lib/armv7-m/libc.a(lib_a-makebuf.o)
 .ARM.attributes
                0x000004b3       0x2d /embedded/arm-cortex/gcc-arm-none-eabi-4_9-2015q1/bin/../lib/gcc/arm-none-eabi/4.9.3/../../../../arm-none-eabi/lib/armv7-m/libc.a(lib_a-mallocr.o)
 .ARM.attributes
                0x000004e0       0x2d /embedded/arm-cortex/gcc-arm-none-eabi-4_9-2015q1/bin/../lib/gcc/arm-none-eabi/4.9.3/../../../../arm-none-eabi/lib/armv7-m/libc.a(lib_a-memchr.o)
 .ARM.attributes
                0x0000050d       0x1b /embedded/arm-cortex/gcc-arm-none-eabi-4_9-2015q1/bin/../lib/gcc/arm-none-eabi/4.9.3/../../../../arm-none-eabi/lib/armv7-m/libc.a(lib_a-memcpy.o)
 .ARM.attributes
                0x00000528       0x2d /embedded/arm-cortex/gcc-arm-none-eabi-4_9-2015q1/bin/../lib/gcc/arm-none-eabi/4.9.3/../../../../arm-none-eabi/lib/armv7-m/libc.a(lib_a-memset.o)
 .ARM.attributes
                0x00000555       0x2d /embedded/arm-cortex/gcc-arm-none-eabi-4_9-2015q1/bin/../lib/gcc/arm-none-eabi/4.9.3/../../../../arm-none-eabi/lib/armv7-m/libc.a(lib_a-mlock.o)
 .ARM.attributes
                0x00000582       0x2d /embedded/arm-cortex/gcc-arm-none-eabi-4_9-2015q1/bin/../lib/gcc/arm-none-eabi/4.9.3/../../../../arm-none-eabi/lib/armv7-m/libc.a(lib_a-mprec.o)
 .ARM.attributes
                0x000005af       0x2d /embedded/arm-cortex/gcc-arm-none-eabi-4_9-2015q1/bin/../lib/gcc/arm-none-eabi/4.9.3/../../../../arm-none-eabi/lib/armv7-m/libc.a(lib_a-s_fpclassify.o)
 .ARM.attributes
                0x000005dc       0x2d /embedded/arm-cortex/gcc-arm-none-eabi-4_9-2015q1/bin/../lib/gcc/arm-none-eabi/4.9.3/../../../../arm-none-eabi/lib/armv7-m/libc.a(lib_a-sbrkr.o)
 .ARM.attributes
                0x00000609       0x2d /embedded/arm-cortex/gcc-arm-none-eabi-4_9-2015q1/bin/../lib/gcc/arm-none-eabi/4.9.3/../../../../arm-none-eabi/lib/armv7-m/libc.a(lib_a-stdio.o)
 .ARM.attributes
                0x00000636       0x2d /embedded/arm-cortex/gcc-arm-none-eabi-4_9-2015q1/bin/../lib/gcc/arm-none-eabi/4.9.3/../../../../arm-none-eabi/lib/armv7-m/libc.a(lib_a-strlen.o)
 .ARM.attributes
                0x00000663       0x2d /embedded/arm-cortex/gcc-arm-none-eabi-4_9-2015q1/bin/../lib/gcc/arm-none-eabi/4.9.3/../../../../arm-none-eabi/lib/armv7-m/libc.a(lib_a-vfiprintf.o)
 .ARM.attributes
                0x00000690       0x2d /embedded/arm-cortex/gcc-arm-none-eabi-4_9-2015q1/bin/../lib/gcc/arm-none-eabi/4.9.3/../../../../arm-none-eabi/lib/armv7-m/libc.a(lib_a-writer.o)
 .ARM.attributes
                0x000006bd       0x2d /embedded/arm-cortex/gcc-arm-none-eabi-4_9-2015q1/bin/../lib/gcc/arm-none-eabi/4.9.3/../../../../arm-none-eabi/lib/armv7-m/libc.a(lib_a-callocr.o)
 .ARM.attributes
                0x000006ea       0x2d /embedded/arm-cortex/gcc-arm-none-eabi-4_9-2015q1/bin/../lib/gcc/arm-none-eabi/4.9.3/../../../../arm-none-eabi/lib/armv7-m/libc.a(lib_a-closer.o)
 .ARM.attributes
                0x00000717       0x2d /embedded/arm-cortex/gcc-arm-none-eabi-4_9-2015q1/bin/../lib/gcc/arm-none-eabi/4.9.3/../../../../arm-none-eabi/lib/armv7-m/libc.a(lib_a-fclose.o)
 .ARM.attributes
                0x00000744       0x2d /embedded/arm-cortex/gcc-arm-none-eabi-4_9-2015q1/bin/../lib/gcc/arm-none-eabi/4.9.3/../../../../arm-none-eabi/lib/armv7-m/libc.a(lib_a-fputwc.o)
 .ARM.attributes
                0x00000771       0x2d /embedded/arm-cortex/gcc-arm-none-eabi-4_9-2015q1/bin/../lib/gcc/arm-none-eabi/4.9.3/../../../../arm-none-eabi/lib/armv7-m/libc.a(lib_a-fstatr.o)
 .ARM.attributes
                0x0000079e       0x2d /embedded/arm-cortex/gcc-arm-none-eabi-4_9-2015q1/bin/../lib/gcc/arm-none-eabi/4.9.3/../../../../arm-none-eabi/lib/armv7-m/libc.a(lib_a-fvwrite.o)
 .ARM.attributes
                0x000007cb       0x2d /embedded/arm-cortex/gcc-arm-none-eabi-4_9-2015q1/bin/../lib/gcc/arm-none-eabi/4.9.3/../../../../arm-none-eabi/lib/armv7-m/libc.a(lib_a-isattyr.o)
 .ARM.attributes
                0x000007f8       0x2d /embedded/arm-cortex/gcc-arm-none-eabi-4_9-2015q1/bin/../lib/gcc/arm-none-eabi/4.9.3/../../../../arm-none-eabi/lib/armv7-m/libc.a(lib_a-lseekr.o)
 .ARM.attributes
                0x00000825       0x2d /embedded/arm-cortex/gcc-arm-none-eabi-4_9-2015q1/bin/../lib/gcc/arm-none-eabi/4.9.3/../../../../arm-none-eabi/lib/armv7-m/libc.a(lib_a-memmove.o)
 .ARM.attributes
                0x00000852       0x2d /embedded/arm-cortex/gcc-arm-none-eabi-4_9-2015q1/bin/../lib/gcc/arm-none-eabi/4.9.3/../../../../arm-none-eabi/lib/armv7-m/libc.a(lib_a-readr.o)
 .ARM.attributes
                0x0000087f       0x2d /embedded/arm-cortex/gcc-arm-none-eabi-4_9-2015q1/bin/../lib/gcc/arm-none-eabi/4.9.3/../../../../arm-none-eabi/lib/armv7-m/libc.a(lib_a-reallocr.o)
 .ARM.attributes
                0x000008ac       0x2d /embedded/arm-cortex/gcc-arm-none-eabi-4_9-2015q1/bin/../lib/gcc/arm-none-eabi/4.9.3/../../../../arm-none-eabi/lib/armv7-m/libc.a(lib_a-reent.o)
 .ARM.attributes
                0x000008d9       0x2d /embedded/arm-cortex/gcc-arm-none-eabi-4_9-2015q1/bin/../lib/gcc/arm-none-eabi/4.9.3/../../../../arm-none-eabi/lib/armv7-m/libc.a(lib_a-wbuf.o)
 .ARM.attributes
                0x00000906       0x2d /embedded/arm-cortex/gcc-arm-none-eabi-4_9-2015q1/bin/../lib/gcc/arm-none-eabi/4.9.3/../../../../arm-none-eabi/lib/armv7-m/libc.a(lib_a-wcrtomb.o)
 .ARM.attributes
                0x00000933       0x2d /embedded/arm-cortex/gcc-arm-none-eabi-4_9-2015q1/bin/../lib/gcc/arm-none-eabi/4.9.3/../../../../arm-none-eabi/lib/armv7-m/libc.a(lib_a-wctomb_r.o)
 .ARM.attributes
                0x00000960       0x1d /embedded/arm-cortex/gcc-arm-none-eabi-4_9-2015q1/bin/../lib/gcc/arm-none-eabi/4.9.3/armv7-m/libgcc.a(_arm_addsubdf3.o)
 .ARM.attributes
                0x0000097d       0x1d /embedded/arm-cortex/gcc-arm-none-eabi-4_9-2015q1/bin/../lib/gcc/arm-none-eabi/4.9.3/armv7-m/libgcc.a(_arm_muldivdf3.o)
 .ARM.attributes
                0x0000099a       0x1d /embedded/arm-cortex/gcc-arm-none-eabi-4_9-2015q1/bin/../lib/gcc/arm-none-eabi/4.9.3/armv7-m/libgcc.a(_arm_cmpdf2.o)
 .ARM.attributes
                0x000009b7       0x1d /embedded/arm-cortex/gcc-arm-none-eabi-4_9-2015q1/bin/../lib/gcc/arm-none-eabi/4.9.3/armv7-m/libgcc.a(_arm_fixdfsi.o)
 .ARM.attributes
                0x000009d4       0x1d /embedded/arm-cortex/gcc-arm-none-eabi-4_9-2015q1/bin/../lib/gcc/arm-none-eabi/4.9.3/armv7-m/libgcc.a(_aeabi_uldivmod.o)
 .ARM.attributes
                0x000009f1       0x2d /embedded/arm-cortex/gcc-arm-none-eabi-4_9-2015q1/bin/../lib/gcc/arm-none-eabi/4.9.3/armv7-m/libgcc.a(bpabi.o)
 .ARM.attributes
                0x00000a1e       0x1d /embedded/arm-cortex/gcc-arm-none-eabi-4_9-2015q1/bin/../lib/gcc/arm-none-eabi/4.9.3/armv7-m/libgcc.a(_dvmd_tls.o)
 .ARM.attributes
                0x00000a3b       0x2d /embedded/arm-cortex/gcc-arm-none-eabi-4_9-2015q1/bin/../lib/gcc/arm-none-eabi/4.9.3/armv7-m/libgcc.a(_divdi3.o)
 .ARM.attributes
                0x00000a68       0x2d /embedded/arm-cortex/gcc-arm-none-eabi-4_9-2015q1/bin/../lib/gcc/arm-none-eabi/4.9.3/armv7-m/libgcc.a(_udivdi3.o)
 .ARM.attributes
                0x00000a95       0x2d /embedded/arm-cortex/gcc-arm-none-eabi-4_9-2015q1/bin/../lib/gcc/arm-none-eabi/4.9.3/../../../../arm-none-eabi/lib/armv7-m/libnosys.a(close.o)
 .ARM.attributes
                0x00000ac2       0x2d /embedded/arm-cortex/gcc-arm-none-eabi-4_9-2015q1/bin/../lib/gcc/arm-none-eabi/4.9.3/../../../../arm-none-eabi/lib/armv7-m/libnosys.a(fstat.o)
 .ARM.attributes
                0x00000aef       0x2d /embedded/arm-cortex/gcc-arm-none-eabi-4_9-2015q1/bin/../lib/gcc/arm-none-eabi/4.9.3/../../../../arm-none-eabi/lib/armv7-m/libnosys.a(isatty.o)
 .ARM.attributes
                0x00000b1c       0x2d /embedded/arm-cortex/gcc-arm-none-eabi-4_9-2015q1/bin/../lib/gcc/arm-none-eabi/4.9.3/../../../../arm-none-eabi/lib/armv7-m/libnosys.a(lseek.o)
 .ARM.attributes
                0x00000b49       0x2d /embedded/arm-cortex/gcc-arm-none-eabi-4_9-2015q1/bin/../lib/gcc/arm-none-eabi/4.9.3/../../../../arm-none-eabi/lib/armv7-m/libnosys.a(read.o)
 .ARM.attributes
                0x00000b76       0x2d /embedded/arm-cortex/gcc-arm-none-eabi-4_9-2015q1/bin/../lib/gcc/arm-none-eabi/4.9.3/../../../../arm-none-eabi/lib/armv7-m/libnosys.a(sbrk.o)

.debug_frame    0x00000000     0x1e7c
 .debug_frame   0x00000000       0x6c latency-tester.o
 .debug_frame   0x0000006c       0x60 /embedded/arm-cortex/lib/libopencm3_stm32f1.a(gpio.o)
 .debug_frame   0x000000cc      0x2b8 /embedded/arm-cortex/lib/libopencm3_stm32f1.a(rcc.o)
 .debug_frame   0x00000384       0x20 /embedded/arm-cortex/lib/libopencm3_stm32f1.a(timer.o)
 .debug_frame   0x000003a4       0x80 /embedded/arm-cortex/lib/libopencm3_stm32f1.a(gpio_common_all.o)
 .debug_frame   0x00000424      0x4d8 /embedded/arm-cortex/lib/libopencm3_stm32f1.a(timer_common_all.o)
 .debug_frame   0x000008fc      0x170 /embedded/arm-cortex/lib/libopencm3_stm32f1.a(usart_common_all.o)
 .debug_frame   0x00000a6c       0x70 /embedded/arm-cortex/lib/libopencm3_stm32f1.a(usart_common_f124.o)
 .debug_frame   0x00000adc       0xb0 /embedded/arm-cortex/lib/libopencm3_stm32f1.a(rcc_common_all.o)
 .debug_frame   0x00000b8c      0x120 /embedded/arm-cortex/lib/libopencm3_stm32f1.a(flash_common_f01.o)
 .debug_frame   0x00000cac       0x40 /embedded/arm-cortex/lib/libopencm3_stm32f1.a(vector.o)
 .debug_frame   0x00000cec       0xd8 /embedded/arm-cortex/lib/libopencm3_stm32f1.a(systick.o)
 .debug_frame   0x00000dc4       0xa0 /embedded/arm-cortex/lib/libopencm3_stm32f1.a(nvic.o)
 .debug_frame   0x00000e64       0x20 /embedded/arm-cortex/gcc-arm-none-eabi-4_9-2015q1/bin/../lib/gcc/arm-none-eabi/4.9.3/../../../../arm-none-eabi/lib/armv7-m/libc.a(lib_a-errno.o)
 .debug_frame   0x00000e84       0x78 /embedded/arm-cortex/gcc-arm-none-eabi-4_9-2015q1/bin/../lib/gcc/arm-none-eabi/4.9.3/../../../../arm-none-eabi/lib/armv7-m/libc.a(lib_a-printf.o)
 .debug_frame   0x00000efc       0x90 /embedded/arm-cortex/gcc-arm-none-eabi-4_9-2015q1/bin/../lib/gcc/arm-none-eabi/4.9.3/../../../../arm-none-eabi/lib/armv7-m/libc.a(lib_a-vfprintf.o)
 .debug_frame   0x00000f8c       0x2c /embedded/arm-cortex/gcc-arm-none-eabi-4_9-2015q1/bin/../lib/gcc/arm-none-eabi/4.9.3/../../../../arm-none-eabi/lib/armv7-m/libc.a(lib_a-wsetup.o)
 .debug_frame   0x00000fb8       0x84 /embedded/arm-cortex/gcc-arm-none-eabi-4_9-2015q1/bin/../lib/gcc/arm-none-eabi/4.9.3/../../../../arm-none-eabi/lib/armv7-m/libc.a(lib_a-dtoa.o)
 .debug_frame   0x0000103c       0x6c /embedded/arm-cortex/gcc-arm-none-eabi-4_9-2015q1/bin/../lib/gcc/arm-none-eabi/4.9.3/../../../../arm-none-eabi/lib/armv7-m/libc.a(lib_a-fflush.o)
 .debug_frame   0x000010a8      0x124 /embedded/arm-cortex/gcc-arm-none-eabi-4_9-2015q1/bin/../lib/gcc/arm-none-eabi/4.9.3/../../../../arm-none-eabi/lib/armv7-m/libc.a(lib_a-findfp.o)
 .debug_frame   0x000011cc       0x74 /embedded/arm-cortex/gcc-arm-none-eabi-4_9-2015q1/bin/../lib/gcc/arm-none-eabi/4.9.3/../../../../arm-none-eabi/lib/armv7-m/libc.a(lib_a-freer.o)
 .debug_frame   0x00001240       0x54 /embedded/arm-cortex/gcc-arm-none-eabi-4_9-2015q1/bin/../lib/gcc/arm-none-eabi/4.9.3/../../../../arm-none-eabi/lib/armv7-m/libc.a(lib_a-fwalk.o)
 .debug_frame   0x00001294       0x9c /embedded/arm-cortex/gcc-arm-none-eabi-4_9-2015q1/bin/../lib/gcc/arm-none-eabi/4.9.3/../../../../arm-none-eabi/lib/armv7-m/libc.a(lib_a-locale.o)
 .debug_frame   0x00001330       0x48 /embedded/arm-cortex/gcc-arm-none-eabi-4_9-2015q1/bin/../lib/gcc/arm-none-eabi/4.9.3/../../../../arm-none-eabi/lib/armv7-m/libc.a(lib_a-makebuf.o)
 .debug_frame   0x00001378       0x54 /embedded/arm-cortex/gcc-arm-none-eabi-4_9-2015q1/bin/../lib/gcc/arm-none-eabi/4.9.3/../../../../arm-none-eabi/lib/armv7-m/libc.a(lib_a-mallocr.o)
 .debug_frame   0x000013cc       0x3c /embedded/arm-cortex/gcc-arm-none-eabi-4_9-2015q1/bin/../lib/gcc/arm-none-eabi/4.9.3/../../../../arm-none-eabi/lib/armv7-m/libc.a(lib_a-memchr.o)
 .debug_frame   0x00001408       0x34 /embedded/arm-cortex/gcc-arm-none-eabi-4_9-2015q1/bin/../lib/gcc/arm-none-eabi/4.9.3/../../../../arm-none-eabi/lib/armv7-m/libc.a(lib_a-memset.o)
 .debug_frame   0x0000143c       0x30 /embedded/arm-cortex/gcc-arm-none-eabi-4_9-2015q1/bin/../lib/gcc/arm-none-eabi/4.9.3/../../../../arm-none-eabi/lib/armv7-m/libc.a(lib_a-mlock.o)
 .debug_frame   0x0000146c      0x268 /embedded/arm-cortex/gcc-arm-none-eabi-4_9-2015q1/bin/../lib/gcc/arm-none-eabi/4.9.3/../../../../arm-none-eabi/lib/armv7-m/libc.a(lib_a-mprec.o)
 .debug_frame   0x000016d4       0x34 /embedded/arm-cortex/gcc-arm-none-eabi-4_9-2015q1/bin/../lib/gcc/arm-none-eabi/4.9.3/../../../../arm-none-eabi/lib/armv7-m/libc.a(lib_a-s_fpclassify.o)
 .debug_frame   0x00001708       0x2c /embedded/arm-cortex/gcc-arm-none-eabi-4_9-2015q1/bin/../lib/gcc/arm-none-eabi/4.9.3/../../../../arm-none-eabi/lib/armv7-m/libc.a(lib_a-sbrkr.o)
 .debug_frame   0x00001734       0x88 /embedded/arm-cortex/gcc-arm-none-eabi-4_9-2015q1/bin/../lib/gcc/arm-none-eabi/4.9.3/../../../../arm-none-eabi/lib/armv7-m/libc.a(lib_a-stdio.o)
 .debug_frame   0x000017bc       0x20 /embedded/arm-cortex/gcc-arm-none-eabi-4_9-2015q1/bin/../lib/gcc/arm-none-eabi/4.9.3/../../../../arm-none-eabi/lib/armv7-m/libc.a(lib_a-strlen.o)
 .debug_frame   0x000017dc       0xd8 /embedded/arm-cortex/gcc-arm-none-eabi-4_9-2015q1/bin/../lib/gcc/arm-none-eabi/4.9.3/../../../../arm-none-eabi/lib/armv7-m/libc.a(lib_a-vfiprintf.o)
 .debug_frame   0x000018b4       0x2c /embedded/arm-cortex/gcc-arm-none-eabi-4_9-2015q1/bin/../lib/gcc/arm-none-eabi/4.9.3/../../../../arm-none-eabi/lib/armv7-m/libc.a(lib_a-writer.o)
 .debug_frame   0x000018e0       0x28 /embedded/arm-cortex/gcc-arm-none-eabi-4_9-2015q1/bin/../lib/gcc/arm-none-eabi/4.9.3/../../../../arm-none-eabi/lib/armv7-m/libc.a(lib_a-callocr.o)
 .debug_frame   0x00001908       0x2c /embedded/arm-cortex/gcc-arm-none-eabi-4_9-2015q1/bin/../lib/gcc/arm-none-eabi/4.9.3/../../../../arm-none-eabi/lib/armv7-m/libc.a(lib_a-closer.o)
 .debug_frame   0x00001934       0x44 /embedded/arm-cortex/gcc-arm-none-eabi-4_9-2015q1/bin/../lib/gcc/arm-none-eabi/4.9.3/../../../../arm-none-eabi/lib/armv7-m/libc.a(lib_a-fclose.o)
 .debug_frame   0x00001978       0x84 /embedded/arm-cortex/gcc-arm-none-eabi-4_9-2015q1/bin/../lib/gcc/arm-none-eabi/4.9.3/../../../../arm-none-eabi/lib/armv7-m/libc.a(lib_a-fputwc.o)
 .debug_frame   0x000019fc       0x2c /embedded/arm-cortex/gcc-arm-none-eabi-4_9-2015q1/bin/../lib/gcc/arm-none-eabi/4.9.3/../../../../arm-none-eabi/lib/armv7-m/libc.a(lib_a-fstatr.o)
 .debug_frame   0x00001a28       0x68 /embedded/arm-cortex/gcc-arm-none-eabi-4_9-2015q1/bin/../lib/gcc/arm-none-eabi/4.9.3/../../../../arm-none-eabi/lib/armv7-m/libc.a(lib_a-fvwrite.o)
 .debug_frame   0x00001a90       0x2c /embedded/arm-cortex/gcc-arm-none-eabi-4_9-2015q1/bin/../lib/gcc/arm-none-eabi/4.9.3/../../../../arm-none-eabi/lib/armv7-m/libc.a(lib_a-isattyr.o)
 .debug_frame   0x00001abc       0x2c /embedded/arm-cortex/gcc-arm-none-eabi-4_9-2015q1/bin/../lib/gcc/arm-none-eabi/4.9.3/../../../../arm-none-eabi/lib/armv7-m/libc.a(lib_a-lseekr.o)
 .debug_frame   0x00001ae8       0x30 /embedded/arm-cortex/gcc-arm-none-eabi-4_9-2015q1/bin/../lib/gcc/arm-none-eabi/4.9.3/../../../../arm-none-eabi/lib/armv7-m/libc.a(lib_a-memmove.o)
 .debug_frame   0x00001b18       0x2c /embedded/arm-cortex/gcc-arm-none-eabi-4_9-2015q1/bin/../lib/gcc/arm-none-eabi/4.9.3/../../../../arm-none-eabi/lib/armv7-m/libc.a(lib_a-readr.o)
 .debug_frame   0x00001b44       0x58 /embedded/arm-cortex/gcc-arm-none-eabi-4_9-2015q1/bin/../lib/gcc/arm-none-eabi/4.9.3/../../../../arm-none-eabi/lib/armv7-m/libc.a(lib_a-reallocr.o)
 .debug_frame   0x00001b9c       0x58 /embedded/arm-cortex/gcc-arm-none-eabi-4_9-2015q1/bin/../lib/gcc/arm-none-eabi/4.9.3/../../../../arm-none-eabi/lib/armv7-m/libc.a(lib_a-reent.o)
 .debug_frame   0x00001bf4       0x3c /embedded/arm-cortex/gcc-arm-none-eabi-4_9-2015q1/bin/../lib/gcc/arm-none-eabi/4.9.3/../../../../arm-none-eabi/lib/armv7-m/libc.a(lib_a-wbuf.o)
 .debug_frame   0x00001c30       0x60 /embedded/arm-cortex/gcc-arm-none-eabi-4_9-2015q1/bin/../lib/gcc/arm-none-eabi/4.9.3/../../../../arm-none-eabi/lib/armv7-m/libc.a(lib_a-wcrtomb.o)
 .debug_frame   0x00001c90       0x48 /embedded/arm-cortex/gcc-arm-none-eabi-4_9-2015q1/bin/../lib/gcc/arm-none-eabi/4.9.3/../../../../arm-none-eabi/lib/armv7-m/libc.a(lib_a-wctomb_r.o)
 .debug_frame   0x00001cd8       0x28 /embedded/arm-cortex/gcc-arm-none-eabi-4_9-2015q1/bin/../lib/gcc/arm-none-eabi/4.9.3/armv7-m/libgcc.a(_aeabi_uldivmod.o)
 .debug_frame   0x00001d00       0x54 /embedded/arm-cortex/gcc-arm-none-eabi-4_9-2015q1/bin/../lib/gcc/arm-none-eabi/4.9.3/armv7-m/libgcc.a(bpabi.o)
 .debug_frame   0x00001d54       0x34 /embedded/arm-cortex/gcc-arm-none-eabi-4_9-2015q1/bin/../lib/gcc/arm-none-eabi/4.9.3/armv7-m/libgcc.a(_divdi3.o)
 .debug_frame   0x00001d88       0x34 /embedded/arm-cortex/gcc-arm-none-eabi-4_9-2015q1/bin/../lib/gcc/arm-none-eabi/4.9.3/armv7-m/libgcc.a(_udivdi3.o)
 .debug_frame   0x00001dbc       0x20 /embedded/arm-cortex/gcc-arm-none-eabi-4_9-2015q1/bin/../lib/gcc/arm-none-eabi/4.9.3/../../../../arm-none-eabi/lib/armv7-m/libnosys.a(close.o)
 .debug_frame   0x00001ddc       0x20 /embedded/arm-cortex/gcc-arm-none-eabi-4_9-2015q1/bin/../lib/gcc/arm-none-eabi/4.9.3/../../../../arm-none-eabi/lib/armv7-m/libnosys.a(fstat.o)
 .debug_frame   0x00001dfc       0x20 /embedded/arm-cortex/gcc-arm-none-eabi-4_9-2015q1/bin/../lib/gcc/arm-none-eabi/4.9.3/../../../../arm-none-eabi/lib/armv7-m/libnosys.a(isatty.o)
 .debug_frame   0x00001e1c       0x20 /embedded/arm-cortex/gcc-arm-none-eabi-4_9-2015q1/bin/../lib/gcc/arm-none-eabi/4.9.3/../../../../arm-none-eabi/lib/armv7-m/libnosys.a(lseek.o)
 .debug_frame   0x00001e3c       0x20 /embedded/arm-cortex/gcc-arm-none-eabi-4_9-2015q1/bin/../lib/gcc/arm-none-eabi/4.9.3/../../../../arm-none-eabi/lib/armv7-m/libnosys.a(read.o)
 .debug_frame   0x00001e5c       0x20 /embedded/arm-cortex/gcc-arm-none-eabi-4_9-2015q1/bin/../lib/gcc/arm-none-eabi/4.9.3/../../../../arm-none-eabi/lib/armv7-m/libnosys.a(sbrk.o)

.debug_macro    0x00000000     0x44c4
 .debug_macro   0x00000000       0xa1 /embedded/arm-cortex/lib/libopencm3_stm32f1.a(gpio.o)
 .debug_macro   0x000000a1      0x862 /embedded/arm-cortex/lib/libopencm3_stm32f1.a(gpio.o)
 .debug_macro   0x00000903       0x22 /embedded/arm-cortex/lib/libopencm3_stm32f1.a(gpio.o)
 .debug_macro   0x00000925       0x44 /embedded/arm-cortex/lib/libopencm3_stm32f1.a(gpio.o)
 .debug_macro   0x00000969       0x1c /embedded/arm-cortex/lib/libopencm3_stm32f1.a(gpio.o)
 .debug_macro   0x00000985      0x1f7 /embedded/arm-cortex/lib/libopencm3_stm32f1.a(gpio.o)
 .debug_macro   0x00000b7c       0x22 /embedded/arm-cortex/lib/libopencm3_stm32f1.a(gpio.o)
 .debug_macro   0x00000b9e       0xfa /embedded/arm-cortex/lib/libopencm3_stm32f1.a(gpio.o)
 .debug_macro   0x00000c98       0x52 /embedded/arm-cortex/lib/libopencm3_stm32f1.a(gpio.o)
 .debug_macro   0x00000cea      0x1ae /embedded/arm-cortex/lib/libopencm3_stm32f1.a(gpio.o)
 .debug_macro   0x00000e98       0x76 /embedded/arm-cortex/lib/libopencm3_stm32f1.a(gpio.o)
 .debug_macro   0x00000f0e      0xdfd /embedded/arm-cortex/lib/libopencm3_stm32f1.a(gpio.o)
 .debug_macro   0x00001d0b       0xc8 /embedded/arm-cortex/lib/libopencm3_stm32f1.a(rcc.o)
 .debug_macro   0x00001dd3       0x16 /embedded/arm-cortex/lib/libopencm3_stm32f1.a(rcc.o)
 .debug_macro   0x00001de9      0x825 /embedded/arm-cortex/lib/libopencm3_stm32f1.a(rcc.o)
 .debug_macro   0x0000260e       0xdc /embedded/arm-cortex/lib/libopencm3_stm32f1.a(rcc.o)
 .debug_macro   0x000026ea       0x82 /embedded/arm-cortex/lib/libopencm3_stm32f1.a(rcc.o)
 .debug_macro   0x0000276c       0x9c /embedded/arm-cortex/lib/libopencm3_stm32f1.a(timer.o)
 .debug_macro   0x00002808      0xf8f /embedded/arm-cortex/lib/libopencm3_stm32f1.a(timer.o)
 .debug_macro   0x00003797       0xa7 /embedded/arm-cortex/lib/libopencm3_stm32f1.a(gpio_common_all.o)
 .debug_macro   0x0000383e       0xc0 /embedded/arm-cortex/lib/libopencm3_stm32f1.a(timer_common_all.o)
 .debug_macro   0x000038fe       0xc3 /embedded/arm-cortex/lib/libopencm3_stm32f1.a(usart_common_all.o)
 .debug_macro   0x000039c1       0x8e /embedded/arm-cortex/lib/libopencm3_stm32f1.a(usart_common_all.o)
 .debug_macro   0x00003a4f      0x273 /embedded/arm-cortex/lib/libopencm3_stm32f1.a(usart_common_all.o)
 .debug_macro   0x00003cc2       0xc3 /embedded/arm-cortex/lib/libopencm3_stm32f1.a(usart_common_f124.o)
 .debug_macro   0x00003d85       0xb7 /embedded/arm-cortex/lib/libopencm3_stm32f1.a(rcc_common_all.o)
 .debug_macro   0x00003e3c       0xa1 /embedded/arm-cortex/lib/libopencm3_stm32f1.a(flash_common_f01.o)
 .debug_macro   0x00003edd       0xaf /embedded/arm-cortex/lib/libopencm3_stm32f1.a(vector.o)
 .debug_macro   0x00003f8c       0x6b /embedded/arm-cortex/lib/libopencm3_stm32f1.a(vector.o)
 .debug_macro   0x00003ff7      0x1a2 /embedded/arm-cortex/lib/libopencm3_stm32f1.a(vector.o)
 .debug_macro   0x00004199       0x7b /embedded/arm-cortex/lib/libopencm3_stm32f1.a(systick.o)
 .debug_macro   0x00004214       0x64 /embedded/arm-cortex/lib/libopencm3_stm32f1.a(systick.o)
 .debug_macro   0x00004278       0x9c /embedded/arm-cortex/lib/libopencm3_stm32f1.a(nvic.o)
 .debug_macro   0x00004314      0x1b0 /embedded/arm-cortex/lib/libopencm3_stm32f1.a(nvic.o)

.stab           0x00000000       0x84
 .stab          0x00000000       0x24 /embedded/arm-cortex/gcc-arm-none-eabi-4_9-2015q1/bin/../lib/gcc/arm-none-eabi/4.9.3/../../../../arm-none-eabi/lib/armv7-m/libnosys.a(close.o)
 .stab          0x00000024       0x18 /embedded/arm-cortex/gcc-arm-none-eabi-4_9-2015q1/bin/../lib/gcc/arm-none-eabi/4.9.3/../../../../arm-none-eabi/lib/armv7-m/libnosys.a(fstat.o)
                                 0x24 (size before relaxing)
 .stab          0x0000003c       0x18 /embedded/arm-cortex/gcc-arm-none-eabi-4_9-2015q1/bin/../lib/gcc/arm-none-eabi/4.9.3/../../../../arm-none-eabi/lib/armv7-m/libnosys.a(isatty.o)
                                 0x24 (size before relaxing)
 .stab          0x00000054       0x18 /embedded/arm-cortex/gcc-arm-none-eabi-4_9-2015q1/bin/../lib/gcc/arm-none-eabi/4.9.3/../../../../arm-none-eabi/lib/armv7-m/libnosys.a(lseek.o)
                                 0x24 (size before relaxing)
 .stab          0x0000006c       0x18 /embedded/arm-cortex/gcc-arm-none-eabi-4_9-2015q1/bin/../lib/gcc/arm-none-eabi/4.9.3/../../../../arm-none-eabi/lib/armv7-m/libnosys.a(read.o)
                                 0x24 (size before relaxing)

.stabstr        0x00000000      0x117
 .stabstr       0x00000000      0x117 /embedded/arm-cortex/gcc-arm-none-eabi-4_9-2015q1/bin/../lib/gcc/arm-none-eabi/4.9.3/../../../../arm-none-eabi/lib/armv7-m/libnosys.a(close.o)
