Archive member included to satisfy reference by file (symbol)

/usr/lib/gcc/x86_64-linux-gnu/5/libgcc.a(_popcountsi2.o)
                              obj/ddl.o (__popcountdi2)
/usr/lib/x86_64-linux-gnu/libc_nonshared.a(elf-init.oS)
                              /usr/lib/gcc/x86_64-linux-gnu/5/../../../x86_64-linux-gnu/crt1.o (__libc_csu_init)

As-needed library included to satisfy reference by file (symbol)

libxml2.so.2                  obj/config-srcpd.o (xmlParseFile@@LIBXML2_2.4.30)

Allocating common symbols
Common symbol       size              file

waitUARTempty       0x8               obj/config-srcpd.o
waitUARTempty_MM    0x8               obj/ddl.o
conffile            0x1000            obj/srcpd.o
buses               0x2940            obj/clientservice.o
num_buses           0x8               obj/clientservice.o
rfds                0x80              obj/srcpd.o
maxfd               0x4               obj/srcpd.o

Discarded input sections

 .note.GNU-stack
                0x0000000000000000        0x0 /usr/lib/gcc/x86_64-linux-gnu/5/../../../x86_64-linux-gnu/crt1.o
 .note.GNU-stack
                0x0000000000000000        0x0 /usr/lib/gcc/x86_64-linux-gnu/5/../../../x86_64-linux-gnu/crti.o
 .note.GNU-stack
                0x0000000000000000        0x0 /usr/lib/gcc/x86_64-linux-gnu/5/crtbegin.o
 .note.GNU-stack
                0x0000000000000000        0x0 obj/clientservice.o
 .note.GNU-stack
                0x0000000000000000        0x0 obj/config-srcpd.o
 .note.GNU-stack
                0x0000000000000000        0x0 obj/ddl.o
 .note.GNU-stack
                0x0000000000000000        0x0 obj/ddl_maerklin.o
 .note.GNU-stack
                0x0000000000000000        0x0 obj/ddl_mfx.o
 .note.GNU-stack
                0x0000000000000000        0x0 obj/ddl_nmra.o
 .note.GNU-stack
                0x0000000000000000        0x0 obj/io.o
 .note.GNU-stack
                0x0000000000000000        0x0 obj/loopback.o
 .note.GNU-stack
                0x0000000000000000        0x0 obj/netservice.o
 .note.GNU-stack
                0x0000000000000000        0x0 obj/srcp-command.o
 .note.GNU-stack
                0x0000000000000000        0x0 obj/srcpd.o
 .note.GNU-stack
                0x0000000000000000        0x0 obj/srcp-descr.o
 .note.GNU-stack
                0x0000000000000000        0x0 obj/srcp-error.o
 .note.GNU-stack
                0x0000000000000000        0x0 obj/srcp-fb.o
 .note.GNU-stack
                0x0000000000000000        0x0 obj/srcp-ga.o
 .note.GNU-stack
                0x0000000000000000        0x0 obj/srcp-gl.o
 .note.GNU-stack
                0x0000000000000000        0x0 obj/srcp-gm.o
 .note.GNU-stack
                0x0000000000000000        0x0 obj/srcp-info.o
 .note.GNU-stack
                0x0000000000000000        0x0 obj/srcp-lock.o
 .note.GNU-stack
                0x0000000000000000        0x0 obj/srcp-power.o
 .note.GNU-stack
                0x0000000000000000        0x0 obj/srcp-server.o
 .note.GNU-stack
                0x0000000000000000        0x0 obj/srcp-session.o
 .note.GNU-stack
                0x0000000000000000        0x0 obj/srcp-sm.o
 .note.GNU-stack
                0x0000000000000000        0x0 obj/srcp-time.o
 .note.GNU-stack
                0x0000000000000000        0x0 obj/syslogmessage.o
 .note.GNU-stack
                0x0000000000000000        0x0 obj/toolbox.o
 .note.GNU-stack
                0x0000000000000000        0x0 obj/a20hw.o
 .note.GNU-stack
                0x0000000000000000        0x0 /usr/lib/gcc/x86_64-linux-gnu/5/libgcc.a(_popcountsi2.o)
 .note.GNU-stack
                0x0000000000000000        0x0 /usr/lib/x86_64-linux-gnu/libc_nonshared.a(elf-init.oS)
 .note.GNU-stack
                0x0000000000000000        0x0 /usr/lib/gcc/x86_64-linux-gnu/5/crtend.o
 .note.GNU-stack
                0x0000000000000000        0x0 /usr/lib/gcc/x86_64-linux-gnu/5/../../../x86_64-linux-gnu/crtn.o

↵
Speichereinrichtung
↵

Name             Ursprung           Länge             Eigenschaften
*default*        0x0000000000000000 0xffffffffffffffff

Linker script and memory map

LOAD /usr/lib/gcc/x86_64-linux-gnu/5/../../../x86_64-linux-gnu/crt1.o
LOAD /usr/lib/gcc/x86_64-linux-gnu/5/../../../x86_64-linux-gnu/crti.o
LOAD /usr/lib/gcc/x86_64-linux-gnu/5/crtbegin.o
LOAD obj/clientservice.o
LOAD obj/config-srcpd.o
LOAD obj/ddl.o
LOAD obj/ddl_maerklin.o
LOAD obj/ddl_mfx.o
LOAD obj/ddl_nmra.o
LOAD obj/io.o
LOAD obj/loopback.o
LOAD obj/netservice.o
LOAD obj/srcp-command.o
LOAD obj/srcpd.o
LOAD obj/srcp-descr.o
LOAD obj/srcp-error.o
LOAD obj/srcp-fb.o
LOAD obj/srcp-ga.o
LOAD obj/srcp-gl.o
LOAD obj/srcp-gm.o
LOAD obj/srcp-info.o
LOAD obj/srcp-lock.o
LOAD obj/srcp-power.o
LOAD obj/srcp-server.o
LOAD obj/srcp-session.o
LOAD obj/srcp-sm.o
LOAD obj/srcp-time.o
LOAD obj/syslogmessage.o
LOAD obj/toolbox.o
LOAD obj/a20hw.o
LOAD /usr/lib/gcc/x86_64-linux-gnu/5/../../../x86_64-linux-gnu/libxml2.so
LOAD /usr/lib/gcc/x86_64-linux-gnu/5/libgcc.a
LOAD /usr/lib/gcc/x86_64-linux-gnu/5/libgcc_s.so
LOAD /usr/lib/gcc/x86_64-linux-gnu/5/../../../x86_64-linux-gnu/libpthread.so
START GROUP
LOAD /lib/x86_64-linux-gnu/libpthread.so.0
LOAD /usr/lib/x86_64-linux-gnu/libpthread_nonshared.a
END GROUP
LOAD /usr/lib/gcc/x86_64-linux-gnu/5/../../../x86_64-linux-gnu/libc.so
START GROUP
LOAD /lib/x86_64-linux-gnu/libc.so.6
LOAD /usr/lib/x86_64-linux-gnu/libc_nonshared.a
LOAD /lib/x86_64-linux-gnu/ld-linux-x86-64.so.2
END GROUP
LOAD /usr/lib/gcc/x86_64-linux-gnu/5/libgcc.a
LOAD /usr/lib/gcc/x86_64-linux-gnu/5/libgcc_s.so
LOAD /usr/lib/gcc/x86_64-linux-gnu/5/crtend.o
LOAD /usr/lib/gcc/x86_64-linux-gnu/5/../../../x86_64-linux-gnu/crtn.o
                [!provide]                        PROVIDE (__executable_start, 0x400000)
                0x0000000000400238                . = (0x400000 + SIZEOF_HEADERS)

.interp         0x0000000000400238       0x1c
 *(.interp)
 .interp        0x0000000000400238       0x1c /usr/lib/gcc/x86_64-linux-gnu/5/../../../x86_64-linux-gnu/crt1.o

.note.ABI-tag   0x0000000000400254       0x20
 .note.ABI-tag  0x0000000000400254       0x20 /usr/lib/gcc/x86_64-linux-gnu/5/../../../x86_64-linux-gnu/crt1.o

.note.gnu.build-id
                0x0000000000400274       0x24
 *(.note.gnu.build-id)
 .note.gnu.build-id
                0x0000000000400274       0x24 /usr/lib/gcc/x86_64-linux-gnu/5/../../../x86_64-linux-gnu/crt1.o

.hash
 *(.hash)

.gnu.hash       0x0000000000400298       0x50
 *(.gnu.hash)
 .gnu.hash      0x0000000000400298       0x50 /usr/lib/gcc/x86_64-linux-gnu/5/../../../x86_64-linux-gnu/crt1.o

.dynsym         0x00000000004002e8      0xdb0
 *(.dynsym)
 .dynsym        0x00000000004002e8      0xdb0 /usr/lib/gcc/x86_64-linux-gnu/5/../../../x86_64-linux-gnu/crt1.o

.dynstr         0x0000000000401098      0x6f6
 *(.dynstr)
 .dynstr        0x0000000000401098      0x6f6 /usr/lib/gcc/x86_64-linux-gnu/5/../../../x86_64-linux-gnu/crt1.o

.gnu.version    0x000000000040178e      0x124
 *(.gnu.version)
 .gnu.version   0x000000000040178e      0x124 /usr/lib/gcc/x86_64-linux-gnu/5/../../../x86_64-linux-gnu/crt1.o

.gnu.version_d  0x00000000004018b8        0x0
 *(.gnu.version_d)
 .gnu.version_d
                0x00000000004018b8        0x0 /usr/lib/gcc/x86_64-linux-gnu/5/../../../x86_64-linux-gnu/crt1.o

.gnu.version_r  0x00000000004018b8       0xe0
 *(.gnu.version_r)
 .gnu.version_r
                0x00000000004018b8       0xe0 /usr/lib/gcc/x86_64-linux-gnu/5/../../../x86_64-linux-gnu/crt1.o

.rela.dyn       0x0000000000401998       0x90
 *(.rela.init)
 *(.rela.text .rela.text.* .rela.gnu.linkonce.t.*)
 .rela.text     0x0000000000401998        0x0 /usr/lib/gcc/x86_64-linux-gnu/5/../../../x86_64-linux-gnu/crt1.o
 .rela.text.startup
                0x0000000000401998        0x0 /usr/lib/gcc/x86_64-linux-gnu/5/../../../x86_64-linux-gnu/crt1.o
 *(.rela.fini)
 *(.rela.rodata .rela.rodata.* .rela.gnu.linkonce.r.*)
 *(.rela.data .rela.data.* .rela.gnu.linkonce.d.*)
 *(.rela.tdata .rela.tdata.* .rela.gnu.linkonce.td.*)
 *(.rela.tbss .rela.tbss.* .rela.gnu.linkonce.tb.*)
 *(.rela.ctors)
 *(.rela.dtors)
 *(.rela.got)
 .rela.got      0x0000000000401998       0x18 /usr/lib/gcc/x86_64-linux-gnu/5/../../../x86_64-linux-gnu/crt1.o
 *(.rela.bss .rela.bss.* .rela.gnu.linkonce.b.*)
 .rela.bss      0x00000000004019b0       0x78 /usr/lib/gcc/x86_64-linux-gnu/5/../../../x86_64-linux-gnu/crt1.o
 *(.rela.ldata .rela.ldata.* .rela.gnu.linkonce.l.*)
 *(.rela.lbss .rela.lbss.* .rela.gnu.linkonce.lb.*)
 *(.rela.lrodata .rela.lrodata.* .rela.gnu.linkonce.lr.*)
 *(.rela.ifunc)

.rela.plt       0x0000000000401a28      0xc48
 *(.rela.plt)
 .rela.plt      0x0000000000401a28      0xc48 /usr/lib/gcc/x86_64-linux-gnu/5/../../../x86_64-linux-gnu/crt1.o
                [!provide]                        PROVIDE (__rela_iplt_start, .)
 *(.rela.iplt)
 .rela.iplt     0x0000000000402670        0x0 /usr/lib/gcc/x86_64-linux-gnu/5/../../../x86_64-linux-gnu/crt1.o
                [!provide]                        PROVIDE (__rela_iplt_end, .)

.init           0x0000000000402670       0x1a
 *(SORT(.init))
 .init          0x0000000000402670       0x15 /usr/lib/gcc/x86_64-linux-gnu/5/../../../x86_64-linux-gnu/crti.o
                0x0000000000402670                _init
 .init          0x0000000000402685        0x5 /usr/lib/gcc/x86_64-linux-gnu/5/../../../x86_64-linux-gnu/crtn.o

.plt            0x0000000000402690      0x840
 *(.plt)
 .plt           0x0000000000402690      0x840 /usr/lib/gcc/x86_64-linux-gnu/5/../../../x86_64-linux-gnu/crt1.o
                0x00000000004026a0                sem_destroy@@GLIBC_2.2.5
                0x00000000004026b0                __printf_chk@@GLIBC_2.3.4
                0x00000000004026c0                pthread_cond_signal@@GLIBC_2.3.2
                0x00000000004026d0                __errno_location@@GLIBC_2.2.5
                0x00000000004026e0                pthread_cancel@@GLIBC_2.2.5
                0x00000000004026f0                getservbyname@@GLIBC_2.2.5
                0x0000000000402700                uname@@GLIBC_2.2.5
                0x0000000000402710                bind@@GLIBC_2.2.5
                0x0000000000402720                sem_timedwait@@GLIBC_2.2.5
                0x0000000000402730                __stpcpy_chk@@GLIBC_2.3.4
                0x0000000000402740                __vsyslog_chk@@GLIBC_2.4
                0x0000000000402750                strstr@@GLIBC_2.2.5
                0x0000000000402760                getopt@@GLIBC_2.2.5
                0x0000000000402770                socket@@GLIBC_2.2.5
                0x0000000000402780                fork@@GLIBC_2.2.5
                0x0000000000402790                pthread_setcanceltype@@GLIBC_2.2.5
                0x00000000004027a0                nanosleep@@GLIBC_2.2.5
                0x00000000004027b0                accept@@GLIBC_2.2.5
                0x00000000004027c0                strtoul@@GLIBC_2.2.5
                0x00000000004027d0                strerror@@GLIBC_2.2.5
                0x00000000004027e0                pthread_cond_broadcast@@GLIBC_2.3.2
                0x00000000004027f0                write@@GLIBC_2.2.5
                0x0000000000402800                seteuid@@GLIBC_2.2.5
                0x0000000000402810                getprotobyname@@GLIBC_2.2.5
                0x0000000000402820                strlen@@GLIBC_2.2.5
                0x0000000000402830                inet_ntoa@@GLIBC_2.2.5
                0x0000000000402840                unlink@@GLIBC_2.2.5
                0x0000000000402850                strncmp@@GLIBC_2.2.5
                0x0000000000402860                __strncat_chk@@GLIBC_2.3.4
                0x0000000000402870                pthread_join@@GLIBC_2.2.5
                0x0000000000402880                getuid@@GLIBC_2.2.5
                0x0000000000402890                strncpy@@GLIBC_2.2.5
                0x00000000004028a0                memset@@GLIBC_2.2.5
                0x00000000004028b0                munmap@@GLIBC_2.2.5
                0x00000000004028c0                pthread_create@@GLIBC_2.2.5
                0x00000000004028d0                fcntl@@GLIBC_2.2.5
                0x00000000004028e0                __sprintf_chk@@GLIBC_2.3.4
                0x00000000004028f0                cfsetispeed@@GLIBC_2.2.5
                0x0000000000402900                __snprintf_chk@@GLIBC_2.3.4
                0x0000000000402910                sem_trywait@@GLIBC_2.2.5
                0x0000000000402920                clock@@GLIBC_2.2.5
                0x0000000000402930                pthread_setschedparam@@GLIBC_2.2.5
                0x0000000000402940                xmlStrncmp@@LIBXML2_2.4.30
                0x0000000000402950                open@@GLIBC_2.2.5
                0x0000000000402960                sleep@@GLIBC_2.2.5
                0x0000000000402970                pthread_mutex_unlock@@GLIBC_2.2.5
                0x0000000000402980                sem_post@@GLIBC_2.2.5
                0x0000000000402990                getpwnam@@GLIBC_2.2.5
                0x00000000004029a0                __memmove_chk@@GLIBC_2.3.4
                0x00000000004029b0                memcpy@@GLIBC_2.14
                0x00000000004029c0                __pthread_register_cancel@@GLIBC_2.3.3
                0x00000000004029d0                xmlStrcmp@@LIBXML2_2.4.30
                0x00000000004029e0                __strcpy_chk@@GLIBC_2.3.4
                0x00000000004029f0                openlog@@GLIBC_2.2.5
                0x0000000000402a00                pthread_self@@GLIBC_2.2.5
                0x0000000000402a10                sem_getvalue@@GLIBC_2.2.5
                0x0000000000402a20                __pthread_unwind_next@@GLIBC_2.3.3
                0x0000000000402a30                time@@GLIBC_2.2.5
                0x0000000000402a40                strcpy@@GLIBC_2.2.5
                0x0000000000402a50                getgrnam@@GLIBC_2.2.5
                0x0000000000402a60                select@@GLIBC_2.2.5
                0x0000000000402a70                __isoc99_sscanf@@GLIBC_2.7
                0x0000000000402a80                __strcat_chk@@GLIBC_2.3.4
                0x0000000000402a90                closelog@@GLIBC_2.2.5
                0x0000000000402aa0                fclose@@GLIBC_2.2.5
                0x0000000000402ab0                stpcpy@@GLIBC_2.2.5
                0x0000000000402ac0                pthread_detach@@GLIBC_2.2.5
                0x0000000000402ad0                inet_ntop@@GLIBC_2.2.5
                0x0000000000402ae0                __ctype_b_loc@@GLIBC_2.3
                0x0000000000402af0                strcasecmp@@GLIBC_2.2.5
                0x0000000000402b00                cfsetospeed@@GLIBC_2.2.5
                0x0000000000402b10                setsid@@GLIBC_2.2.5
                0x0000000000402b20                __syslog_chk@@GLIBC_2.4
                0x0000000000402b30                __stack_chk_fail@@GLIBC_2.4
                0x0000000000402b40                tcgetattr@@GLIBC_2.2.5
                0x0000000000402b50                listen@@GLIBC_2.2.5
                0x0000000000402b60                getpwuid@@GLIBC_2.2.5
                0x0000000000402b70                pthread_mutex_destroy@@GLIBC_2.2.5
                0x0000000000402b80                fflush@@GLIBC_2.2.5
                0x0000000000402b90                fopen@@GLIBC_2.2.5
                0x0000000000402ba0                signal@@GLIBC_2.2.5
                0x0000000000402bb0                free@@GLIBC_2.2.5
                0x0000000000402bc0                pthread_cond_init@@GLIBC_2.3.2
                0x0000000000402bd0                exit@@GLIBC_2.2.5
                0x0000000000402be0                sigemptyset@@GLIBC_2.2.5
                0x0000000000402bf0                sigaction@@GLIBC_2.2.5
                0x0000000000402c00                strncasecmp@@GLIBC_2.2.5
                0x0000000000402c10                tcsetattr@@GLIBC_2.2.5
                0x0000000000402c20                setegid@@GLIBC_2.2.5
                0x0000000000402c30                malloc@@GLIBC_2.2.5
                0x0000000000402c40                pipe@@GLIBC_2.2.5
                0x0000000000402c50                shutdown@@GLIBC_2.2.5
                0x0000000000402c60                pthread_testcancel@@GLIBC_2.2.5
                0x0000000000402c70                __pthread_unregister_cancel@@GLIBC_2.3.3
                0x0000000000402c80                strcmp@@GLIBC_2.2.5
                0x0000000000402c90                strtol@@GLIBC_2.2.5
                0x0000000000402ca0                ioctl@@GLIBC_2.2.5
                0x0000000000402cb0                usleep@@GLIBC_2.2.5
                0x0000000000402cc0                __sigsetjmp@@GLIBC_2.2.5
                0x0000000000402cd0                read@@GLIBC_2.2.5
                0x0000000000402ce0                xmlGetProp@@LIBXML2_2.4.30
                0x0000000000402cf0                getpid@@GLIBC_2.2.5
                0x0000000000402d00                pthread_mutex_lock@@GLIBC_2.2.5
                0x0000000000402d10                chdir@@GLIBC_2.2.5
                0x0000000000402d20                pthread_mutex_init@@GLIBC_2.2.5
                0x0000000000402d30                pthread_setcancelstate@@GLIBC_2.2.5
                0x0000000000402d40                pthread_cond_timedwait@@GLIBC_2.3.2
                0x0000000000402d50                xmlDocGetRootElement@@LIBXML2_2.4.30
                0x0000000000402d60                tcflush@@GLIBC_2.2.5
                0x0000000000402d70                pthread_cond_wait@@GLIBC_2.3.2
                0x0000000000402d80                puts@@GLIBC_2.2.5
                0x0000000000402d90                __fdelt_chk@@GLIBC_2.15
                0x0000000000402da0                gettimeofday@@GLIBC_2.2.5
                0x0000000000402db0                _exit@@GLIBC_2.2.5
                0x0000000000402dc0                __fprintf_chk@@GLIBC_2.3.4
                0x0000000000402dd0                getgrgid@@GLIBC_2.2.5
                0x0000000000402de0                xmlNodeListGetString@@LIBXML2_2.4.30
                0x0000000000402df0                __memcpy_chk@@GLIBC_2.3.4
                0x0000000000402e00                xmlParseFile@@LIBXML2_2.4.30
                0x0000000000402e10                sem_init@@GLIBC_2.2.5
                0x0000000000402e20                pthread_getschedparam@@GLIBC_2.2.5
                0x0000000000402e30                tcflow@@GLIBC_2.2.5
                0x0000000000402e40                pthread_exit@@GLIBC_2.2.5
                0x0000000000402e50                xmlCleanupParser@@LIBXML2_2.4.30
                0x0000000000402e60                mmap@@GLIBC_2.2.5
                0x0000000000402e70                setsockopt@@GLIBC_2.2.5
                0x0000000000402e80                tcdrain@@GLIBC_2.2.5
                0x0000000000402e90                xmlFreeDoc@@LIBXML2_2.4.30
                0x0000000000402ea0                __libc_start_main@@GLIBC_2.2.5
                0x0000000000402eb0                pthread_cond_destroy@@GLIBC_2.3.2
                0x0000000000402ec0                close@@GLIBC_2.2.5
 *(.iplt)
 .iplt          0x0000000000402ed0        0x0 /usr/lib/gcc/x86_64-linux-gnu/5/../../../x86_64-linux-gnu/crt1.o

.plt.got        0x0000000000402ed0        0x8
 *(.plt.got)
 .plt.got       0x0000000000402ed0        0x8 /usr/lib/gcc/x86_64-linux-gnu/5/../../../x86_64-linux-gnu/crt1.o

.plt.bnd
 *(.plt.bnd)

.text           0x0000000000402ee0    0x1b902
 *(.text.unlikely .text.*_unlikely .text.unlikely.*)
 .text.unlikely
                0x0000000000402ee0        0x0 /usr/lib/gcc/x86_64-linux-gnu/5/crtbegin.o
 .text.unlikely
                0x0000000000402ee0        0x0 obj/clientservice.o
 .text.unlikely
                0x0000000000402ee0        0x0 obj/config-srcpd.o
 .text.unlikely
                0x0000000000402ee0        0x0 obj/ddl.o
 .text.unlikely
                0x0000000000402ee0        0x0 obj/ddl_maerklin.o
 .text.unlikely
                0x0000000000402ee0        0x0 obj/ddl_mfx.o
 .text.unlikely
                0x0000000000402ee0        0x0 obj/ddl_nmra.o
 .text.unlikely
                0x0000000000402ee0        0x0 obj/io.o
 .text.unlikely
                0x0000000000402ee0        0x0 obj/loopback.o
 .text.unlikely
                0x0000000000402ee0        0x0 obj/netservice.o
 .text.unlikely
                0x0000000000402ee0        0x0 obj/srcp-command.o
 .text.unlikely
                0x0000000000402ee0        0x0 obj/srcpd.o
 .text.unlikely
                0x0000000000402ee0        0x0 obj/srcp-descr.o
 .text.unlikely
                0x0000000000402ee0        0x0 obj/srcp-error.o
 .text.unlikely
                0x0000000000402ee0        0x0 obj/srcp-fb.o
 .text.unlikely
                0x0000000000402ee0        0x0 obj/srcp-ga.o
 .text.unlikely
                0x0000000000402ee0        0x0 obj/srcp-gl.o
 .text.unlikely
                0x0000000000402ee0        0x0 obj/srcp-gm.o
 .text.unlikely
                0x0000000000402ee0        0x0 obj/srcp-info.o
 .text.unlikely
                0x0000000000402ee0        0x0 obj/srcp-lock.o
 .text.unlikely
                0x0000000000402ee0        0x0 obj/srcp-power.o
 .text.unlikely
                0x0000000000402ee0        0x0 obj/srcp-server.o
 .text.unlikely
                0x0000000000402ee0        0x0 obj/srcp-session.o
 .text.unlikely
                0x0000000000402ee0        0x0 obj/srcp-sm.o
 .text.unlikely
                0x0000000000402ee0        0x0 obj/srcp-time.o
 .text.unlikely
                0x0000000000402ee0        0x0 obj/syslogmessage.o
 .text.unlikely
                0x0000000000402ee0        0x0 obj/toolbox.o
 .text.unlikely
                0x0000000000402ee0        0x0 obj/a20hw.o
 .text.unlikely
                0x0000000000402ee0        0x0 /usr/lib/gcc/x86_64-linux-gnu/5/libgcc.a(_popcountsi2.o)
 .text.unlikely
                0x0000000000402ee0        0x0 /usr/lib/x86_64-linux-gnu/libc_nonshared.a(elf-init.oS)
 *(.text.exit .text.exit.*)
 *(.text.startup .text.startup.*)
 .text.startup  0x0000000000402ee0      0x354 obj/srcpd.o
                0x0000000000402ee0                main
 *(.text.hot .text.hot.*)
 *(.text .stub .text.* .gnu.linkonce.t.*)
 *fill*         0x0000000000403234        0xc 
 .text          0x0000000000403240       0x2a /usr/lib/gcc/x86_64-linux-gnu/5/../../../x86_64-linux-gnu/crt1.o
                0x0000000000403240                _start
 .text          0x000000000040326a        0x0 /usr/lib/gcc/x86_64-linux-gnu/5/../../../x86_64-linux-gnu/crti.o
 *fill*         0x000000000040326a        0x6 
 .text          0x0000000000403270       0xc6 /usr/lib/gcc/x86_64-linux-gnu/5/crtbegin.o
 *fill*         0x0000000000403336        0xa 
 .text          0x0000000000403340      0x801 obj/clientservice.o
                0x0000000000403340                end_client_thread
                0x0000000000403490                thr_doClient
 *fill*         0x0000000000403b41        0xf 
 .text          0x0000000000403b50     0x1432 obj/config-srcpd.o
                0x0000000000403b50                bus_has_devicegroup
                0x0000000000403d90                bus_supports_protocol
                0x0000000000403df0                readConfig
                0x00000000004048b0                suspend_bus_thread
                0x00000000004049c0                resume_bus_thread
                0x0000000000404ac0                create_all_bus_threads
                0x0000000000404c70                cancel_all_bus_threads
                0x0000000000404e10                run_bus_watchdog
 *fill*         0x0000000000404f82        0xe 
 .text          0x0000000000404f90     0x6574 obj/ddl.o
                0x0000000000406380                thr_delayedGAResetCmd
                0x00000000004073d0                queue_add
                0x0000000000407660                setSerialMode
                0x00000000004077f0                init_lineDDL
                0x0000000000407d60                get_maerklin_packet
                0x0000000000407da0                update_MaerklinPacketPool
                0x0000000000408090                update_NMRAPacketPool
                0x0000000000408310                init_bus_DDL
                0x0000000000408d00                update_MFXPacketPool
                0x0000000000408f10                send_packet
                0x000000000040aa00                compute_delta
                0x000000000040aa40                readconfig_DDL
 *fill*         0x000000000040b504        0xc 
 .text          0x000000000040b510     0x1a30 obj/ddl_maerklin.o
                0x000000000040b510                setSPIModeMaerklin
                0x000000000040b540                getMaerklinLO
                0x000000000040b550                getMaerklinHI
                0x000000000040b560                comp_maerklin_1
                0x000000000040b750                comp_maerklin_2
                0x000000000040bd20                comp_maerklin_3
                0x000000000040c330                comp_maerklin_4
                0x000000000040c8f0                comp_maerklin_5
                0x000000000040cb00                comp_maerklin_ms
                0x000000000040cd40                comp_maerklin_mf
 .text          0x000000000040cf40     0x23c4 obj/ddl_mfx.o
                0x000000000040e1d0                newMFXRDSFeedback
                0x000000000040e2c0                getMFXInitParam
                0x000000000040e350                describeGLmfx
                0x000000000040e380                comp_mfx_loco
                0x000000000040e770                assignSID
                0x000000000040eff0                newGLInit
                0x000000000040f060                startMFXThreads
                0x000000000040f100                stopMFXThreads
                0x000000000040f150                sendDekoderTerm
                0x000000000040f160                setMfxSM
                0x000000000040f170                smMfxSetCV
                0x000000000040f190                smMfxGetCV
                0x000000000040f1f0                smMfxSetCA
                0x000000000040f290                smMfxGetCA
 *fill*         0x000000000040f304        0xc 
 .text          0x000000000040f310     0x2f51 obj/ddl_nmra.o
                0x000000000040fcd0                translateBitstream2Packetstream
                0x00000000004110d0                comp_nmra_accessory
                0x00000000004112e0                comp_nmra_multi_func
                0x0000000000411d20                protocol_nmra_sm_write_cvbyte_pom
                0x0000000000411ed0                protocol_nmra_sm_write_cvbit_pom
                0x00000000004120b0                protocol_nmra_sm_write_phregister
                0x00000000004120c0                protocol_nmra_sm_verify_phregister
                0x00000000004120d0                protocol_nmra_sm_get_phregister
                0x0000000000412110                protocol_nmra_sm_write_cvbyte
                0x0000000000412120                protocol_nmra_sm_verify_cvbyte
                0x0000000000412130                protocol_nmra_sm_write_cvbit
                0x0000000000412140                protocol_nmra_sm_verify_cvbit
                0x0000000000412150                protocol_nmra_sm_get_cvbyte
                0x00000000004121a0                protocol_nmra_sm_write_page
                0x00000000004121d0                protocol_nmra_sm_verify_page
                0x0000000000412200                protocol_nmra_sm_get_page
 *fill*         0x0000000000412261        0xf 
 .text          0x0000000000412270      0x6ce obj/io.o
                0x0000000000412270                readByte
                0x0000000000412420                writeByte
                0x00000000004125b0                writeString
                0x0000000000412600                save_comport
                0x0000000000412680                restore_comport
                0x0000000000412740                close_comport
                0x00000000004127e0                socket_readline
                0x00000000004128d0                writen
 *fill*         0x000000000041293e        0x2 
 .text          0x0000000000412940      0xed7 obj/loopback.o
                0x0000000000412940                init_ga_LOOPBACK
                0x0000000000412970                init_bus_LOOPBACK
                0x0000000000412af0                init_gl_LOOPBACK
                0x0000000000412ba0                thr_sendrec_LOOPBACK
                0x0000000000413440                readconfig_LOOPBACK
 *fill*         0x0000000000413817        0x9 
 .text          0x0000000000413820      0x784 obj/netservice.o
                0x0000000000413820                end_netrequest_thread
                0x0000000000413850                change_privileges
                0x00000000004139c0                ipv6_supported
                0x00000000004139f0                thr_handlePort
                0x0000000000413e80                create_netservice_thread
                0x0000000000413ef0                cancel_netservice_thread
 *fill*         0x0000000000413fa4        0xc 
 .text          0x0000000000413fb0     0x255b obj/srcp-command.o
                0x0000000000414910                handleSET
                0x0000000000414920                handleCHECK
                0x0000000000414930                handleGET
                0x00000000004150c0                handleWAIT
                0x0000000000415410                handleVERIFY
                0x00000000004156c0                handleTERM
                0x0000000000415b60                handleINIT
                0x0000000000415fa0                handleRESET
                0x0000000000416000                doCmdClient
 *fill*         0x000000000041650b        0x5 
 .text          0x0000000000416510      0x5e1 obj/srcpd.o
                0x0000000000416510                sigterm_handler
                0x0000000000416540                sigio_handler
                0x0000000000416650                CreatePIDFile
                0x00000000004166e0                DeletePIDFile
                0x0000000000416730                init_all_buses
                0x0000000000416830                create_all_threads
                0x0000000000416880                cancel_all_threads
                0x0000000000416900                sighup_handler
                0x0000000000416970                install_signal_handlers
                0x0000000000416a10                daemon_init
 *fill*         0x0000000000416af1        0xf 
 .text          0x0000000000416b00       0x89 obj/srcp-descr.o
                0x0000000000416b00                startup_DESCRIPTION
                0x0000000000416b10                describeBus
 *fill*         0x0000000000416b89        0x7 
 .text          0x0000000000416b90      0x6f1 obj/srcp-error.o
                0x0000000000416b90                srcp_fmt_msg
 *fill*         0x0000000000417281        0xf 
 .text          0x0000000000417290      0xc01 obj/srcp-fb.o
                0x0000000000417330                queueIsEmptyFB
                0x0000000000417350                getFB
                0x00000000004173d0                infoFB
                0x00000000004178a0                updateFB
                0x00000000004178d0                setFB
                0x0000000000417900                setFBmodul
                0x00000000004179e0                describeFB
                0x00000000004179f0                startup_FB
                0x0000000000417a40                set_min_time
                0x0000000000417a60                init_FB
                0x0000000000417b20                initFB
                0x0000000000417bb0                get_number_fb
                0x0000000000417bc0                check_reset_fb
 *fill*         0x0000000000417e91        0xf 
 .text          0x0000000000417ea0      0xff2 obj/srcp-ga.o
                0x0000000000417ea0                get_number_ga
                0x0000000000417eb0                enqueueGA
                0x00000000004180e0                queue_GA_isempty
                0x0000000000418100                dequeueNextGA
                0x00000000004181e0                getGA
                0x00000000004182a0                isInitializedGA
                0x00000000004182c0                termGA
                0x00000000004183e0                describeGA
                0x00000000004184a0                infoGA
                0x00000000004185c0                initGA
                0x0000000000418760                setGA
                0x0000000000418890                getlockGA
                0x00000000004188b0                describeLOCKGA
                0x0000000000418940                lockGA
                0x0000000000418a10                unlockGA
                0x0000000000418b00                unlock_ga_bysessionid
                0x0000000000418bc0                unlock_ga_bytime
                0x0000000000418c80                startup_GA
                0x0000000000418d20                shutdown_GA
                0x0000000000418da0                init_GA
                0x0000000000418e30                clean_GA
 *fill*         0x0000000000418e92        0xe 
 .text          0x0000000000418ea0     0x159c obj/srcp-gl.o
                0x0000000000418ef0                isValidGL
                0x0000000000418f20                getMaxAddrGL
                0x0000000000418f40                isInitializedGL
                0x0000000000418f90                queue_GL_isempty
                0x0000000000418fd0                dequeueNextGL
                0x00000000004190a0                cacheGetGL
                0x00000000004190f0                resetAllGL
                0x0000000000419180                cacheCleanGL
                0x00000000004191e0                cacheDescribeGL
                0x0000000000419460                cacheInitGL
                0x00000000004194b0                enqueueGL
                0x00000000004198f0                cacheTermGL
                0x0000000000419980                resetGL
                0x00000000004199c0                cacheInfoGL
                0x0000000000419b50                cacheSetGL
                0x0000000000419d00                cacheGetLockGL
                0x0000000000419d40                describeLOCKGL
                0x0000000000419de0                cacheLockGL
                0x0000000000419ea0                cacheUnlockGL
                0x0000000000419fb0                unlock_gl_bysessionid
                0x000000000041a050                unlock_gl_bytime
                0x000000000041a0f0                startup_GL
                0x000000000041a160                shutdown_GL
                0x000000000041a1d0                init_GL
                0x000000000041a2a0                debugGL
 *fill*         0x000000000041a43c        0x4 
 .text          0x000000000041a440      0x11c obj/srcp-gm.o
                0x000000000041a440                setGM
 *fill*         0x000000000041a55c        0x4 
 .text          0x000000000041a560      0xb7c obj/srcp-info.o
                0x000000000041a560                enqueueInfoMessage
                0x000000000041a580                startup_INFO
                0x000000000041a590                doInfoClient
 *fill*         0x000000000041b0dc        0x4 
 .text          0x000000000041b0e0        0x2 obj/srcp-lock.o
                0x000000000041b0e0                startup_LOCK
 *fill*         0x000000000041b0e2        0xe 
 .text          0x000000000041b0f0      0x17c obj/srcp-power.o
                0x000000000041b0f0                setPower
                0x000000000041b170                getPower
                0x000000000041b190                infoPower
                0x000000000041b230                initPower
                0x000000000041b240                termPower
 *fill*         0x000000000041b26c        0x4 
 .text          0x000000000041b270      0x658 obj/srcp-server.o
                0x000000000041b270                init_bus_server
                0x000000000041b2a0                readconfig_server
                0x000000000041b670                startup_SERVER
                0x000000000041b680                describeSERVER
                0x000000000041b690                set_server_state
                0x000000000041b6a0                get_server_state
                0x000000000041b6b0                infoSERVER
                0x000000000041b7e0                server_reset
                0x000000000041b880                server_shutdown
 *fill*         0x000000000041b8c8        0x8 
 .text          0x000000000041b8d0      0xeb6 obj/srcp-session.o
                0x000000000041b8d0                startup_SESSION
                0x000000000041b970                shutdown_SESSION
                0x000000000041ba10                create_anonymous_session
                0x000000000041bb10                destroy_anonymous_session
                0x000000000041bc00                destroy_session
                0x000000000041bd30                register_session
                0x000000000041be20                is_valid_info_session
                0x000000000041bed0                session_enqueue_info_message
                0x000000000041c0d0                session_terminate
                0x000000000041c200                terminate_all_sessions
                0x000000000041c340                start_session
                0x000000000041c420                stop_session
                0x000000000041c4e0                describeSESSION
                0x000000000041c4f0                termSESSION
                0x000000000041c520                session_lock_wait
                0x000000000041c590                session_unlock_wait
                0x000000000041c5f0                session_condt_wait
                0x000000000041c6d0                session_endwait
 *fill*         0x000000000041c786        0xa 
 .text          0x000000000041c790      0xf04 obj/srcp-sm.o
                0x000000000041c790                enqueueInfoSM
                0x000000000041cda0                enqueueSM
                0x000000000041d100                queue_SM_isempty
                0x000000000041d120                getNextSM
                0x000000000041d1c0                dequeueNextSM
                0x000000000041d290                setSM
                0x000000000041d350                infoSM
 *fill*         0x000000000041d694        0xc 
 .text          0x000000000041d6a0      0x97c obj/srcp-time.o
                0x000000000041d740                startup_TIME
                0x000000000041d760                termTIME
                0x000000000041d880                getTIME
                0x000000000041d920                time_is_available
                0x000000000041d9b0                infoTIME
                0x000000000041da80                setTIME
                0x000000000041db10                thr_clock
                0x000000000041dd00                describeTIME
                0x000000000041ddf0                initTIME
                0x000000000041df30                create_time_thread
                0x000000000041df90                cancel_time_thread
 *fill*         0x000000000041e01c        0x4 
 .text          0x000000000041e020      0x24f obj/syslogmessage.o
                0x000000000041e020                syslog_bus
                0x000000000041e150                syslog_session
 *fill*         0x000000000041e26f        0x1 
 .text          0x000000000041e270       0x2f obj/toolbox.o
                0x000000000041e270                cmpTime
 *fill*         0x000000000041e29f        0x1 
 .text          0x000000000041e2a0      0x466 obj/a20hw.o
                0x000000000041e2a0                a20_peri_read
                0x000000000041e2b0                a20_peri_write
                0x000000000041e2c0                a20_peri_set_bits
                0x000000000041e340                a20_gpio_set
                0x000000000041e360                a20_gpio_clr
                0x000000000041e380                a20_gpio_write
                0x000000000041e3b0                a20_gpio_lev
                0x000000000041e400                a20_gpio_set_fsel
                0x000000000041e460                a20_gpio_fsel
                0x000000000041e4c0                a20_gpio_set_pud
                0x000000000041e520                a20_gpio_pud
                0x000000000041e570                a20_gpio_set_pad
                0x000000000041e5d0                a20_gpio_pad
                0x000000000041e620                a20_init
                0x000000000041e6d0                a20_close
 *fill*         0x000000000041e706        0xa 
 .text          0x000000000041e710       0x5a /usr/lib/gcc/x86_64-linux-gnu/5/libgcc.a(_popcountsi2.o)
                0x000000000041e710                __popcountdi2
 *fill*         0x000000000041e76a        0x6 
 .text          0x000000000041e770       0x72 /usr/lib/x86_64-linux-gnu/libc_nonshared.a(elf-init.oS)
                0x000000000041e770                __libc_csu_init
                0x000000000041e7e0                __libc_csu_fini
 .text          0x000000000041e7e2        0x0 /usr/lib/gcc/x86_64-linux-gnu/5/crtend.o
 .text          0x000000000041e7e2        0x0 /usr/lib/gcc/x86_64-linux-gnu/5/../../../x86_64-linux-gnu/crtn.o
 *(.gnu.warning)

.fini           0x000000000041e7e4        0x9
 *(SORT(.fini))
 .fini          0x000000000041e7e4        0x4 /usr/lib/gcc/x86_64-linux-gnu/5/../../../x86_64-linux-gnu/crti.o
                0x000000000041e7e4                _fini
 .fini          0x000000000041e7e8        0x5 /usr/lib/gcc/x86_64-linux-gnu/5/../../../x86_64-linux-gnu/crtn.o
                [!provide]                        PROVIDE (__etext, .)
                [!provide]                        PROVIDE (_etext, .)
                [!provide]                        PROVIDE (etext, .)

.rodata         0x000000000041e800     0x52b8
 *(.rodata .rodata.* .gnu.linkonce.r.*)
 .rodata.cst4   0x000000000041e800        0x4 /usr/lib/gcc/x86_64-linux-gnu/5/../../../x86_64-linux-gnu/crt1.o
                0x000000000041e800                _IO_stdin_used
 *fill*         0x000000000041e804        0x4 
 .rodata.str1.8
                0x000000000041e808      0x205 obj/clientservice.o
 .rodata.str1.1
                0x000000000041ea0d       0x6b obj/clientservice.o
                                         0x79 (size before relaxing)
 *fill*         0x000000000041ea78        0x8 
 .rodata        0x000000000041ea80       0x2b obj/clientservice.o
 .rodata.str1.1
                0x000000000041eaab      0x20d obj/config-srcpd.o
                                        0x212 (size before relaxing)
 *fill*         0x000000000041ecb8        0x8 
 .rodata        0x000000000041ecc0       0x89 obj/config-srcpd.o
 *fill*         0x000000000041ed49        0x7 
 .rodata.str1.8
                0x000000000041ed50      0x57b obj/config-srcpd.o
 *fill*         0x000000000041f2cb        0x5 
 .rodata.str1.8
                0x000000000041f2d0      0x8df obj/ddl.o
                                        0x96f (size before relaxing)
 .rodata.str1.1
                0x000000000041fbaf      0x2aa obj/ddl.o
                                        0x2bb (size before relaxing)
 *fill*         0x000000000041fe59        0x7 
 .rodata        0x000000000041fe60      0x230 obj/ddl.o
 .rodata.cst8   0x0000000000420090        0x8 obj/ddl.o
 .rodata.str1.8
                0x0000000000420098      0x16a obj/ddl_maerklin.o
                                        0x192 (size before relaxing)
 .rodata.str1.1
                0x0000000000420202       0x19 obj/ddl_maerklin.o
 *fill*         0x000000000042021b        0x5 
 .rodata        0x0000000000420220     0x1000 obj/ddl_maerklin.o
 .rodata.str1.8
                0x0000000000421220      0x3b8 obj/ddl_mfx.o
 .rodata.str1.1
                0x00000000004215d8       0x5c obj/ddl_mfx.o
                                         0x5f (size before relaxing)
 .rodata.str1.1
                0x0000000000421634       0x22 obj/ddl_nmra.o
                                         0x3f (size before relaxing)
 *fill*         0x0000000000421656        0x2 
 .rodata.str1.8
                0x0000000000421658      0x294 obj/ddl_nmra.o
                                        0x30c (size before relaxing)
 *fill*         0x00000000004218ec       0x14 
 .rodata        0x0000000000421900      0x2f0 obj/ddl_nmra.o
 .rodata.cst4   0x0000000000421bf0        0x4 obj/ddl_nmra.o
 *fill*         0x0000000000421bf4        0x4 
 .rodata.cst8   0x0000000000421bf8        0x8 obj/ddl_nmra.o
 .rodata.str1.8
                0x0000000000421c00      0x161 obj/io.o
                                        0x189 (size before relaxing)
 .rodata.str1.1
                0x0000000000421d61       0x4a obj/io.o
 .rodata.str1.1
                0x0000000000421dab       0x47 obj/loopback.o
                                         0x68 (size before relaxing)
 *fill*         0x0000000000421df2        0x6 
 .rodata.str1.8
                0x0000000000421df8       0xc8 obj/loopback.o
                                        0x1d0 (size before relaxing)
 .rodata        0x0000000000421ec0       0x40 obj/loopback.o
 .rodata.str1.8
                0x0000000000421f00      0x2b8 obj/netservice.o
 .rodata.str1.1
                0x00000000004221b8       0xc6 obj/netservice.o
 .rodata.str1.1
                0x000000000042227e      0x131 obj/srcp-command.o
                                        0x199 (size before relaxing)
 *fill*         0x00000000004223af        0x1 
 .rodata.str1.8
                0x00000000004223b0       0xa8 obj/srcp-command.o
                                        0x11e (size before relaxing)
 .rodata.str1.8
                0x0000000000422458      0x33b obj/srcpd.o
                                        0x363 (size before relaxing)
 .rodata.str1.1
                0x0000000000422793       0xe7 obj/srcpd.o
                                         0xee (size before relaxing)
 *fill*         0x000000000042287a        0x6 
 .rodata        0x0000000000422880       0x2b obj/srcpd.o
 *fill*         0x00000000004228ab        0x5 
 .rodata.str1.8
                0x00000000004228b0       0x27 obj/srcp-descr.o
 .rodata.str1.1
                0x00000000004228d7       0x7a obj/srcp-error.o
 *fill*         0x0000000000422951        0x7 
 .rodata.str1.8
                0x0000000000422958      0x34a obj/srcp-error.o
 *fill*         0x0000000000422ca2        0x6 
 .rodata.str1.8
                0x0000000000422ca8       0x86 obj/srcp-fb.o
                                        0x10e (size before relaxing)
 .rodata.str1.1
                0x0000000000422d2e       0x43 obj/srcp-fb.o
 .rodata.str1.1
                0x0000000000422d71       0x5f obj/srcp-ga.o
 .rodata.str1.8
                0x0000000000422dd0       0xa3 obj/srcp-ga.o
                                        0x169 (size before relaxing)
 *fill*         0x0000000000422e73        0x5 
 .rodata.str1.8
                0x0000000000422e78       0xb7 obj/srcp-gl.o
                                        0x179 (size before relaxing)
 .rodata.str1.1
                0x0000000000422f2f      0x147 obj/srcp-gl.o
                                        0x14b (size before relaxing)
 .rodata.str1.1
                0x0000000000423076        0xf obj/srcp-gm.o
 *fill*         0x0000000000423085        0x3 
 .rodata.str1.8
                0x0000000000423088       0x24 obj/srcp-gm.o
 *fill*         0x00000000004230ac        0x4 
 .rodata.str1.8
                0x00000000004230b0      0x123 obj/srcp-info.o
                                        0x1a8 (size before relaxing)
 .rodata.str1.1
                0x00000000004231d3       0x53 obj/srcp-info.o
                                         0x67 (size before relaxing)
 .rodata.str1.1
                0x0000000000423226       0x13 obj/srcp-power.o
                                         0x1a (size before relaxing)
 *fill*         0x0000000000423239        0x7 
 .rodata.str1.8
                0x0000000000423240       0x24 obj/srcp-power.o
 .rodata.str1.1
                0x0000000000423264       0x6b obj/srcp-server.o
                                         0x78 (size before relaxing)
 *fill*         0x00000000004232cf        0x1 
 .rodata.str1.8
                0x00000000004232d0       0xd1 obj/srcp-server.o
                                        0x121 (size before relaxing)
 *fill*         0x00000000004233a1        0x7 
 .rodata.str1.8
                0x00000000004233a8      0x19a obj/srcp-session.o
                                        0x352 (size before relaxing)
 .rodata.str1.1
                0x0000000000423542       0xb5 obj/srcp-session.o
                                         0xc2 (size before relaxing)
 .rodata.str1.1
                0x00000000004235f7       0x7f obj/srcp-sm.o
 *fill*         0x0000000000423676        0x2 
 .rodata.str1.8
                0x0000000000423678      0x20b obj/srcp-sm.o
                                        0x26b (size before relaxing)
 *fill*         0x0000000000423883        0x5 
 .rodata        0x0000000000423888       0xa0 obj/srcp-sm.o
 .rodata.str1.8
                0x0000000000423928       0xda obj/srcp-time.o
                                        0x1c2 (size before relaxing)
 .rodata.str1.1
                0x0000000000423a02       0x47 obj/srcp-time.o
 .rodata.str1.1
                0x0000000000423a49       0x1e obj/syslogmessage.o
 .rodata.str1.1
                0x0000000000423a67        0x9 obj/a20hw.o
 .rodata.str1.8
                0x0000000000423a70       0x48 obj/a20hw.o

.rodata1
 *(.rodata1)

.eh_frame_hdr   0x0000000000423ab8      0x964
 *(.eh_frame_hdr)
 .eh_frame_hdr  0x0000000000423ab8      0x964 /usr/lib/gcc/x86_64-linux-gnu/5/../../../x86_64-linux-gnu/crt1.o
                0x0000000000423ab8                __GNU_EH_FRAME_HDR
 *(.eh_frame_entry .eh_frame_entry.*)

.eh_frame       0x0000000000424420     0x3f34
 *(.eh_frame)
 .eh_frame      0x0000000000424420       0x30 /usr/lib/gcc/x86_64-linux-gnu/5/../../../x86_64-linux-gnu/crt1.o
 .eh_frame      0x0000000000424450       0x40 /usr/lib/gcc/x86_64-linux-gnu/5/../../../x86_64-linux-gnu/crt1.o
 .eh_frame      0x0000000000424490       0x70 obj/clientservice.o
                                         0x80 (size before relaxing)
 .eh_frame      0x0000000000424500      0x1b0 obj/config-srcpd.o
 .eh_frame      0x00000000004246b0      0x850 obj/ddl.o
                                        0x818 (size before relaxing)
 .eh_frame      0x0000000000424f00      0x328 obj/ddl_maerklin.o
                                        0x320 (size before relaxing)
 .eh_frame      0x0000000000425228      0x540 obj/ddl_mfx.o
                                        0x518 (size before relaxing)
 .eh_frame      0x0000000000425768      0x5d0 obj/ddl_nmra.o
                                        0x5a8 (size before relaxing)
 .eh_frame      0x0000000000425d38      0x208 obj/io.o
                                        0x210 (size before relaxing)
 .eh_frame      0x0000000000425f40      0x170 obj/loopback.o
                                        0x178 (size before relaxing)
 .eh_frame      0x00000000004260b0      0x110 obj/netservice.o
                                        0x118 (size before relaxing)
 .eh_frame      0x00000000004261c0      0x498 obj/srcp-command.o
                                        0x4a0 (size before relaxing)
 .eh_frame      0x0000000000426658      0x198 obj/srcpd.o
                                        0x1a0 (size before relaxing)
 .eh_frame      0x00000000004267f0       0x38 obj/srcp-descr.o
                                         0x50 (size before relaxing)
 .eh_frame      0x0000000000426828      0x118 obj/srcp-error.o
                                        0x130 (size before relaxing)
 .eh_frame      0x0000000000426940      0x2e0 obj/srcp-fb.o
                                        0x2c8 (size before relaxing)
 .eh_frame      0x0000000000426c20      0x420 obj/srcp-ga.o
                                        0x3f8 (size before relaxing)
 .eh_frame      0x0000000000427040      0x558 obj/srcp-gl.o
                                        0x528 (size before relaxing)
 .eh_frame      0x0000000000427598       0x48 obj/srcp-gm.o
                                         0x60 (size before relaxing)
 .eh_frame      0x00000000004275e0       0x80 obj/srcp-info.o
                                         0x98 (size before relaxing)
 .eh_frame      0x0000000000427660       0x18 obj/srcp-lock.o
                                         0x30 (size before relaxing)
 .eh_frame      0x0000000000427678       0xa8 obj/srcp-power.o
                                         0xb0 (size before relaxing)
 .eh_frame      0x0000000000427720      0x130 obj/srcp-server.o
                                        0x128 (size before relaxing)
 .eh_frame      0x0000000000427850      0x3a8 obj/srcp-session.o
 .eh_frame      0x0000000000427bf8      0x278 obj/srcp-sm.o
 .eh_frame      0x0000000000427e70      0x238 obj/srcp-time.o
                                        0x230 (size before relaxing)
 .eh_frame      0x00000000004280a8       0x70 obj/syslogmessage.o
                                         0x80 (size before relaxing)
 .eh_frame      0x0000000000428118       0x18 obj/toolbox.o
                                         0x30 (size before relaxing)
 .eh_frame      0x0000000000428130      0x1a8 obj/a20hw.o
                                        0x180 (size before relaxing)
 .eh_frame      0x00000000004282d8       0x18 /usr/lib/gcc/x86_64-linux-gnu/5/libgcc.a(_popcountsi2.o)
                                         0x30 (size before relaxing)
 .eh_frame      0x00000000004282f0       0x60 /usr/lib/x86_64-linux-gnu/libc_nonshared.a(elf-init.oS)
                                         0x78 (size before relaxing)
 .eh_frame      0x0000000000428350        0x4 /usr/lib/gcc/x86_64-linux-gnu/5/crtend.o
 *(.eh_frame.*)

.gcc_except_table
 *(.gcc_except_table .gcc_except_table.*)

.gnu_extab
 *(.gnu_extab*)

.exception_ranges
 *(.exception_ranges .exception_ranges*)
                0x0000000000628df0                . = DATA_SEGMENT_ALIGN (0x200000, 0x1000)

.eh_frame
 *(.eh_frame)
 *(.eh_frame.*)

.gnu_extab
 *(.gnu_extab)

.gcc_except_table
 *(.gcc_except_table .gcc_except_table.*)

.exception_ranges
 *(.exception_ranges .exception_ranges*)

.tdata
 *(.tdata .tdata.* .gnu.linkonce.td.*)

.tbss
 *(.tbss .tbss.* .gnu.linkonce.tb.*)
 *(.tcommon)

.preinit_array  0x0000000000628df0        0x0
                [!provide]                        PROVIDE (__preinit_array_start, .)
 *(.preinit_array)
                [!provide]                        PROVIDE (__preinit_array_end, .)

.init_array     0x0000000000628df0        0x8
                0x0000000000628df0                PROVIDE (__init_array_start, .)
 *(SORT(.init_array.*) SORT(.ctors.*))
 *(.init_array EXCLUDE_FILE(*crtend?.o *crtend.o *crtbegin?.o *crtbegin.o) .ctors)
 .init_array    0x0000000000628df0        0x8 /usr/lib/gcc/x86_64-linux-gnu/5/crtbegin.o
                0x0000000000628df8                PROVIDE (__init_array_end, .)

.fini_array     0x0000000000628df8        0x8
                [!provide]                        PROVIDE (__fini_array_start, .)
 *(SORT(.fini_array.*) SORT(.dtors.*))
 *(.fini_array EXCLUDE_FILE(*crtend?.o *crtend.o *crtbegin?.o *crtbegin.o) .dtors)
 .fini_array    0x0000000000628df8        0x8 /usr/lib/gcc/x86_64-linux-gnu/5/crtbegin.o
                [!provide]                        PROVIDE (__fini_array_end, .)

.ctors
 *crtbegin.o(.ctors)
 *crtbegin?.o(.ctors)
 *(EXCLUDE_FILE(*crtend?.o *crtend.o) .ctors)
 *(SORT(.ctors.*))
 *(.ctors)

.dtors
 *crtbegin.o(.dtors)
 *crtbegin?.o(.dtors)
 *(EXCLUDE_FILE(*crtend?.o *crtend.o) .dtors)
 *(SORT(.dtors.*))
 *(.dtors)

.jcr            0x0000000000628e00        0x8
 *(.jcr)
 .jcr           0x0000000000628e00        0x0 /usr/lib/gcc/x86_64-linux-gnu/5/crtbegin.o
 .jcr           0x0000000000628e00        0x8 /usr/lib/gcc/x86_64-linux-gnu/5/crtend.o

.data.rel.ro
 *(.data.rel.ro.local* .gnu.linkonce.d.rel.ro.local.*)
 *(.data.rel.ro .data.rel.ro.* .gnu.linkonce.d.rel.ro.*)

.dynamic        0x0000000000628e08      0x1f0
 *(.dynamic)
 .dynamic       0x0000000000628e08      0x1f0 /usr/lib/gcc/x86_64-linux-gnu/5/../../../x86_64-linux-gnu/crt1.o
                0x0000000000628e08                _DYNAMIC

.got            0x0000000000628ff8        0x8
 *(.got)
 .got           0x0000000000628ff8        0x8 /usr/lib/gcc/x86_64-linux-gnu/5/../../../x86_64-linux-gnu/crt1.o
 *(.igot)
                0x0000000000629fe8                . = DATA_SEGMENT_RELRO_END (., (SIZEOF (.got.plt) >= 0x18)?0x18:0x0)

.got.plt        0x0000000000629000      0x430
 *(.got.plt)
 .got.plt       0x0000000000629000      0x430 /usr/lib/gcc/x86_64-linux-gnu/5/../../../x86_64-linux-gnu/crt1.o
                0x0000000000629000                _GLOBAL_OFFSET_TABLE_
 *(.igot.plt)
 .igot.plt      0x0000000000629430        0x0 /usr/lib/gcc/x86_64-linux-gnu/5/../../../x86_64-linux-gnu/crt1.o

.data           0x0000000000629440     0x1108
 *(.data .data.* .gnu.linkonce.d.*)
 .data          0x0000000000629440        0x4 /usr/lib/gcc/x86_64-linux-gnu/5/../../../x86_64-linux-gnu/crt1.o
                0x0000000000629440                data_start
                0x0000000000629440                __data_start
 .data          0x0000000000629444        0x0 /usr/lib/gcc/x86_64-linux-gnu/5/../../../x86_64-linux-gnu/crti.o
 *fill*         0x0000000000629444        0x4 
 .data          0x0000000000629448        0x8 /usr/lib/gcc/x86_64-linux-gnu/5/crtbegin.o
                0x0000000000629448                __dso_handle
 .data          0x0000000000629450        0x0 obj/clientservice.o
 .data          0x0000000000629450        0x0 obj/config-srcpd.o
 .data          0x0000000000629450       0x10 obj/ddl.o
 .data          0x0000000000629460        0x1 obj/ddl_maerklin.o
 .data          0x0000000000629461        0x0 obj/ddl_mfx.o
 *fill*         0x0000000000629461       0x1f 
 .data          0x0000000000629480       0xbb obj/ddl_nmra.o
 .data          0x000000000062953b        0x0 obj/io.o
 .data          0x000000000062953b        0x0 obj/loopback.o
 .data          0x000000000062953b        0x0 obj/netservice.o
 .data          0x000000000062953b        0x0 obj/srcp-command.o
 .data          0x000000000062953b        0x0 obj/srcpd.o
 .data          0x000000000062953b        0x0 obj/srcp-descr.o
 .data          0x000000000062953b        0x0 obj/srcp-error.o
 .data          0x000000000062953b        0x0 obj/srcp-fb.o
 .data          0x000000000062953b        0x0 obj/srcp-ga.o
 .data          0x000000000062953b        0x0 obj/srcp-gl.o
 .data          0x000000000062953b        0x0 obj/srcp-gm.o
 .data          0x000000000062953b        0x0 obj/srcp-info.o
 .data          0x000000000062953b        0x0 obj/srcp-lock.o
 .data          0x000000000062953b        0x0 obj/srcp-power.o
 *fill*         0x000000000062953b        0x5 
 .data          0x0000000000629540     0x1000 obj/srcp-server.o
                0x0000000000629540                PIDFILENAME
 .data          0x000000000062a540        0x0 obj/srcp-session.o
 .data          0x000000000062a540        0x0 obj/srcp-sm.o
 .data          0x000000000062a540        0x0 obj/srcp-time.o
 .data          0x000000000062a540        0x0 obj/syslogmessage.o
 .data          0x000000000062a540        0x0 obj/toolbox.o
 .data          0x000000000062a540        0x8 obj/a20hw.o
                0x000000000062a540                a20_gpio
 .data          0x000000000062a548        0x0 /usr/lib/gcc/x86_64-linux-gnu/5/libgcc.a(_popcountsi2.o)
 .data          0x000000000062a548        0x0 /usr/lib/x86_64-linux-gnu/libc_nonshared.a(elf-init.oS)
 .data          0x000000000062a548        0x0 /usr/lib/gcc/x86_64-linux-gnu/5/crtend.o
 .data          0x000000000062a548        0x0 /usr/lib/gcc/x86_64-linux-gnu/5/../../../x86_64-linux-gnu/crtn.o

.tm_clone_table
                0x000000000062a548        0x0
 .tm_clone_table
                0x000000000062a548        0x0 /usr/lib/gcc/x86_64-linux-gnu/5/crtbegin.o
 .tm_clone_table
                0x000000000062a548        0x0 /usr/lib/gcc/x86_64-linux-gnu/5/crtend.o

.data1
 *(.data1)
                0x000000000062a548                _edata = .
                [!provide]                        PROVIDE (edata, .)
                0x000000000062a548                . = .
                0x000000000062a548                __bss_start = .

.bss            0x000000000062a560   0x241388
 *(.dynbss)
 .dynbss        0x000000000062a560       0x5c /usr/lib/gcc/x86_64-linux-gnu/5/../../../x86_64-linux-gnu/crt1.o
                0x000000000062a560                optarg@@GLIBC_2.2.5
                0x000000000062a580                stderr@@GLIBC_2.2.5
                0x000000000062a5a0                in6addr_any@@GLIBC_2.2.5
                0x000000000062a5b0                xmlFree@@LIBXML2_2.4.30
                0x000000000062a5b8                opterr@@GLIBC_2.2.5
 *(.bss .bss.* .gnu.linkonce.b.*)
 .bss           0x000000000062a5bc        0x0 /usr/lib/gcc/x86_64-linux-gnu/5/../../../x86_64-linux-gnu/crt1.o
 .bss           0x000000000062a5bc        0x0 /usr/lib/gcc/x86_64-linux-gnu/5/../../../x86_64-linux-gnu/crti.o
 .bss           0x000000000062a5bc        0x1 /usr/lib/gcc/x86_64-linux-gnu/5/crtbegin.o
 .bss           0x000000000062a5bd        0x0 obj/clientservice.o
 .bss           0x000000000062a5bd        0x0 obj/config-srcpd.o
 *fill*         0x000000000062a5bd        0x3 
 .bss           0x000000000062a5c0       0x60 obj/ddl.o
 .bss           0x000000000062a620        0x2 obj/ddl_maerklin.o
 *fill*         0x000000000062a622       0x1e 
 .bss           0x000000000062a640    0x20090 obj/ddl_mfx.o
 *fill*         0x000000000064a6d0       0x10 
 .bss           0x000000000064a6e0      0x134 obj/ddl_nmra.o
 .bss           0x000000000064a814        0x0 obj/io.o
 .bss           0x000000000064a814        0x0 obj/loopback.o
 *fill*         0x000000000064a814        0x4 
 .bss           0x000000000064a818        0x8 obj/netservice.o
 .bss           0x000000000064a820        0x0 obj/srcp-command.o
 .bss           0x000000000064a820        0x0 obj/srcpd.o
 .bss           0x000000000064a820        0x0 obj/srcp-descr.o
 .bss           0x000000000064a820        0x0 obj/srcp-error.o
 .bss           0x000000000064a820    0x758c0 obj/srcp-fb.o
 .bss           0x00000000006c00e0    0x1f920 obj/srcp-ga.o
 .bss           0x00000000006dfa00   0x186fa0 obj/srcp-gl.o
 .bss           0x00000000008669a0        0x0 obj/srcp-gm.o
 .bss           0x00000000008669a0        0x0 obj/srcp-info.o
 .bss           0x00000000008669a0        0x0 obj/srcp-lock.o
 .bss           0x00000000008669a0        0x0 obj/srcp-power.o
 .bss           0x00000000008669a0        0x4 obj/srcp-server.o
 *fill*         0x00000000008669a4       0x1c 
 .bss           0x00000000008669c0      0x7c0 obj/srcp-session.o
 .bss           0x0000000000867180      0xca0 obj/srcp-sm.o
 .bss           0x0000000000867e20       0xd0 obj/srcp-time.o
 .bss           0x0000000000867ef0        0x0 obj/syslogmessage.o
 .bss           0x0000000000867ef0        0x0 obj/toolbox.o
 .bss           0x0000000000867ef0        0x0 obj/a20hw.o
 .bss           0x0000000000867ef0        0x0 /usr/lib/gcc/x86_64-linux-gnu/5/libgcc.a(_popcountsi2.o)
 .bss           0x0000000000867ef0        0x0 /usr/lib/x86_64-linux-gnu/libc_nonshared.a(elf-init.oS)
 .bss           0x0000000000867ef0        0x0 /usr/lib/gcc/x86_64-linux-gnu/5/crtend.o
 .bss           0x0000000000867ef0        0x0 /usr/lib/gcc/x86_64-linux-gnu/5/../../../x86_64-linux-gnu/crtn.o
 *(COMMON)
 *fill*         0x0000000000867ef0       0x10 
 COMMON         0x0000000000867f00     0x2948 obj/clientservice.o
                0x0000000000867f00                buses
                0x000000000086a840                num_buses
 COMMON         0x000000000086a848        0x8 obj/config-srcpd.o
                0x000000000086a848                waitUARTempty
 COMMON         0x000000000086a850        0x8 obj/ddl.o
                0x000000000086a850                waitUARTempty_MM
 *fill*         0x000000000086a858        0x8 
 COMMON         0x000000000086a860     0x1084 obj/srcpd.o
                0x000000000086a860                conffile
                0x000000000086b860                rfds
                0x000000000086b8e0                maxfd
                0x000000000086b8e8                . = ALIGN ((. != 0x0)?0x8:0x1)
 *fill*         0x000000000086b8e4        0x4 

.lbss
 *(.dynlbss)
 *(.lbss .lbss.* .gnu.linkonce.lb.*)
 *(LARGE_COMMON)
                0x000000000086b8e8                . = ALIGN (0x8)
                0x000000000086b8e8                . = SEGMENT_START ("ldata-segment", .)

.lrodata
 *(.lrodata .lrodata.* .gnu.linkonce.lr.*)

.ldata          0x0000000000c6b8e8        0x0
 *(.ldata .ldata.* .gnu.linkonce.l.*)
                0x0000000000c6b8e8                . = ALIGN ((. != 0x0)?0x8:0x1)
                0x0000000000c6b8e8                . = ALIGN (0x8)
                0x0000000000c6b8e8                _end = .
                [!provide]                        PROVIDE (end, .)
                0x0000000000c6b8e8                . = DATA_SEGMENT_END (.)

.stab
 *(.stab)

.stabstr
 *(.stabstr)

.stab.excl
 *(.stab.excl)

.stab.exclstr
 *(.stab.exclstr)

.stab.index
 *(.stab.index)

.stab.indexstr
 *(.stab.indexstr)

.comment        0x0000000000000000       0x34
 *(.comment)
 .comment       0x0000000000000000       0x34 /usr/lib/gcc/x86_64-linux-gnu/5/crtbegin.o
                                         0x35 (size before relaxing)
 .comment       0x0000000000000034       0x35 obj/clientservice.o
 .comment       0x0000000000000034       0x35 obj/config-srcpd.o
 .comment       0x0000000000000034       0x35 obj/ddl.o
 .comment       0x0000000000000034       0x35 obj/ddl_maerklin.o
 .comment       0x0000000000000034       0x35 obj/ddl_mfx.o
 .comment       0x0000000000000034       0x35 obj/ddl_nmra.o
 .comment       0x0000000000000034       0x35 obj/io.o
 .comment       0x0000000000000034       0x35 obj/loopback.o
 .comment       0x0000000000000034       0x35 obj/netservice.o
 .comment       0x0000000000000034       0x35 obj/srcp-command.o
 .comment       0x0000000000000034       0x35 obj/srcpd.o
 .comment       0x0000000000000034       0x35 obj/srcp-descr.o
 .comment       0x0000000000000034       0x35 obj/srcp-error.o
 .comment       0x0000000000000034       0x35 obj/srcp-fb.o
 .comment       0x0000000000000034       0x35 obj/srcp-ga.o
 .comment       0x0000000000000034       0x35 obj/srcp-gl.o
 .comment       0x0000000000000034       0x35 obj/srcp-gm.o
 .comment       0x0000000000000034       0x35 obj/srcp-info.o
 .comment       0x0000000000000034       0x35 obj/srcp-lock.o
 .comment       0x0000000000000034       0x35 obj/srcp-power.o
 .comment       0x0000000000000034       0x35 obj/srcp-server.o
 .comment       0x0000000000000034       0x35 obj/srcp-session.o
 .comment       0x0000000000000034       0x35 obj/srcp-sm.o
 .comment       0x0000000000000034       0x35 obj/srcp-time.o
 .comment       0x0000000000000034       0x35 obj/syslogmessage.o
 .comment       0x0000000000000034       0x35 obj/toolbox.o
 .comment       0x0000000000000034       0x35 obj/a20hw.o
 .comment       0x0000000000000034       0x35 /usr/lib/gcc/x86_64-linux-gnu/5/crtend.o

.debug
 *(.debug)

.line
 *(.line)

.debug_srcinfo
 *(.debug_srcinfo)

.debug_sfnames
 *(.debug_sfnames)

.debug_aranges  0x0000000000000000      0x520
 *(.debug_aranges)
 .debug_aranges
                0x0000000000000000       0x30 obj/clientservice.o
 .debug_aranges
                0x0000000000000030       0x30 obj/config-srcpd.o
 .debug_aranges
                0x0000000000000060       0x30 obj/ddl.o
 .debug_aranges
                0x0000000000000090       0x30 obj/ddl_maerklin.o
 .debug_aranges
                0x00000000000000c0       0x30 obj/ddl_mfx.o
 .debug_aranges
                0x00000000000000f0       0x30 obj/ddl_nmra.o
 .debug_aranges
                0x0000000000000120       0x30 obj/io.o
 .debug_aranges
                0x0000000000000150       0x30 obj/loopback.o
 .debug_aranges
                0x0000000000000180       0x30 obj/netservice.o
 .debug_aranges
                0x00000000000001b0       0x30 obj/srcp-command.o
 .debug_aranges
                0x00000000000001e0       0x40 obj/srcpd.o
 .debug_aranges
                0x0000000000000220       0x30 obj/srcp-descr.o
 .debug_aranges
                0x0000000000000250       0x30 obj/srcp-error.o
 .debug_aranges
                0x0000000000000280       0x30 obj/srcp-fb.o
 .debug_aranges
                0x00000000000002b0       0x30 obj/srcp-ga.o
 .debug_aranges
                0x00000000000002e0       0x30 obj/srcp-gl.o
 .debug_aranges
                0x0000000000000310       0x30 obj/srcp-gm.o
 .debug_aranges
                0x0000000000000340       0x30 obj/srcp-info.o
 .debug_aranges
                0x0000000000000370       0x30 obj/srcp-lock.o
 .debug_aranges
                0x00000000000003a0       0x30 obj/srcp-power.o
 .debug_aranges
                0x00000000000003d0       0x30 obj/srcp-server.o
 .debug_aranges
                0x0000000000000400       0x30 obj/srcp-session.o
 .debug_aranges
                0x0000000000000430       0x30 obj/srcp-sm.o
 .debug_aranges
                0x0000000000000460       0x30 obj/srcp-time.o
 .debug_aranges
                0x0000000000000490       0x30 obj/syslogmessage.o
 .debug_aranges
                0x00000000000004c0       0x30 obj/toolbox.o
 .debug_aranges
                0x00000000000004f0       0x30 obj/a20hw.o

.debug_pubnames
 *(.debug_pubnames)

.debug_info     0x0000000000000000    0x3b7c8
 *(.debug_info .gnu.linkonce.wi.*)
 .debug_info    0x0000000000000000     0x18f6 obj/clientservice.o
 .debug_info    0x00000000000018f6     0x2e4b obj/config-srcpd.o
 .debug_info    0x0000000000004741     0x86f3 obj/ddl.o
 .debug_info    0x000000000000ce34     0x1a80 obj/ddl_maerklin.o
 .debug_info    0x000000000000e8b4     0x5137 obj/ddl_mfx.o
 .debug_info    0x00000000000139eb     0x72fa obj/ddl_nmra.o
 .debug_info    0x000000000001ace5     0x13bf obj/io.o
 .debug_info    0x000000000001c0a4     0x21f8 obj/loopback.o
 .debug_info    0x000000000001e29c     0x1f1f obj/netservice.o
 .debug_info    0x00000000000201bb     0x41e0 obj/srcp-command.o
 .debug_info    0x000000000002439b     0x287f obj/srcpd.o
 .debug_info    0x0000000000026c1a      0xb81 obj/srcp-descr.o
 .debug_info    0x000000000002779b      0x890 obj/srcp-error.o
 .debug_info    0x000000000002802b     0x1ea4 obj/srcp-fb.o
 .debug_info    0x0000000000029ecf     0x1f13 obj/srcp-ga.o
 .debug_info    0x000000000002bde2     0x2b79 obj/srcp-gl.o
 .debug_info    0x000000000002e95b      0xca7 obj/srcp-gm.o
 .debug_info    0x000000000002f602     0x1817 obj/srcp-info.o
 .debug_info    0x0000000000030e19       0x47 obj/srcp-lock.o
 .debug_info    0x0000000000030e60      0xd74 obj/srcp-power.o
 .debug_info    0x0000000000031bd4     0x1cb0 obj/srcp-server.o
 .debug_info    0x0000000000033884     0x27a6 obj/srcp-session.o
 .debug_info    0x000000000003602a     0x1e3f obj/srcp-sm.o
 .debug_info    0x0000000000037e69     0x1c4f obj/srcp-time.o
 .debug_info    0x0000000000039ab8      0xe9e obj/syslogmessage.o
 .debug_info    0x000000000003a956      0x12e obj/toolbox.o
 .debug_info    0x000000000003aa84      0xd44 obj/a20hw.o

.debug_abbrev   0x0000000000000000     0x5f42
 *(.debug_abbrev)
 .debug_abbrev  0x0000000000000000      0x315 obj/clientservice.o
 .debug_abbrev  0x0000000000000315      0x447 obj/config-srcpd.o
 .debug_abbrev  0x000000000000075c      0x601 obj/ddl.o
 .debug_abbrev  0x0000000000000d5d      0x2c1 obj/ddl_maerklin.o
 .debug_abbrev  0x000000000000101e      0x5a1 obj/ddl_mfx.o
 .debug_abbrev  0x00000000000015bf      0x48d obj/ddl_nmra.o
 .debug_abbrev  0x0000000000001a4c      0x317 obj/io.o
 .debug_abbrev  0x0000000000001d63      0x4a2 obj/loopback.o
 .debug_abbrev  0x0000000000002205      0x3bd obj/netservice.o
 .debug_abbrev  0x00000000000025c2      0x3d5 obj/srcp-command.o
 .debug_abbrev  0x0000000000002997      0x445 obj/srcpd.o
 .debug_abbrev  0x0000000000002ddc      0x23d obj/srcp-descr.o
 .debug_abbrev  0x0000000000003019      0x18d obj/srcp-error.o
 .debug_abbrev  0x00000000000031a6      0x502 obj/srcp-fb.o
 .debug_abbrev  0x00000000000036a8      0x4af obj/srcp-ga.o
 .debug_abbrev  0x0000000000003b57      0x4e9 obj/srcp-gl.o
 .debug_abbrev  0x0000000000004040      0x268 obj/srcp-gm.o
 .debug_abbrev  0x00000000000042a8      0x2d6 obj/srcp-info.o
 .debug_abbrev  0x000000000000457e       0x2a obj/srcp-lock.o
 .debug_abbrev  0x00000000000045a8      0x2b2 obj/srcp-power.o
 .debug_abbrev  0x000000000000485a      0x406 obj/srcp-server.o
 .debug_abbrev  0x0000000000004c60      0x45c obj/srcp-session.o
 .debug_abbrev  0x00000000000050bc      0x41f obj/srcp-sm.o
 .debug_abbrev  0x00000000000054db      0x408 obj/srcp-time.o
 .debug_abbrev  0x00000000000058e3      0x2ac obj/syslogmessage.o
 .debug_abbrev  0x0000000000005b8f       0x9f obj/toolbox.o
 .debug_abbrev  0x0000000000005c2e      0x314 obj/a20hw.o

.debug_line     0x0000000000000000     0x8636
 *(.debug_line .debug_line.* .debug_line_end)
 .debug_line    0x0000000000000000      0x3b3 obj/clientservice.o
 .debug_line    0x00000000000003b3      0x5d7 obj/config-srcpd.o
 .debug_line    0x000000000000098a     0x158b obj/ddl.o
 .debug_line    0x0000000000001f15      0x751 obj/ddl_maerklin.o
 .debug_line    0x0000000000002666      0xa63 obj/ddl_mfx.o
 .debug_line    0x00000000000030c9      0xda1 obj/ddl_nmra.o
 .debug_line    0x0000000000003e6a      0x2f7 obj/io.o
 .debug_line    0x0000000000004161      0x502 obj/loopback.o
 .debug_line    0x0000000000004663      0x406 obj/netservice.o
 .debug_line    0x0000000000004a69      0x7d8 obj/srcp-command.o
 .debug_line    0x0000000000005241      0x521 obj/srcpd.o
 .debug_line    0x0000000000005762      0x189 obj/srcp-descr.o
 .debug_line    0x00000000000058eb      0x198 obj/srcp-error.o
 .debug_line    0x0000000000005a83      0x45b obj/srcp-fb.o
 .debug_line    0x0000000000005ede      0x516 obj/srcp-ga.o
 .debug_line    0x00000000000063f4      0x72e obj/srcp-gl.o
 .debug_line    0x0000000000006b22      0x1bb obj/srcp-gm.o
 .debug_line    0x0000000000006cdd      0x3d9 obj/srcp-info.o
 .debug_line    0x00000000000070b6       0x3f obj/srcp-lock.o
 .debug_line    0x00000000000070f5      0x1dc obj/srcp-power.o
 .debug_line    0x00000000000072d1      0x381 obj/srcp-server.o
 .debug_line    0x0000000000007652      0x474 obj/srcp-session.o
 .debug_line    0x0000000000007ac6      0x327 obj/srcp-sm.o
 .debug_line    0x0000000000007ded      0x379 obj/srcp-time.o
 .debug_line    0x0000000000008166      0x1e9 obj/syslogmessage.o
 .debug_line    0x000000000000834f       0xad obj/toolbox.o
 .debug_line    0x00000000000083fc      0x23a obj/a20hw.o

.debug_frame
 *(.debug_frame)

.debug_str      0x0000000000000000     0x47ae
 *(.debug_str)
 .debug_str     0x0000000000000000      0xa00 obj/clientservice.o
                                        0xb18 (size before relaxing)
 .debug_str     0x0000000000000a00      0x6f5 obj/config-srcpd.o
                                        0xea7 (size before relaxing)
 .debug_str     0x00000000000010f5     0x1181 obj/ddl.o
                                       0x2201 (size before relaxing)
 .debug_str     0x0000000000002276       0xc1 obj/ddl_maerklin.o
                                        0x949 (size before relaxing)
 .debug_str     0x0000000000002337      0x939 obj/ddl_mfx.o
                                       0x18b4 (size before relaxing)
 .debug_str     0x0000000000002c70      0x5da obj/ddl_nmra.o
                                       0x167f (size before relaxing)
 .debug_str     0x000000000000324a       0xa8 obj/io.o
                                        0x727 (size before relaxing)
 .debug_str     0x00000000000032f2       0xfc obj/loopback.o
                                       0x106b (size before relaxing)
 .debug_str     0x00000000000033ee      0x3cb obj/netservice.o
                                        0xde2 (size before relaxing)
 .debug_str     0x00000000000037b9      0x2da obj/srcp-command.o
                                        0xca5 (size before relaxing)
 .debug_str     0x0000000000003a93      0x4e8 obj/srcpd.o
                                        0xddf (size before relaxing)
 .debug_str     0x0000000000003f7b        0xd obj/srcp-descr.o
                                        0x75c (size before relaxing)
 .debug_str     0x0000000000003f88       0x17 obj/srcp-error.o
                                        0x333 (size before relaxing)
 .debug_str     0x0000000000003f9f      0x154 obj/srcp-fb.o
                                        0x9cb (size before relaxing)
 .debug_str     0x00000000000040f3       0x88 obj/srcp-ga.o
                                        0x9e9 (size before relaxing)
 .debug_str     0x000000000000417b       0xac obj/srcp-gl.o
                                        0xae1 (size before relaxing)
 .debug_str     0x0000000000004227       0x44 obj/srcp-gm.o
                                        0x7a8 (size before relaxing)
 .debug_str     0x000000000000426b       0x75 obj/srcp-info.o
                                        0x8ea (size before relaxing)
 .debug_str     0x00000000000042e0        0xc obj/srcp-lock.o
                                         0xac (size before relaxing)
 .debug_str     0x00000000000042ec       0x16 obj/srcp-power.o
                                        0x7bd (size before relaxing)
 .debug_str     0x0000000000004302       0x7d obj/srcp-server.o
                                        0xdd6 (size before relaxing)
 .debug_str     0x000000000000437f      0x182 obj/srcp-session.o
                                        0xbed (size before relaxing)
 .debug_str     0x0000000000004501       0x4c obj/srcp-sm.o
                                        0x952 (size before relaxing)
 .debug_str     0x000000000000454d       0xbc obj/srcp-time.o
                                        0x9a7 (size before relaxing)
 .debug_str     0x0000000000004609       0x8a obj/syslogmessage.o
                                        0x811 (size before relaxing)
 .debug_str     0x0000000000004693        0xa obj/toolbox.o
                                        0x16a (size before relaxing)
 .debug_str     0x000000000000469d      0x111 obj/a20hw.o
                                        0x517 (size before relaxing)

.debug_loc      0x0000000000000000    0x314d6
 *(.debug_loc)
 .debug_loc     0x0000000000000000      0x969 obj/clientservice.o
 .debug_loc     0x0000000000000969     0x1492 obj/config-srcpd.o
 .debug_loc     0x0000000000001dfb     0x83ee obj/ddl.o
 .debug_loc     0x000000000000a1e9     0x3361 obj/ddl_maerklin.o
 .debug_loc     0x000000000000d54a     0x5ccd obj/ddl_mfx.o
 .debug_loc     0x0000000000013217     0xa389 obj/ddl_nmra.o
 .debug_loc     0x000000000001d5a0      0xd36 obj/io.o
 .debug_loc     0x000000000001e2d6      0xadd obj/loopback.o
 .debug_loc     0x000000000001edb3      0xb6e obj/netservice.o
 .debug_loc     0x000000000001f921     0x38cf obj/srcp-command.o
 .debug_loc     0x00000000000231f0      0xc2e obj/srcpd.o
 .debug_loc     0x0000000000023e1e      0x111 obj/srcp-descr.o
 .debug_loc     0x0000000000023f2f      0xb59 obj/srcp-error.o
 .debug_loc     0x0000000000024a88     0x180a obj/srcp-fb.o
 .debug_loc     0x0000000000026292     0x1a0f obj/srcp-ga.o
 .debug_loc     0x0000000000027ca1     0x2df1 obj/srcp-gl.o
 .debug_loc     0x000000000002aa92      0x1e7 obj/srcp-gm.o
 .debug_loc     0x000000000002ac79      0xd6a obj/srcp-info.o
 .debug_loc     0x000000000002b9e3      0x2bd obj/srcp-power.o
 .debug_loc     0x000000000002bca0      0x6d0 obj/srcp-server.o
 .debug_loc     0x000000000002c370     0x17c9 obj/srcp-session.o
 .debug_loc     0x000000000002db39     0x17cc obj/srcp-sm.o
 .debug_loc     0x000000000002f305      0xcd5 obj/srcp-time.o
 .debug_loc     0x000000000002ffda      0x4c9 obj/syslogmessage.o
 .debug_loc     0x00000000000304a3       0x5e obj/toolbox.o
 .debug_loc     0x0000000000030501      0xfd5 obj/a20hw.o

.debug_macinfo
 *(.debug_macinfo)

.debug_weaknames
 *(.debug_weaknames)

.debug_funcnames
 *(.debug_funcnames)

.debug_typenames
 *(.debug_typenames)

.debug_varnames
 *(.debug_varnames)

.debug_pubtypes
 *(.debug_pubtypes)

.debug_ranges   0x0000000000000000     0x49f0
 *(.debug_ranges)
 .debug_ranges  0x0000000000000000      0x200 obj/clientservice.o
 .debug_ranges  0x0000000000000200      0x260 obj/config-srcpd.o
 .debug_ranges  0x0000000000000460      0xd00 obj/ddl.o
 .debug_ranges  0x0000000000001160      0x950 obj/ddl_mfx.o
 .debug_ranges  0x0000000000001ab0     0x1040 obj/ddl_nmra.o
 .debug_ranges  0x0000000000002af0       0xa0 obj/io.o
 .debug_ranges  0x0000000000002b90      0x140 obj/loopback.o
 .debug_ranges  0x0000000000002cd0      0x230 obj/netservice.o
 .debug_ranges  0x0000000000002f00      0x670 obj/srcp-command.o
 .debug_ranges  0x0000000000003570      0x230 obj/srcpd.o
 .debug_ranges  0x00000000000037a0       0x30 obj/srcp-descr.o
 .debug_ranges  0x00000000000037d0       0x40 obj/srcp-error.o
 .debug_ranges  0x0000000000003810      0x220 obj/srcp-fb.o
 .debug_ranges  0x0000000000003a30      0x3f0 obj/srcp-ga.o
 .debug_ranges  0x0000000000003e20      0x4d0 obj/srcp-gl.o
 .debug_ranges  0x00000000000042f0      0x1a0 obj/srcp-info.o
 .debug_ranges  0x0000000000004490       0x80 obj/srcp-power.o
 .debug_ranges  0x0000000000004510       0xb0 obj/srcp-server.o
 .debug_ranges  0x00000000000045c0      0x180 obj/srcp-session.o
 .debug_ranges  0x0000000000004740       0xf0 obj/srcp-sm.o
 .debug_ranges  0x0000000000004830       0x40 obj/srcp-time.o
 .debug_ranges  0x0000000000004870      0x180 obj/a20hw.o

.debug_macro
 *(.debug_macro)

.gnu.attributes
 *(.gnu.attributes)

/DISCARD/
 *(.note.GNU-stack)
 *(.gnu_debuglink)
 *(.gnu.lto_*)
OUTPUT(srcpd elf64-x86-64)
