Archive member included because of file (symbol)

/embedded/arm-cortex/lib/libopencm3_stm32f1.a(can.o)
                              em-stop.o (can_reset)
/embedded/arm-cortex/lib/libopencm3_stm32f1.a(gpio.o)
                              em-stop.o (gpio_set_mode)
/embedded/arm-cortex/lib/libopencm3_stm32f1.a(rcc.o)
                              em-stop.o (rcc_clock_setup_in_hse_8mhz_out_72mhz)
/embedded/arm-cortex/lib/libopencm3_stm32f1.a(gpio_common_all.o)
                              em-stop.o (gpio_set)
/embedded/arm-cortex/lib/libopencm3_stm32f1.a(rcc_common_all.o)
                              /embedded/arm-cortex/lib/libopencm3_stm32f1.a(can.o) (rcc_peripheral_reset)
/embedded/arm-cortex/lib/libopencm3_stm32f1.a(flash_common_f01.o)
                              /embedded/arm-cortex/lib/libopencm3_stm32f1.a(rcc.o) (flash_set_ws)
/embedded/arm-cortex/lib/libopencm3_stm32f1.a(vector.o)
                              (reset_handler)
/embedded/arm-cortex/lib/libopencm3_stm32f1.a(systick.o)
                              em-stop.o (systick_set_reload)
/embedded/arm-cortex/lib/libopencm3_stm32f1.a(nvic.o)
                              em-stop.o (nvic_enable_irq)
/embedded/arm-cortex/lib/libopencm3_stm32f1.a(assert.o)
                              /embedded/arm-cortex/lib/libopencm3_stm32f1.a(rcc.o) (cm3_assert_failed)
/embedded/arm-cortex/lib/libopencm3_stm32f1.a(flash.o)
                              /embedded/arm-cortex/lib/libopencm3_stm32f1.a(flash_common_f01.o) (flash_get_status_flags)

Discarded input sections

 .text          0x00000000        0x0 em-stop.o
 .data          0x00000000        0x0 em-stop.o
 .bss           0x00000000        0x0 em-stop.o
 .group         0x00000000        0x8 /embedded/arm-cortex/lib/libopencm3_stm32f1.a(can.o)
 .group         0x00000000        0x8 /embedded/arm-cortex/lib/libopencm3_stm32f1.a(can.o)
 .group         0x00000000        0x8 /embedded/arm-cortex/lib/libopencm3_stm32f1.a(can.o)
 .group         0x00000000        0x8 /embedded/arm-cortex/lib/libopencm3_stm32f1.a(can.o)
 .group         0x00000000        0x8 /embedded/arm-cortex/lib/libopencm3_stm32f1.a(can.o)
 .group         0x00000000        0x8 /embedded/arm-cortex/lib/libopencm3_stm32f1.a(can.o)
 .group         0x00000000        0x8 /embedded/arm-cortex/lib/libopencm3_stm32f1.a(can.o)
 .group         0x00000000        0x8 /embedded/arm-cortex/lib/libopencm3_stm32f1.a(can.o)
 .group         0x00000000        0x8 /embedded/arm-cortex/lib/libopencm3_stm32f1.a(can.o)
 .group         0x00000000        0x8 /embedded/arm-cortex/lib/libopencm3_stm32f1.a(can.o)
 .group         0x00000000        0x8 /embedded/arm-cortex/lib/libopencm3_stm32f1.a(can.o)
 .text          0x00000000        0x0 /embedded/arm-cortex/lib/libopencm3_stm32f1.a(can.o)
 .data          0x00000000        0x0 /embedded/arm-cortex/lib/libopencm3_stm32f1.a(can.o)
 .bss           0x00000000        0x0 /embedded/arm-cortex/lib/libopencm3_stm32f1.a(can.o)
 .text.can_filter_id_mask_16bit_init
                0x00000000       0x28 /embedded/arm-cortex/lib/libopencm3_stm32f1.a(can.o)
 .text.can_filter_id_list_16bit_init
                0x00000000       0x28 /embedded/arm-cortex/lib/libopencm3_stm32f1.a(can.o)
 .text.can_filter_id_list_32bit_init
                0x00000000       0x1e /embedded/arm-cortex/lib/libopencm3_stm32f1.a(can.o)
 .text.can_disable_irq
                0x00000000        0xa /embedded/arm-cortex/lib/libopencm3_stm32f1.a(can.o)
 .text.can_available_mailbox
                0x00000000        0xe /embedded/arm-cortex/lib/libopencm3_stm32f1.a(can.o)
 .group         0x00000000        0x8 /embedded/arm-cortex/lib/libopencm3_stm32f1.a(gpio.o)
 .group         0x00000000        0x8 /embedded/arm-cortex/lib/libopencm3_stm32f1.a(gpio.o)
 .group         0x00000000        0x8 /embedded/arm-cortex/lib/libopencm3_stm32f1.a(gpio.o)
 .group         0x00000000        0x8 /embedded/arm-cortex/lib/libopencm3_stm32f1.a(gpio.o)
 .group         0x00000000        0x8 /embedded/arm-cortex/lib/libopencm3_stm32f1.a(gpio.o)
 .group         0x00000000        0x8 /embedded/arm-cortex/lib/libopencm3_stm32f1.a(gpio.o)
 .group         0x00000000        0x8 /embedded/arm-cortex/lib/libopencm3_stm32f1.a(gpio.o)
 .group         0x00000000        0x8 /embedded/arm-cortex/lib/libopencm3_stm32f1.a(gpio.o)
 .group         0x00000000        0x8 /embedded/arm-cortex/lib/libopencm3_stm32f1.a(gpio.o)
 .group         0x00000000        0x8 /embedded/arm-cortex/lib/libopencm3_stm32f1.a(gpio.o)
 .group         0x00000000        0x8 /embedded/arm-cortex/lib/libopencm3_stm32f1.a(gpio.o)
 .text          0x00000000        0x0 /embedded/arm-cortex/lib/libopencm3_stm32f1.a(gpio.o)
 .data          0x00000000        0x0 /embedded/arm-cortex/lib/libopencm3_stm32f1.a(gpio.o)
 .bss           0x00000000        0x0 /embedded/arm-cortex/lib/libopencm3_stm32f1.a(gpio.o)
 .text.gpio_set_eventout
                0x00000000       0x10 /embedded/arm-cortex/lib/libopencm3_stm32f1.a(gpio.o)
 .text.gpio_primary_remap
                0x00000000       0x18 /embedded/arm-cortex/lib/libopencm3_stm32f1.a(gpio.o)
 .text.gpio_secondary_remap
                0x00000000       0x10 /embedded/arm-cortex/lib/libopencm3_stm32f1.a(gpio.o)
 .debug_macro   0x00000000      0x862 /embedded/arm-cortex/lib/libopencm3_stm32f1.a(gpio.o)
 .debug_macro   0x00000000       0x22 /embedded/arm-cortex/lib/libopencm3_stm32f1.a(gpio.o)
 .debug_macro   0x00000000       0x44 /embedded/arm-cortex/lib/libopencm3_stm32f1.a(gpio.o)
 .debug_macro   0x00000000       0x1c /embedded/arm-cortex/lib/libopencm3_stm32f1.a(gpio.o)
 .debug_macro   0x00000000      0x1f7 /embedded/arm-cortex/lib/libopencm3_stm32f1.a(gpio.o)
 .debug_macro   0x00000000       0x22 /embedded/arm-cortex/lib/libopencm3_stm32f1.a(gpio.o)
 .debug_macro   0x00000000       0xfa /embedded/arm-cortex/lib/libopencm3_stm32f1.a(gpio.o)
 .debug_macro   0x00000000       0x52 /embedded/arm-cortex/lib/libopencm3_stm32f1.a(gpio.o)
 .debug_macro   0x00000000      0x1ae /embedded/arm-cortex/lib/libopencm3_stm32f1.a(gpio.o)
 .group         0x00000000        0x8 /embedded/arm-cortex/lib/libopencm3_stm32f1.a(rcc.o)
 .group         0x00000000        0x8 /embedded/arm-cortex/lib/libopencm3_stm32f1.a(rcc.o)
 .group         0x00000000        0x8 /embedded/arm-cortex/lib/libopencm3_stm32f1.a(rcc.o)
 .group         0x00000000        0x8 /embedded/arm-cortex/lib/libopencm3_stm32f1.a(rcc.o)
 .group         0x00000000        0x8 /embedded/arm-cortex/lib/libopencm3_stm32f1.a(rcc.o)
 .group         0x00000000        0x8 /embedded/arm-cortex/lib/libopencm3_stm32f1.a(rcc.o)
 .group         0x00000000        0x8 /embedded/arm-cortex/lib/libopencm3_stm32f1.a(rcc.o)
 .group         0x00000000        0x8 /embedded/arm-cortex/lib/libopencm3_stm32f1.a(rcc.o)
 .group         0x00000000        0x8 /embedded/arm-cortex/lib/libopencm3_stm32f1.a(rcc.o)
 .group         0x00000000        0x8 /embedded/arm-cortex/lib/libopencm3_stm32f1.a(rcc.o)
 .group         0x00000000        0x8 /embedded/arm-cortex/lib/libopencm3_stm32f1.a(rcc.o)
 .group         0x00000000        0x8 /embedded/arm-cortex/lib/libopencm3_stm32f1.a(rcc.o)
 .group         0x00000000        0x8 /embedded/arm-cortex/lib/libopencm3_stm32f1.a(rcc.o)
 .text          0x00000000        0x0 /embedded/arm-cortex/lib/libopencm3_stm32f1.a(rcc.o)
 .data          0x00000000        0x0 /embedded/arm-cortex/lib/libopencm3_stm32f1.a(rcc.o)
 .bss           0x00000000        0x0 /embedded/arm-cortex/lib/libopencm3_stm32f1.a(rcc.o)
 .text.rcc_osc_ready_int_clear
                0x00000000       0x5c /embedded/arm-cortex/lib/libopencm3_stm32f1.a(rcc.o)
 .text.rcc_osc_ready_int_enable
                0x00000000       0x5c /embedded/arm-cortex/lib/libopencm3_stm32f1.a(rcc.o)
 .text.rcc_osc_ready_int_disable
                0x00000000       0x5c /embedded/arm-cortex/lib/libopencm3_stm32f1.a(rcc.o)
 .text.rcc_osc_ready_int_flag
                0x00000000       0x54 /embedded/arm-cortex/lib/libopencm3_stm32f1.a(rcc.o)
 .text.rcc_css_int_clear
                0x00000000       0x10 /embedded/arm-cortex/lib/libopencm3_stm32f1.a(rcc.o)
 .text.rcc_css_int_flag
                0x00000000       0x10 /embedded/arm-cortex/lib/libopencm3_stm32f1.a(rcc.o)
 .text.rcc_osc_off
                0x00000000       0x58 /embedded/arm-cortex/lib/libopencm3_stm32f1.a(rcc.o)
 .text.rcc_css_enable
                0x00000000       0x10 /embedded/arm-cortex/lib/libopencm3_stm32f1.a(rcc.o)
 .text.rcc_css_disable
                0x00000000       0x10 /embedded/arm-cortex/lib/libopencm3_stm32f1.a(rcc.o)
 .text.rcc_osc_bypass_enable
                0x00000000       0x28 /embedded/arm-cortex/lib/libopencm3_stm32f1.a(rcc.o)
 .text.rcc_osc_bypass_disable
                0x00000000       0x28 /embedded/arm-cortex/lib/libopencm3_stm32f1.a(rcc.o)
 .text.rcc_set_pll2_multiplication_factor
                0x00000000       0x14 /embedded/arm-cortex/lib/libopencm3_stm32f1.a(rcc.o)
 .text.rcc_set_pll3_multiplication_factor
                0x00000000       0x14 /embedded/arm-cortex/lib/libopencm3_stm32f1.a(rcc.o)
 .text.rcc_set_usbpre
                0x00000000       0x18 /embedded/arm-cortex/lib/libopencm3_stm32f1.a(rcc.o)
 .text.rcc_set_prediv1
                0x00000000       0x14 /embedded/arm-cortex/lib/libopencm3_stm32f1.a(rcc.o)
 .text.rcc_set_prediv2
                0x00000000       0x14 /embedded/arm-cortex/lib/libopencm3_stm32f1.a(rcc.o)
 .text.rcc_set_prediv1_source
                0x00000000       0x18 /embedded/arm-cortex/lib/libopencm3_stm32f1.a(rcc.o)
 .text.rcc_system_clock_source
                0x00000000       0x10 /embedded/arm-cortex/lib/libopencm3_stm32f1.a(rcc.o)
 .text.rcc_clock_setup_in_hsi_out_64mhz
                0x00000000       0x74 /embedded/arm-cortex/lib/libopencm3_stm32f1.a(rcc.o)
 .text.rcc_clock_setup_in_hsi_out_48mhz
                0x00000000       0x84 /embedded/arm-cortex/lib/libopencm3_stm32f1.a(rcc.o)
 .text.rcc_clock_setup_in_hsi_out_24mhz
                0x00000000       0x70 /embedded/arm-cortex/lib/libopencm3_stm32f1.a(rcc.o)
 .text.rcc_clock_setup_in_hse_8mhz_out_24mhz
                0x00000000       0x88 /embedded/arm-cortex/lib/libopencm3_stm32f1.a(rcc.o)
 .text.rcc_clock_setup_in_hse_12mhz_out_72mhz
                0x00000000       0x8c /embedded/arm-cortex/lib/libopencm3_stm32f1.a(rcc.o)
 .text.rcc_clock_setup_in_hse_16mhz_out_72mhz
                0x00000000       0x8c /embedded/arm-cortex/lib/libopencm3_stm32f1.a(rcc.o)
 .text.rcc_clock_setup_in_hse_25mhz_out_72mhz
                0x00000000       0xac /embedded/arm-cortex/lib/libopencm3_stm32f1.a(rcc.o)
 .text.rcc_backupdomain_reset
                0x00000000       0x18 /embedded/arm-cortex/lib/libopencm3_stm32f1.a(rcc.o)
 .debug_macro   0x00000000      0x862 /embedded/arm-cortex/lib/libopencm3_stm32f1.a(rcc.o)
 .debug_macro   0x00000000       0x22 /embedded/arm-cortex/lib/libopencm3_stm32f1.a(rcc.o)
 .debug_macro   0x00000000       0x44 /embedded/arm-cortex/lib/libopencm3_stm32f1.a(rcc.o)
 .debug_macro   0x00000000       0x1c /embedded/arm-cortex/lib/libopencm3_stm32f1.a(rcc.o)
 .debug_macro   0x00000000      0x1f7 /embedded/arm-cortex/lib/libopencm3_stm32f1.a(rcc.o)
 .debug_macro   0x00000000       0x22 /embedded/arm-cortex/lib/libopencm3_stm32f1.a(rcc.o)
 .debug_macro   0x00000000       0xfa /embedded/arm-cortex/lib/libopencm3_stm32f1.a(rcc.o)
 .debug_macro   0x00000000       0x52 /embedded/arm-cortex/lib/libopencm3_stm32f1.a(rcc.o)
 .debug_macro   0x00000000      0x1ae /embedded/arm-cortex/lib/libopencm3_stm32f1.a(rcc.o)
 .debug_macro   0x00000000      0x825 /embedded/arm-cortex/lib/libopencm3_stm32f1.a(rcc.o)
 .group         0x00000000        0x8 /embedded/arm-cortex/lib/libopencm3_stm32f1.a(gpio_common_all.o)
 .group         0x00000000        0x8 /embedded/arm-cortex/lib/libopencm3_stm32f1.a(gpio_common_all.o)
 .group         0x00000000        0x8 /embedded/arm-cortex/lib/libopencm3_stm32f1.a(gpio_common_all.o)
 .group         0x00000000        0x8 /embedded/arm-cortex/lib/libopencm3_stm32f1.a(gpio_common_all.o)
 .group         0x00000000        0x8 /embedded/arm-cortex/lib/libopencm3_stm32f1.a(gpio_common_all.o)
 .group         0x00000000        0x8 /embedded/arm-cortex/lib/libopencm3_stm32f1.a(gpio_common_all.o)
 .group         0x00000000        0x8 /embedded/arm-cortex/lib/libopencm3_stm32f1.a(gpio_common_all.o)
 .group         0x00000000        0x8 /embedded/arm-cortex/lib/libopencm3_stm32f1.a(gpio_common_all.o)
 .group         0x00000000        0x8 /embedded/arm-cortex/lib/libopencm3_stm32f1.a(gpio_common_all.o)
 .group         0x00000000        0x8 /embedded/arm-cortex/lib/libopencm3_stm32f1.a(gpio_common_all.o)
 .group         0x00000000        0x8 /embedded/arm-cortex/lib/libopencm3_stm32f1.a(gpio_common_all.o)
 .text          0x00000000        0x0 /embedded/arm-cortex/lib/libopencm3_stm32f1.a(gpio_common_all.o)
 .data          0x00000000        0x0 /embedded/arm-cortex/lib/libopencm3_stm32f1.a(gpio_common_all.o)
 .bss           0x00000000        0x0 /embedded/arm-cortex/lib/libopencm3_stm32f1.a(gpio_common_all.o)
 .text.gpio_get
                0x00000000        0x6 /embedded/arm-cortex/lib/libopencm3_stm32f1.a(gpio_common_all.o)
 .text.gpio_toggle
                0x00000000       0x10 /embedded/arm-cortex/lib/libopencm3_stm32f1.a(gpio_common_all.o)
 .text.gpio_port_read
                0x00000000        0x6 /embedded/arm-cortex/lib/libopencm3_stm32f1.a(gpio_common_all.o)
 .text.gpio_port_write
                0x00000000        0x4 /embedded/arm-cortex/lib/libopencm3_stm32f1.a(gpio_common_all.o)
 .text.gpio_port_config_lock
                0x00000000       0x10 /embedded/arm-cortex/lib/libopencm3_stm32f1.a(gpio_common_all.o)
 .debug_macro   0x00000000      0x862 /embedded/arm-cortex/lib/libopencm3_stm32f1.a(gpio_common_all.o)
 .debug_macro   0x00000000       0x22 /embedded/arm-cortex/lib/libopencm3_stm32f1.a(gpio_common_all.o)
 .debug_macro   0x00000000       0x44 /embedded/arm-cortex/lib/libopencm3_stm32f1.a(gpio_common_all.o)
 .debug_macro   0x00000000       0x1c /embedded/arm-cortex/lib/libopencm3_stm32f1.a(gpio_common_all.o)
 .debug_macro   0x00000000      0x1f7 /embedded/arm-cortex/lib/libopencm3_stm32f1.a(gpio_common_all.o)
 .debug_macro   0x00000000       0x22 /embedded/arm-cortex/lib/libopencm3_stm32f1.a(gpio_common_all.o)
 .debug_macro   0x00000000       0xfa /embedded/arm-cortex/lib/libopencm3_stm32f1.a(gpio_common_all.o)
 .debug_macro   0x00000000       0x52 /embedded/arm-cortex/lib/libopencm3_stm32f1.a(gpio_common_all.o)
 .debug_macro   0x00000000      0x1ae /embedded/arm-cortex/lib/libopencm3_stm32f1.a(gpio_common_all.o)
 .debug_macro   0x00000000       0x76 /embedded/arm-cortex/lib/libopencm3_stm32f1.a(gpio_common_all.o)
 .debug_macro   0x00000000      0xdfd /embedded/arm-cortex/lib/libopencm3_stm32f1.a(gpio_common_all.o)
 .group         0x00000000        0x8 /embedded/arm-cortex/lib/libopencm3_stm32f1.a(rcc_common_all.o)
 .group         0x00000000        0x8 /embedded/arm-cortex/lib/libopencm3_stm32f1.a(rcc_common_all.o)
 .group         0x00000000        0x8 /embedded/arm-cortex/lib/libopencm3_stm32f1.a(rcc_common_all.o)
 .group         0x00000000        0x8 /embedded/arm-cortex/lib/libopencm3_stm32f1.a(rcc_common_all.o)
 .group         0x00000000        0x8 /embedded/arm-cortex/lib/libopencm3_stm32f1.a(rcc_common_all.o)
 .group         0x00000000        0x8 /embedded/arm-cortex/lib/libopencm3_stm32f1.a(rcc_common_all.o)
 .group         0x00000000        0x8 /embedded/arm-cortex/lib/libopencm3_stm32f1.a(rcc_common_all.o)
 .group         0x00000000        0x8 /embedded/arm-cortex/lib/libopencm3_stm32f1.a(rcc_common_all.o)
 .group         0x00000000        0x8 /embedded/arm-cortex/lib/libopencm3_stm32f1.a(rcc_common_all.o)
 .group         0x00000000        0x8 /embedded/arm-cortex/lib/libopencm3_stm32f1.a(rcc_common_all.o)
 .text          0x00000000        0x0 /embedded/arm-cortex/lib/libopencm3_stm32f1.a(rcc_common_all.o)
 .data          0x00000000        0x0 /embedded/arm-cortex/lib/libopencm3_stm32f1.a(rcc_common_all.o)
 .bss           0x00000000        0x0 /embedded/arm-cortex/lib/libopencm3_stm32f1.a(rcc_common_all.o)
 .text.rcc_peripheral_enable_clock
                0x00000000        0x8 /embedded/arm-cortex/lib/libopencm3_stm32f1.a(rcc_common_all.o)
 .text.rcc_peripheral_disable_clock
                0x00000000        0xa /embedded/arm-cortex/lib/libopencm3_stm32f1.a(rcc_common_all.o)
 .text.rcc_periph_clock_disable
                0x00000000       0x1c /embedded/arm-cortex/lib/libopencm3_stm32f1.a(rcc_common_all.o)
 .text.rcc_periph_reset_pulse
                0x00000000       0x22 /embedded/arm-cortex/lib/libopencm3_stm32f1.a(rcc_common_all.o)
 .text.rcc_periph_reset_hold
                0x00000000       0x1a /embedded/arm-cortex/lib/libopencm3_stm32f1.a(rcc_common_all.o)
 .text.rcc_periph_reset_release
                0x00000000       0x1c /embedded/arm-cortex/lib/libopencm3_stm32f1.a(rcc_common_all.o)
 .text.rcc_set_mco
                0x00000000       0x14 /embedded/arm-cortex/lib/libopencm3_stm32f1.a(rcc_common_all.o)
 .debug_macro   0x00000000      0x862 /embedded/arm-cortex/lib/libopencm3_stm32f1.a(rcc_common_all.o)
 .debug_macro   0x00000000       0x22 /embedded/arm-cortex/lib/libopencm3_stm32f1.a(rcc_common_all.o)
 .debug_macro   0x00000000       0x44 /embedded/arm-cortex/lib/libopencm3_stm32f1.a(rcc_common_all.o)
 .debug_macro   0x00000000       0x1c /embedded/arm-cortex/lib/libopencm3_stm32f1.a(rcc_common_all.o)
 .debug_macro   0x00000000      0x1f7 /embedded/arm-cortex/lib/libopencm3_stm32f1.a(rcc_common_all.o)
 .debug_macro   0x00000000       0x22 /embedded/arm-cortex/lib/libopencm3_stm32f1.a(rcc_common_all.o)
 .debug_macro   0x00000000       0xfa /embedded/arm-cortex/lib/libopencm3_stm32f1.a(rcc_common_all.o)
 .debug_macro   0x00000000       0x52 /embedded/arm-cortex/lib/libopencm3_stm32f1.a(rcc_common_all.o)
 .debug_macro   0x00000000      0x1ae /embedded/arm-cortex/lib/libopencm3_stm32f1.a(rcc_common_all.o)
 .debug_macro   0x00000000      0x825 /embedded/arm-cortex/lib/libopencm3_stm32f1.a(rcc_common_all.o)
 .group         0x00000000        0x8 /embedded/arm-cortex/lib/libopencm3_stm32f1.a(flash_common_f01.o)
 .group         0x00000000        0x8 /embedded/arm-cortex/lib/libopencm3_stm32f1.a(flash_common_f01.o)
 .group         0x00000000        0x8 /embedded/arm-cortex/lib/libopencm3_stm32f1.a(flash_common_f01.o)
 .group         0x00000000        0x8 /embedded/arm-cortex/lib/libopencm3_stm32f1.a(flash_common_f01.o)
 .group         0x00000000        0x8 /embedded/arm-cortex/lib/libopencm3_stm32f1.a(flash_common_f01.o)
 .group         0x00000000        0x8 /embedded/arm-cortex/lib/libopencm3_stm32f1.a(flash_common_f01.o)
 .group         0x00000000        0x8 /embedded/arm-cortex/lib/libopencm3_stm32f1.a(flash_common_f01.o)
 .group         0x00000000        0x8 /embedded/arm-cortex/lib/libopencm3_stm32f1.a(flash_common_f01.o)
 .group         0x00000000        0x8 /embedded/arm-cortex/lib/libopencm3_stm32f1.a(flash_common_f01.o)
 .group         0x00000000        0x8 /embedded/arm-cortex/lib/libopencm3_stm32f1.a(flash_common_f01.o)
 .group         0x00000000        0x8 /embedded/arm-cortex/lib/libopencm3_stm32f1.a(flash_common_f01.o)
 .text          0x00000000        0x0 /embedded/arm-cortex/lib/libopencm3_stm32f1.a(flash_common_f01.o)
 .data          0x00000000        0x0 /embedded/arm-cortex/lib/libopencm3_stm32f1.a(flash_common_f01.o)
 .bss           0x00000000        0x0 /embedded/arm-cortex/lib/libopencm3_stm32f1.a(flash_common_f01.o)
 .text.flash_prefetch_buffer_enable
                0x00000000       0x10 /embedded/arm-cortex/lib/libopencm3_stm32f1.a(flash_common_f01.o)
 .text.flash_prefetch_buffer_disable
                0x00000000       0x10 /embedded/arm-cortex/lib/libopencm3_stm32f1.a(flash_common_f01.o)
 .text.flash_unlock
                0x00000000       0x24 /embedded/arm-cortex/lib/libopencm3_stm32f1.a(flash_common_f01.o)
 .text.flash_lock
                0x00000000       0x10 /embedded/arm-cortex/lib/libopencm3_stm32f1.a(flash_common_f01.o)
 .text.flash_clear_pgerr_flag
                0x00000000       0x10 /embedded/arm-cortex/lib/libopencm3_stm32f1.a(flash_common_f01.o)
 .text.flash_clear_eop_flag
                0x00000000       0x10 /embedded/arm-cortex/lib/libopencm3_stm32f1.a(flash_common_f01.o)
 .text.flash_clear_wrprterr_flag
                0x00000000       0x10 /embedded/arm-cortex/lib/libopencm3_stm32f1.a(flash_common_f01.o)
 .text.flash_clear_bsy_flag
                0x00000000       0x10 /embedded/arm-cortex/lib/libopencm3_stm32f1.a(flash_common_f01.o)
 .text.flash_wait_for_last_operation
                0x00000000        0xc /embedded/arm-cortex/lib/libopencm3_stm32f1.a(flash_common_f01.o)
 .text.flash_program_word
                0x00000000       0x18 /embedded/arm-cortex/lib/libopencm3_stm32f1.a(flash_common_f01.o)
 .text.flash_unlock_option_bytes
                0x00000000       0x18 /embedded/arm-cortex/lib/libopencm3_stm32f1.a(flash_common_f01.o)
 .text.flash_erase_option_bytes
                0x00000000       0x34 /embedded/arm-cortex/lib/libopencm3_stm32f1.a(flash_common_f01.o)
 .text.flash_program_option_bytes
                0x00000000       0x34 /embedded/arm-cortex/lib/libopencm3_stm32f1.a(flash_common_f01.o)
 .debug_macro   0x00000000      0x862 /embedded/arm-cortex/lib/libopencm3_stm32f1.a(flash_common_f01.o)
 .debug_macro   0x00000000       0x22 /embedded/arm-cortex/lib/libopencm3_stm32f1.a(flash_common_f01.o)
 .debug_macro   0x00000000       0x44 /embedded/arm-cortex/lib/libopencm3_stm32f1.a(flash_common_f01.o)
 .debug_macro   0x00000000       0x1c /embedded/arm-cortex/lib/libopencm3_stm32f1.a(flash_common_f01.o)
 .debug_macro   0x00000000      0x1f7 /embedded/arm-cortex/lib/libopencm3_stm32f1.a(flash_common_f01.o)
 .debug_macro   0x00000000       0x22 /embedded/arm-cortex/lib/libopencm3_stm32f1.a(flash_common_f01.o)
 .debug_macro   0x00000000       0xfa /embedded/arm-cortex/lib/libopencm3_stm32f1.a(flash_common_f01.o)
 .debug_macro   0x00000000       0x52 /embedded/arm-cortex/lib/libopencm3_stm32f1.a(flash_common_f01.o)
 .debug_macro   0x00000000      0x1ae /embedded/arm-cortex/lib/libopencm3_stm32f1.a(flash_common_f01.o)
 .debug_macro   0x00000000       0xdc /embedded/arm-cortex/lib/libopencm3_stm32f1.a(flash_common_f01.o)
 .debug_macro   0x00000000       0x82 /embedded/arm-cortex/lib/libopencm3_stm32f1.a(flash_common_f01.o)
 .group         0x00000000        0x8 /embedded/arm-cortex/lib/libopencm3_stm32f1.a(vector.o)
 .group         0x00000000        0x8 /embedded/arm-cortex/lib/libopencm3_stm32f1.a(vector.o)
 .group         0x00000000        0x8 /embedded/arm-cortex/lib/libopencm3_stm32f1.a(vector.o)
 .group         0x00000000        0x8 /embedded/arm-cortex/lib/libopencm3_stm32f1.a(vector.o)
 .group         0x00000000        0x8 /embedded/arm-cortex/lib/libopencm3_stm32f1.a(vector.o)
 .group         0x00000000        0x8 /embedded/arm-cortex/lib/libopencm3_stm32f1.a(vector.o)
 .group         0x00000000        0x8 /embedded/arm-cortex/lib/libopencm3_stm32f1.a(vector.o)
 .group         0x00000000        0x8 /embedded/arm-cortex/lib/libopencm3_stm32f1.a(vector.o)
 .group         0x00000000        0x8 /embedded/arm-cortex/lib/libopencm3_stm32f1.a(vector.o)
 .group         0x00000000        0x8 /embedded/arm-cortex/lib/libopencm3_stm32f1.a(vector.o)
 .text          0x00000000        0x0 /embedded/arm-cortex/lib/libopencm3_stm32f1.a(vector.o)
 .data          0x00000000        0x0 /embedded/arm-cortex/lib/libopencm3_stm32f1.a(vector.o)
 .bss           0x00000000        0x0 /embedded/arm-cortex/lib/libopencm3_stm32f1.a(vector.o)
 .debug_macro   0x00000000      0x862 /embedded/arm-cortex/lib/libopencm3_stm32f1.a(vector.o)
 .debug_macro   0x00000000       0x22 /embedded/arm-cortex/lib/libopencm3_stm32f1.a(vector.o)
 .debug_macro   0x00000000       0x44 /embedded/arm-cortex/lib/libopencm3_stm32f1.a(vector.o)
 .debug_macro   0x00000000       0x1c /embedded/arm-cortex/lib/libopencm3_stm32f1.a(vector.o)
 .debug_macro   0x00000000      0x1f7 /embedded/arm-cortex/lib/libopencm3_stm32f1.a(vector.o)
 .debug_macro   0x00000000       0x22 /embedded/arm-cortex/lib/libopencm3_stm32f1.a(vector.o)
 .debug_macro   0x00000000       0xfa /embedded/arm-cortex/lib/libopencm3_stm32f1.a(vector.o)
 .debug_macro   0x00000000       0x52 /embedded/arm-cortex/lib/libopencm3_stm32f1.a(vector.o)
 .group         0x00000000        0x8 /embedded/arm-cortex/lib/libopencm3_stm32f1.a(systick.o)
 .group         0x00000000        0x8 /embedded/arm-cortex/lib/libopencm3_stm32f1.a(systick.o)
 .group         0x00000000        0x8 /embedded/arm-cortex/lib/libopencm3_stm32f1.a(systick.o)
 .group         0x00000000        0x8 /embedded/arm-cortex/lib/libopencm3_stm32f1.a(systick.o)
 .group         0x00000000        0x8 /embedded/arm-cortex/lib/libopencm3_stm32f1.a(systick.o)
 .group         0x00000000        0x8 /embedded/arm-cortex/lib/libopencm3_stm32f1.a(systick.o)
 .group         0x00000000        0x8 /embedded/arm-cortex/lib/libopencm3_stm32f1.a(systick.o)
 .group         0x00000000        0x8 /embedded/arm-cortex/lib/libopencm3_stm32f1.a(systick.o)
 .group         0x00000000        0x8 /embedded/arm-cortex/lib/libopencm3_stm32f1.a(systick.o)
 .text          0x00000000        0x0 /embedded/arm-cortex/lib/libopencm3_stm32f1.a(systick.o)
 .data          0x00000000        0x0 /embedded/arm-cortex/lib/libopencm3_stm32f1.a(systick.o)
 .bss           0x00000000        0x0 /embedded/arm-cortex/lib/libopencm3_stm32f1.a(systick.o)
 .text.systick_get_reload
                0x00000000       0x10 /embedded/arm-cortex/lib/libopencm3_stm32f1.a(systick.o)
 .text.systick_get_value
                0x00000000       0x10 /embedded/arm-cortex/lib/libopencm3_stm32f1.a(systick.o)
 .text.systick_set_frequency
                0x00000000       0x3c /embedded/arm-cortex/lib/libopencm3_stm32f1.a(systick.o)
 .text.systick_interrupt_disable
                0x00000000       0x10 /embedded/arm-cortex/lib/libopencm3_stm32f1.a(systick.o)
 .text.systick_counter_disable
                0x00000000       0x10 /embedded/arm-cortex/lib/libopencm3_stm32f1.a(systick.o)
 .text.systick_get_countflag
                0x00000000       0x10 /embedded/arm-cortex/lib/libopencm3_stm32f1.a(systick.o)
 .text.systick_clear
                0x00000000        0xc /embedded/arm-cortex/lib/libopencm3_stm32f1.a(systick.o)
 .text.systick_get_calib
                0x00000000       0x10 /embedded/arm-cortex/lib/libopencm3_stm32f1.a(systick.o)
 .debug_macro   0x00000000      0x862 /embedded/arm-cortex/lib/libopencm3_stm32f1.a(systick.o)
 .debug_macro   0x00000000       0x52 /embedded/arm-cortex/lib/libopencm3_stm32f1.a(systick.o)
 .debug_macro   0x00000000       0x22 /embedded/arm-cortex/lib/libopencm3_stm32f1.a(systick.o)
 .debug_macro   0x00000000       0x44 /embedded/arm-cortex/lib/libopencm3_stm32f1.a(systick.o)
 .debug_macro   0x00000000       0x1c /embedded/arm-cortex/lib/libopencm3_stm32f1.a(systick.o)
 .debug_macro   0x00000000      0x1f7 /embedded/arm-cortex/lib/libopencm3_stm32f1.a(systick.o)
 .debug_macro   0x00000000       0x22 /embedded/arm-cortex/lib/libopencm3_stm32f1.a(systick.o)
 .debug_macro   0x00000000       0xfa /embedded/arm-cortex/lib/libopencm3_stm32f1.a(systick.o)
 .group         0x00000000        0x8 /embedded/arm-cortex/lib/libopencm3_stm32f1.a(nvic.o)
 .group         0x00000000        0x8 /embedded/arm-cortex/lib/libopencm3_stm32f1.a(nvic.o)
 .group         0x00000000        0x8 /embedded/arm-cortex/lib/libopencm3_stm32f1.a(nvic.o)
 .group         0x00000000        0x8 /embedded/arm-cortex/lib/libopencm3_stm32f1.a(nvic.o)
 .group         0x00000000        0x8 /embedded/arm-cortex/lib/libopencm3_stm32f1.a(nvic.o)
 .group         0x00000000        0x8 /embedded/arm-cortex/lib/libopencm3_stm32f1.a(nvic.o)
 .group         0x00000000        0x8 /embedded/arm-cortex/lib/libopencm3_stm32f1.a(nvic.o)
 .group         0x00000000        0x8 /embedded/arm-cortex/lib/libopencm3_stm32f1.a(nvic.o)
 .group         0x00000000        0x8 /embedded/arm-cortex/lib/libopencm3_stm32f1.a(nvic.o)
 .group         0x00000000        0x8 /embedded/arm-cortex/lib/libopencm3_stm32f1.a(nvic.o)
 .group         0x00000000        0x8 /embedded/arm-cortex/lib/libopencm3_stm32f1.a(nvic.o)
 .text          0x00000000        0x0 /embedded/arm-cortex/lib/libopencm3_stm32f1.a(nvic.o)
 .data          0x00000000        0x0 /embedded/arm-cortex/lib/libopencm3_stm32f1.a(nvic.o)
 .bss           0x00000000        0x0 /embedded/arm-cortex/lib/libopencm3_stm32f1.a(nvic.o)
 .text.nvic_disable_irq
                0x00000000       0x18 /embedded/arm-cortex/lib/libopencm3_stm32f1.a(nvic.o)
 .text.nvic_get_pending_irq
                0x00000000       0x20 /embedded/arm-cortex/lib/libopencm3_stm32f1.a(nvic.o)
 .text.nvic_set_pending_irq
                0x00000000       0x18 /embedded/arm-cortex/lib/libopencm3_stm32f1.a(nvic.o)
 .text.nvic_clear_pending_irq
                0x00000000       0x18 /embedded/arm-cortex/lib/libopencm3_stm32f1.a(nvic.o)
 .text.nvic_get_irq_enabled
                0x00000000       0x20 /embedded/arm-cortex/lib/libopencm3_stm32f1.a(nvic.o)
 .text.nvic_get_active_irq
                0x00000000       0x20 /embedded/arm-cortex/lib/libopencm3_stm32f1.a(nvic.o)
 .text.nvic_generate_software_interrupt
                0x00000000       0x14 /embedded/arm-cortex/lib/libopencm3_stm32f1.a(nvic.o)
 .debug_macro   0x00000000      0x862 /embedded/arm-cortex/lib/libopencm3_stm32f1.a(nvic.o)
 .debug_macro   0x00000000       0x22 /embedded/arm-cortex/lib/libopencm3_stm32f1.a(nvic.o)
 .debug_macro   0x00000000       0x44 /embedded/arm-cortex/lib/libopencm3_stm32f1.a(nvic.o)
 .debug_macro   0x00000000       0x1c /embedded/arm-cortex/lib/libopencm3_stm32f1.a(nvic.o)
 .debug_macro   0x00000000      0x1f7 /embedded/arm-cortex/lib/libopencm3_stm32f1.a(nvic.o)
 .debug_macro   0x00000000       0x22 /embedded/arm-cortex/lib/libopencm3_stm32f1.a(nvic.o)
 .debug_macro   0x00000000       0xfa /embedded/arm-cortex/lib/libopencm3_stm32f1.a(nvic.o)
 .debug_macro   0x00000000       0x52 /embedded/arm-cortex/lib/libopencm3_stm32f1.a(nvic.o)
 .debug_macro   0x00000000       0x6b /embedded/arm-cortex/lib/libopencm3_stm32f1.a(nvic.o)
 .debug_macro   0x00000000      0x1a2 /embedded/arm-cortex/lib/libopencm3_stm32f1.a(nvic.o)
 .group         0x00000000        0x8 /embedded/arm-cortex/lib/libopencm3_stm32f1.a(assert.o)
 .group         0x00000000        0x8 /embedded/arm-cortex/lib/libopencm3_stm32f1.a(assert.o)
 .group         0x00000000        0x8 /embedded/arm-cortex/lib/libopencm3_stm32f1.a(assert.o)
 .group         0x00000000        0x8 /embedded/arm-cortex/lib/libopencm3_stm32f1.a(assert.o)
 .group         0x00000000        0x8 /embedded/arm-cortex/lib/libopencm3_stm32f1.a(assert.o)
 .group         0x00000000        0x8 /embedded/arm-cortex/lib/libopencm3_stm32f1.a(assert.o)
 .group         0x00000000        0x8 /embedded/arm-cortex/lib/libopencm3_stm32f1.a(assert.o)
 .group         0x00000000        0x8 /embedded/arm-cortex/lib/libopencm3_stm32f1.a(assert.o)
 .text          0x00000000        0x0 /embedded/arm-cortex/lib/libopencm3_stm32f1.a(assert.o)
 .data          0x00000000        0x0 /embedded/arm-cortex/lib/libopencm3_stm32f1.a(assert.o)
 .bss           0x00000000        0x0 /embedded/arm-cortex/lib/libopencm3_stm32f1.a(assert.o)
 .text.cm3_assert_failed
                0x00000000        0x2 /embedded/arm-cortex/lib/libopencm3_stm32f1.a(assert.o)
 .text.cm3_assert_failed_verbose
                0x00000000        0x6 /embedded/arm-cortex/lib/libopencm3_stm32f1.a(assert.o)
 .debug_info    0x00000000       0xee /embedded/arm-cortex/lib/libopencm3_stm32f1.a(assert.o)
 .debug_abbrev  0x00000000       0x89 /embedded/arm-cortex/lib/libopencm3_stm32f1.a(assert.o)
 .debug_loc     0x00000000       0x84 /embedded/arm-cortex/lib/libopencm3_stm32f1.a(assert.o)
 .debug_aranges
                0x00000000       0x28 /embedded/arm-cortex/lib/libopencm3_stm32f1.a(assert.o)
 .debug_ranges  0x00000000       0x18 /embedded/arm-cortex/lib/libopencm3_stm32f1.a(assert.o)
 .debug_macro   0x00000000       0x72 /embedded/arm-cortex/lib/libopencm3_stm32f1.a(assert.o)
 .debug_macro   0x00000000      0x862 /embedded/arm-cortex/lib/libopencm3_stm32f1.a(assert.o)
 .debug_macro   0x00000000       0x22 /embedded/arm-cortex/lib/libopencm3_stm32f1.a(assert.o)
 .debug_macro   0x00000000       0x44 /embedded/arm-cortex/lib/libopencm3_stm32f1.a(assert.o)
 .debug_macro   0x00000000       0x1c /embedded/arm-cortex/lib/libopencm3_stm32f1.a(assert.o)
 .debug_macro   0x00000000      0x1f7 /embedded/arm-cortex/lib/libopencm3_stm32f1.a(assert.o)
 .debug_macro   0x00000000       0x22 /embedded/arm-cortex/lib/libopencm3_stm32f1.a(assert.o)
 .debug_macro   0x00000000       0xfa /embedded/arm-cortex/lib/libopencm3_stm32f1.a(assert.o)
 .debug_macro   0x00000000       0x16 /embedded/arm-cortex/lib/libopencm3_stm32f1.a(assert.o)
 .debug_line    0x00000000      0x21d /embedded/arm-cortex/lib/libopencm3_stm32f1.a(assert.o)
 .debug_str     0x00000000     0x342a /embedded/arm-cortex/lib/libopencm3_stm32f1.a(assert.o)
 .comment       0x00000000       0x71 /embedded/arm-cortex/lib/libopencm3_stm32f1.a(assert.o)
 .debug_frame   0x00000000       0x38 /embedded/arm-cortex/lib/libopencm3_stm32f1.a(assert.o)
 .ARM.attributes
                0x00000000       0x33 /embedded/arm-cortex/lib/libopencm3_stm32f1.a(assert.o)
 .group         0x00000000        0x8 /embedded/arm-cortex/lib/libopencm3_stm32f1.a(flash.o)
 .group         0x00000000        0x8 /embedded/arm-cortex/lib/libopencm3_stm32f1.a(flash.o)
 .group         0x00000000        0x8 /embedded/arm-cortex/lib/libopencm3_stm32f1.a(flash.o)
 .group         0x00000000        0x8 /embedded/arm-cortex/lib/libopencm3_stm32f1.a(flash.o)
 .group         0x00000000        0x8 /embedded/arm-cortex/lib/libopencm3_stm32f1.a(flash.o)
 .group         0x00000000        0x8 /embedded/arm-cortex/lib/libopencm3_stm32f1.a(flash.o)
 .group         0x00000000        0x8 /embedded/arm-cortex/lib/libopencm3_stm32f1.a(flash.o)
 .group         0x00000000        0x8 /embedded/arm-cortex/lib/libopencm3_stm32f1.a(flash.o)
 .group         0x00000000        0x8 /embedded/arm-cortex/lib/libopencm3_stm32f1.a(flash.o)
 .group         0x00000000        0x8 /embedded/arm-cortex/lib/libopencm3_stm32f1.a(flash.o)
 .group         0x00000000        0x8 /embedded/arm-cortex/lib/libopencm3_stm32f1.a(flash.o)
 .text          0x00000000        0x0 /embedded/arm-cortex/lib/libopencm3_stm32f1.a(flash.o)
 .data          0x00000000        0x0 /embedded/arm-cortex/lib/libopencm3_stm32f1.a(flash.o)
 .bss           0x00000000        0x0 /embedded/arm-cortex/lib/libopencm3_stm32f1.a(flash.o)
 .text.flash_halfcycle_enable
                0x00000000       0x10 /embedded/arm-cortex/lib/libopencm3_stm32f1.a(flash.o)
 .text.flash_halfcycle_disable
                0x00000000       0x10 /embedded/arm-cortex/lib/libopencm3_stm32f1.a(flash.o)
 .text.flash_unlock_upper
                0x00000000       0x34 /embedded/arm-cortex/lib/libopencm3_stm32f1.a(flash.o)
 .text.flash_lock_upper
                0x00000000       0x10 /embedded/arm-cortex/lib/libopencm3_stm32f1.a(flash.o)
 .text.flash_clear_pgerr_flag_upper
                0x00000000       0x20 /embedded/arm-cortex/lib/libopencm3_stm32f1.a(flash.o)
 .text.flash_clear_eop_flag_upper
                0x00000000       0x20 /embedded/arm-cortex/lib/libopencm3_stm32f1.a(flash.o)
 .text.flash_clear_wrprterr_flag_upper
                0x00000000       0x20 /embedded/arm-cortex/lib/libopencm3_stm32f1.a(flash.o)
 .text.flash_clear_bsy_flag_upper
                0x00000000       0x20 /embedded/arm-cortex/lib/libopencm3_stm32f1.a(flash.o)
 .text.flash_clear_status_flags
                0x00000000       0x38 /embedded/arm-cortex/lib/libopencm3_stm32f1.a(flash.o)
 .text.flash_get_status_flags
                0x00000000       0x28 /embedded/arm-cortex/lib/libopencm3_stm32f1.a(flash.o)
 .text.flash_program_half_word
                0x00000000       0x60 /embedded/arm-cortex/lib/libopencm3_stm32f1.a(flash.o)
 .text.flash_erase_page
                0x00000000       0x78 /embedded/arm-cortex/lib/libopencm3_stm32f1.a(flash.o)
 .text.flash_erase_all_pages
                0x00000000       0x48 /embedded/arm-cortex/lib/libopencm3_stm32f1.a(flash.o)
 .debug_info    0x00000000      0x297 /embedded/arm-cortex/lib/libopencm3_stm32f1.a(flash.o)
 .debug_abbrev  0x00000000      0x11a /embedded/arm-cortex/lib/libopencm3_stm32f1.a(flash.o)
 .debug_loc     0x00000000       0x9c /embedded/arm-cortex/lib/libopencm3_stm32f1.a(flash.o)
 .debug_aranges
                0x00000000       0x80 /embedded/arm-cortex/lib/libopencm3_stm32f1.a(flash.o)
 .debug_ranges  0x00000000       0x70 /embedded/arm-cortex/lib/libopencm3_stm32f1.a(flash.o)
 .debug_macro   0x00000000       0xa7 /embedded/arm-cortex/lib/libopencm3_stm32f1.a(flash.o)
 .debug_macro   0x00000000      0x862 /embedded/arm-cortex/lib/libopencm3_stm32f1.a(flash.o)
 .debug_macro   0x00000000       0x22 /embedded/arm-cortex/lib/libopencm3_stm32f1.a(flash.o)
 .debug_macro   0x00000000       0x44 /embedded/arm-cortex/lib/libopencm3_stm32f1.a(flash.o)
 .debug_macro   0x00000000       0x1c /embedded/arm-cortex/lib/libopencm3_stm32f1.a(flash.o)
 .debug_macro   0x00000000      0x1f7 /embedded/arm-cortex/lib/libopencm3_stm32f1.a(flash.o)
 .debug_macro   0x00000000       0x22 /embedded/arm-cortex/lib/libopencm3_stm32f1.a(flash.o)
 .debug_macro   0x00000000       0xfa /embedded/arm-cortex/lib/libopencm3_stm32f1.a(flash.o)
 .debug_macro   0x00000000       0x52 /embedded/arm-cortex/lib/libopencm3_stm32f1.a(flash.o)
 .debug_macro   0x00000000      0x1ae /embedded/arm-cortex/lib/libopencm3_stm32f1.a(flash.o)
 .debug_macro   0x00000000       0xdc /embedded/arm-cortex/lib/libopencm3_stm32f1.a(flash.o)
 .debug_macro   0x00000000       0x82 /embedded/arm-cortex/lib/libopencm3_stm32f1.a(flash.o)
 .debug_line    0x00000000      0x3d5 /embedded/arm-cortex/lib/libopencm3_stm32f1.a(flash.o)
 .debug_str     0x00000000     0x4929 /embedded/arm-cortex/lib/libopencm3_stm32f1.a(flash.o)
 .comment       0x00000000       0x71 /embedded/arm-cortex/lib/libopencm3_stm32f1.a(flash.o)
 .debug_frame   0x00000000      0x10c /embedded/arm-cortex/lib/libopencm3_stm32f1.a(flash.o)
 .ARM.attributes
                0x00000000       0x33 /embedded/arm-cortex/lib/libopencm3_stm32f1.a(flash.o)

Memory Configuration

Name             Origin             Length             Attributes
rom              0x08000000         0x00010000         xr
ram              0x20000000         0x00005000         xrw
*default*        0x00000000         0xffffffff

Linker script and memory map

LOAD em-stop.o
LOAD /embedded/arm-cortex/lib/libopencm3_stm32f1.a
START GROUP
LOAD /embedded/arm-cortex/gcc-arm-none-eabi-4_9-2015q1/bin/../lib/gcc/arm-none-eabi/4.9.3/../../../../arm-none-eabi/lib/armv7-m/libc.a
LOAD /embedded/arm-cortex/gcc-arm-none-eabi-4_9-2015q1/bin/../lib/gcc/arm-none-eabi/4.9.3/armv7-m/libgcc.a
LOAD /embedded/arm-cortex/gcc-arm-none-eabi-4_9-2015q1/bin/../lib/gcc/arm-none-eabi/4.9.3/../../../../arm-none-eabi/lib/armv7-m/libnosys.a
END GROUP
START GROUP
LOAD /embedded/arm-cortex/gcc-arm-none-eabi-4_9-2015q1/bin/../lib/gcc/arm-none-eabi/4.9.3/armv7-m/libgcc.a
LOAD /embedded/arm-cortex/gcc-arm-none-eabi-4_9-2015q1/bin/../lib/gcc/arm-none-eabi/4.9.3/../../../../arm-none-eabi/lib/armv7-m/libc.a
END GROUP

.text           0x08000000      0xa70
 *(.vectors)
 .vectors       0x08000000      0x150 /embedded/arm-cortex/lib/libopencm3_stm32f1.a(vector.o)
                0x08000000                vector_table
 *(.text*)
 .text.sys_tick_handler
                0x08000150       0x5c em-stop.o
                0x08000150                sys_tick_handler
 .text.usb_lp_can_rx0_isr
                0x080001ac       0x6c em-stop.o
                0x080001ac                usb_lp_can_rx0_isr
 .text.startup.main
                0x08000218      0x114 em-stop.o
                0x08000218                main
 .text.can_reset
                0x0800032c       0x38 /embedded/arm-cortex/lib/libopencm3_stm32f1.a(can.o)
                0x0800032c                can_reset
 .text.can_init
                0x08000364      0x11a /embedded/arm-cortex/lib/libopencm3_stm32f1.a(can.o)
                0x08000364                can_init
 .text.can_filter_init
                0x0800047e       0x8e /embedded/arm-cortex/lib/libopencm3_stm32f1.a(can.o)
                0x0800047e                can_filter_init
 .text.can_filter_id_mask_32bit_init
                0x0800050c       0x1e /embedded/arm-cortex/lib/libopencm3_stm32f1.a(can.o)
                0x0800050c                can_filter_id_mask_32bit_init
 .text.can_enable_irq
                0x0800052a        0x8 /embedded/arm-cortex/lib/libopencm3_stm32f1.a(can.o)
                0x0800052a                can_enable_irq
 .text.can_transmit
                0x08000532       0xc4 /embedded/arm-cortex/lib/libopencm3_stm32f1.a(can.o)
                0x08000532                can_transmit
 .text.can_fifo_release
                0x080005f6       0x16 /embedded/arm-cortex/lib/libopencm3_stm32f1.a(can.o)
                0x080005f6                can_fifo_release
 .text.can_receive
                0x0800060c       0xb4 /embedded/arm-cortex/lib/libopencm3_stm32f1.a(can.o)
                0x0800060c                can_receive
 .text.gpio_set_mode
                0x080006c0       0x64 /embedded/arm-cortex/lib/libopencm3_stm32f1.a(gpio.o)
                0x080006c0                gpio_set_mode
 .text.rcc_osc_on.part.0
                0x08000724       0x10 /embedded/arm-cortex/lib/libopencm3_stm32f1.a(rcc.o)
 .text.rcc_wait_for_osc_ready
                0x08000734       0x64 /embedded/arm-cortex/lib/libopencm3_stm32f1.a(rcc.o)
                0x08000734                rcc_wait_for_osc_ready
 .text.rcc_osc_on
                0x08000798       0x54 /embedded/arm-cortex/lib/libopencm3_stm32f1.a(rcc.o)
                0x08000798                rcc_osc_on
 .text.rcc_set_sysclk_source
                0x080007ec       0x14 /embedded/arm-cortex/lib/libopencm3_stm32f1.a(rcc.o)
                0x080007ec                rcc_set_sysclk_source
 .text.rcc_set_pll_multiplication_factor
                0x08000800       0x14 /embedded/arm-cortex/lib/libopencm3_stm32f1.a(rcc.o)
                0x08000800                rcc_set_pll_multiplication_factor
 .text.rcc_set_pll_source
                0x08000814       0x14 /embedded/arm-cortex/lib/libopencm3_stm32f1.a(rcc.o)
                0x08000814                rcc_set_pll_source
 .text.rcc_set_pllxtpre
                0x08000828       0x14 /embedded/arm-cortex/lib/libopencm3_stm32f1.a(rcc.o)
                0x08000828                rcc_set_pllxtpre
 .text.rcc_set_adcpre
                0x0800083c       0x14 /embedded/arm-cortex/lib/libopencm3_stm32f1.a(rcc.o)
                0x0800083c                rcc_set_adcpre
 .text.rcc_set_ppre2
                0x08000850       0x14 /embedded/arm-cortex/lib/libopencm3_stm32f1.a(rcc.o)
                0x08000850                rcc_set_ppre2
 .text.rcc_set_ppre1
                0x08000864       0x14 /embedded/arm-cortex/lib/libopencm3_stm32f1.a(rcc.o)
                0x08000864                rcc_set_ppre1
 .text.rcc_set_hpre
                0x08000878       0x14 /embedded/arm-cortex/lib/libopencm3_stm32f1.a(rcc.o)
                0x08000878                rcc_set_hpre
 .text.rcc_clock_setup_in_hse_8mhz_out_72mhz
                0x0800088c       0x8c /embedded/arm-cortex/lib/libopencm3_stm32f1.a(rcc.o)
                0x0800088c                rcc_clock_setup_in_hse_8mhz_out_72mhz
 .text.gpio_set
                0x08000918        0x4 /embedded/arm-cortex/lib/libopencm3_stm32f1.a(gpio_common_all.o)
                0x08000918                gpio_set
 .text.gpio_clear
                0x0800091c        0x6 /embedded/arm-cortex/lib/libopencm3_stm32f1.a(gpio_common_all.o)
                0x0800091c                gpio_clear
 .text.rcc_peripheral_reset
                0x08000922        0x8 /embedded/arm-cortex/lib/libopencm3_stm32f1.a(rcc_common_all.o)
                0x08000922                rcc_peripheral_reset
 .text.rcc_peripheral_clear_reset
                0x0800092a        0xa /embedded/arm-cortex/lib/libopencm3_stm32f1.a(rcc_common_all.o)
                0x0800092a                rcc_peripheral_clear_reset
 .text.rcc_periph_clock_enable
                0x08000934       0x1a /embedded/arm-cortex/lib/libopencm3_stm32f1.a(rcc_common_all.o)
                0x08000934                rcc_periph_clock_enable
 *fill*         0x0800094e        0x2 
 .text.flash_set_ws
                0x08000950       0x14 /embedded/arm-cortex/lib/libopencm3_stm32f1.a(flash_common_f01.o)
                0x08000950                flash_set_ws
 .text.blocking_handler
                0x08000964        0x2 /embedded/arm-cortex/lib/libopencm3_stm32f1.a(vector.o)
                0x08000964                usart3_isr
                0x08000964                rtc_isr
                0x08000964                tim7_isr
                0x08000964                adc1_2_isr
                0x08000964                tim1_trg_com_isr
                0x08000964                usb_hp_can_tx_isr
                0x08000964                tim6_isr
                0x08000964                usb_wakeup_isr
                0x08000964                blocking_handler
                0x08000964                tim5_isr
                0x08000964                otg_fs_isr
                0x08000964                spi1_isr
                0x08000964                dma1_channel6_isr
                0x08000964                exti2_isr
                0x08000964                can_rx1_isr
                0x08000964                dma1_channel5_isr
                0x08000964                dma2_channel5_isr
                0x08000964                usart1_isr
                0x08000964                usage_fault_handler
                0x08000964                tim8_trg_com_isr
                0x08000964                can2_rx0_isr
                0x08000964                tim1_brk_isr
                0x08000964                can2_rx1_isr
                0x08000964                tim1_cc_isr
                0x08000964                sdio_isr
                0x08000964                eth_isr
                0x08000964                dma1_channel4_isr
                0x08000964                tim8_brk_isr
                0x08000964                dma2_channel4_5_isr
                0x08000964                pvd_isr
                0x08000964                rcc_isr
                0x08000964                flash_isr
                0x08000964                uart4_isr
                0x08000964                rtc_alarm_isr
                0x08000964                exti15_10_isr
                0x08000964                hard_fault_handler
                0x08000964                exti1_isr
                0x08000964                i2c1_ev_isr
                0x08000964                dma2_channel1_isr
                0x08000964                spi2_isr
                0x08000964                tim8_up_isr
                0x08000964                dma2_channel2_isr
                0x08000964                adc3_isr
                0x08000964                exti3_isr
                0x08000964                tim3_isr
                0x08000964                usart2_isr
                0x08000964                i2c2_er_isr
                0x08000964                i2c2_ev_isr
                0x08000964                uart5_isr
                0x08000964                fsmc_isr
                0x08000964                dma1_channel1_isr
                0x08000964                exti4_isr
                0x08000964                mem_manage_handler
                0x08000964                can2_tx_isr
                0x08000964                exti9_5_isr
                0x08000964                dma2_channel3_isr
                0x08000964                dma1_channel7_isr
                0x08000964                tim1_up_isr
                0x08000964                can2_sce_isr
                0x08000964                tim4_isr
                0x08000964                dma1_channel2_isr
                0x08000964                i2c1_er_isr
                0x08000964                can_sce_isr
                0x08000964                tim8_cc_isr
                0x08000964                tamper_isr
                0x08000964                eth_wkup_isr
                0x08000964                bus_fault_handler
                0x08000964                wwdg_isr
                0x08000964                dma1_channel3_isr
                0x08000964                spi3_isr
                0x08000964                tim2_isr
                0x08000964                exti0_isr
 .text.null_handler
                0x08000966        0x2 /embedded/arm-cortex/lib/libopencm3_stm32f1.a(vector.o)
                0x08000966                null_handler
                0x08000966                sv_call_handler
                0x08000966                pend_sv_handler
                0x08000966                debug_monitor_handler
                0x08000966                nmi_handler
 .text.reset_handler
                0x08000968       0x80 /embedded/arm-cortex/lib/libopencm3_stm32f1.a(vector.o)
                0x08000968                reset_handler
 .text.systick_set_reload
                0x080009e8       0x10 /embedded/arm-cortex/lib/libopencm3_stm32f1.a(systick.o)
                0x080009e8                systick_set_reload
 .text.systick_set_clocksource
                0x080009f8       0x18 /embedded/arm-cortex/lib/libopencm3_stm32f1.a(systick.o)
                0x080009f8                systick_set_clocksource
 .text.systick_interrupt_enable
                0x08000a10       0x10 /embedded/arm-cortex/lib/libopencm3_stm32f1.a(systick.o)
                0x08000a10                systick_interrupt_enable
 .text.systick_counter_enable
                0x08000a20       0x10 /embedded/arm-cortex/lib/libopencm3_stm32f1.a(systick.o)
                0x08000a20                systick_counter_enable
 .text.nvic_enable_irq
                0x08000a30       0x18 /embedded/arm-cortex/lib/libopencm3_stm32f1.a(nvic.o)
                0x08000a30                nvic_enable_irq
 .text.nvic_set_priority
                0x08000a48       0x20 /embedded/arm-cortex/lib/libopencm3_stm32f1.a(nvic.o)
                0x08000a48                nvic_set_priority
                0x08000a68                . = ALIGN (0x4)
 *(.rodata*)
 .rodata        0x08000a68        0x8 /embedded/arm-cortex/lib/libopencm3_stm32f1.a(can.o)
                0x08000a70                . = ALIGN (0x4)

.glue_7         0x08000a70        0x0
 .glue_7        0x00000000        0x0 linker stubs

.glue_7t        0x08000a70        0x0
 .glue_7t       0x00000000        0x0 linker stubs

.vfp11_veneer   0x08000a70        0x0
 .vfp11_veneer  0x00000000        0x0 linker stubs

.v4_bx          0x08000a70        0x0
 .v4_bx         0x00000000        0x0 linker stubs

.iplt           0x08000a70        0x0
 .iplt          0x00000000        0x0 em-stop.o

.rel.dyn        0x08000a70        0x0
 .rel.iplt      0x00000000        0x0 em-stop.o

.preinit_array  0x08000a70        0x0
                0x08000a70                . = ALIGN (0x4)
                0x08000a70                __preinit_array_start = .
 *(.preinit_array)
                0x08000a70                __preinit_array_end = .

.init_array     0x08000a70        0x0
                0x08000a70                . = ALIGN (0x4)
                0x08000a70                __init_array_start = .
 *(SORT(.init_array.*))
 *(.init_array)
                0x08000a70                __init_array_end = .

.fini_array     0x08000a70        0x0
                0x08000a70                . = ALIGN (0x4)
                0x08000a70                __fini_array_start = .
 *(.fini_array)
 *(SORT(.fini_array.*))
                0x08000a70                __fini_array_end = .

.ARM.extab
 *(.ARM.extab*)

.ARM.exidx      0x08000a70        0x0
                0x08000a70                __exidx_start = .
 *(.ARM.exidx*)
                0x08000a70                __exidx_end = .
                0x08000a70                . = ALIGN (0x4)
                0x08000a70                _etext = .

.data           0x20000000        0xc load address 0x08000a70
                0x20000000                _data = .
 *(.data*)
 .data.rcc_ahb_frequency
                0x20000000        0x4 /embedded/arm-cortex/lib/libopencm3_stm32f1.a(rcc.o)
                0x20000000                rcc_ahb_frequency
 .data.rcc_apb1_frequency
                0x20000004        0x4 /embedded/arm-cortex/lib/libopencm3_stm32f1.a(rcc.o)
                0x20000004                rcc_apb1_frequency
 .data.rcc_apb2_frequency
                0x20000008        0x4 /embedded/arm-cortex/lib/libopencm3_stm32f1.a(rcc.o)
                0x20000008                rcc_apb2_frequency
                0x2000000c                . = ALIGN (0x4)
                0x2000000c                _edata = .
                0x08000a70                _data_loadaddr = LOADADDR (.data)

.igot.plt       0x2000000c        0x0 load address 0x08000a7c
 .igot.plt      0x00000000        0x0 em-stop.o

.bss            0x2000000c        0xc load address 0x08000a7c
 *(.bss*)
 .bss.status    0x2000000c        0x1 em-stop.o
                0x2000000c                status
 .bss.data.4729
                0x2000000d        0x5 em-stop.o
 *fill*         0x20000012        0x2 
 .bss.counter   0x20000014        0x4 em-stop.o
                0x20000014                counter
 *(COMMON)
                0x20000018                . = ALIGN (0x4)
                0x20000018                _ebss = .

/DISCARD/
 *(.eh_frame)
                0x20000018                . = ALIGN (0x4)
                0x20000018                end = .
                0x20005000                PROVIDE (_stack, (ORIGIN (ram) + 0x5000))
OUTPUT(em-stop.elf elf32-littlearm)

.debug_info     0x00000000     0x34d6
 .debug_info    0x00000000      0x8d1 em-stop.o
 .debug_info    0x000008d1      0x8d8 /embedded/arm-cortex/lib/libopencm3_stm32f1.a(can.o)
 .debug_info    0x000011a9      0x1d0 /embedded/arm-cortex/lib/libopencm3_stm32f1.a(gpio.o)
 .debug_info    0x00001379     0x1085 /embedded/arm-cortex/lib/libopencm3_stm32f1.a(rcc.o)
 .debug_info    0x000023fe      0x22c /embedded/arm-cortex/lib/libopencm3_stm32f1.a(gpio_common_all.o)
 .debug_info    0x0000262a      0x53a /embedded/arm-cortex/lib/libopencm3_stm32f1.a(rcc_common_all.o)
 .debug_info    0x00002b64      0x27f /embedded/arm-cortex/lib/libopencm3_stm32f1.a(flash_common_f01.o)
 .debug_info    0x00002de3      0x28a /embedded/arm-cortex/lib/libopencm3_stm32f1.a(vector.o)
 .debug_info    0x0000306d      0x255 /embedded/arm-cortex/lib/libopencm3_stm32f1.a(systick.o)
 .debug_info    0x000032c2      0x214 /embedded/arm-cortex/lib/libopencm3_stm32f1.a(nvic.o)

.debug_abbrev   0x00000000      0xcc8
 .debug_abbrev  0x00000000      0x189 em-stop.o
 .debug_abbrev  0x00000189      0x262 /embedded/arm-cortex/lib/libopencm3_stm32f1.a(can.o)
 .debug_abbrev  0x000003eb       0xb7 /embedded/arm-cortex/lib/libopencm3_stm32f1.a(gpio.o)
 .debug_abbrev  0x000004a2      0x260 /embedded/arm-cortex/lib/libopencm3_stm32f1.a(rcc.o)
 .debug_abbrev  0x00000702      0x10e /embedded/arm-cortex/lib/libopencm3_stm32f1.a(gpio_common_all.o)
 .debug_abbrev  0x00000810       0xc1 /embedded/arm-cortex/lib/libopencm3_stm32f1.a(rcc_common_all.o)
 .debug_abbrev  0x000008d1       0xe7 /embedded/arm-cortex/lib/libopencm3_stm32f1.a(flash_common_f01.o)
 .debug_abbrev  0x000009b8      0x138 /embedded/arm-cortex/lib/libopencm3_stm32f1.a(vector.o)
 .debug_abbrev  0x00000af0      0x132 /embedded/arm-cortex/lib/libopencm3_stm32f1.a(systick.o)
 .debug_abbrev  0x00000c22       0xa6 /embedded/arm-cortex/lib/libopencm3_stm32f1.a(nvic.o)

.debug_aranges  0x00000000      0x478
 .debug_aranges
                0x00000000       0x30 em-stop.o
 .debug_aranges
                0x00000030       0x80 /embedded/arm-cortex/lib/libopencm3_stm32f1.a(can.o)
 .debug_aranges
                0x000000b0       0x38 /embedded/arm-cortex/lib/libopencm3_stm32f1.a(gpio.o)
 .debug_aranges
                0x000000e8      0x148 /embedded/arm-cortex/lib/libopencm3_stm32f1.a(rcc.o)
 .debug_aranges
                0x00000230       0x50 /embedded/arm-cortex/lib/libopencm3_stm32f1.a(gpio_common_all.o)
 .debug_aranges
                0x00000280       0x68 /embedded/arm-cortex/lib/libopencm3_stm32f1.a(rcc_common_all.o)
 .debug_aranges
                0x000002e8       0x88 /embedded/arm-cortex/lib/libopencm3_stm32f1.a(flash_common_f01.o)
 .debug_aranges
                0x00000370       0x30 /embedded/arm-cortex/lib/libopencm3_stm32f1.a(vector.o)
 .debug_aranges
                0x000003a0       0x78 /embedded/arm-cortex/lib/libopencm3_stm32f1.a(systick.o)
 .debug_aranges
                0x00000418       0x60 /embedded/arm-cortex/lib/libopencm3_stm32f1.a(nvic.o)

.debug_ranges   0x00000000      0x438
 .debug_ranges  0x00000000       0x20 em-stop.o
 .debug_ranges  0x00000020       0x70 /embedded/arm-cortex/lib/libopencm3_stm32f1.a(can.o)
 .debug_ranges  0x00000090       0x28 /embedded/arm-cortex/lib/libopencm3_stm32f1.a(gpio.o)
 .debug_ranges  0x000000b8      0x198 /embedded/arm-cortex/lib/libopencm3_stm32f1.a(rcc.o)
 .debug_ranges  0x00000250       0x40 /embedded/arm-cortex/lib/libopencm3_stm32f1.a(gpio_common_all.o)
 .debug_ranges  0x00000290       0x58 /embedded/arm-cortex/lib/libopencm3_stm32f1.a(rcc_common_all.o)
 .debug_ranges  0x000002e8       0x78 /embedded/arm-cortex/lib/libopencm3_stm32f1.a(flash_common_f01.o)
 .debug_ranges  0x00000360       0x20 /embedded/arm-cortex/lib/libopencm3_stm32f1.a(vector.o)
 .debug_ranges  0x00000380       0x68 /embedded/arm-cortex/lib/libopencm3_stm32f1.a(systick.o)
 .debug_ranges  0x000003e8       0x50 /embedded/arm-cortex/lib/libopencm3_stm32f1.a(nvic.o)

.debug_line     0x00000000     0x23f4
 .debug_line    0x00000000      0x283 em-stop.o
 .debug_line    0x00000283      0x469 /embedded/arm-cortex/lib/libopencm3_stm32f1.a(can.o)
 .debug_line    0x000006ec      0x302 /embedded/arm-cortex/lib/libopencm3_stm32f1.a(gpio.o)
 .debug_line    0x000009ee      0x66c /embedded/arm-cortex/lib/libopencm3_stm32f1.a(rcc.o)
 .debug_line    0x0000105a      0x33c /embedded/arm-cortex/lib/libopencm3_stm32f1.a(gpio_common_all.o)
 .debug_line    0x00001396      0x361 /embedded/arm-cortex/lib/libopencm3_stm32f1.a(rcc_common_all.o)
 .debug_line    0x000016f7      0x3c7 /embedded/arm-cortex/lib/libopencm3_stm32f1.a(flash_common_f01.o)
 .debug_line    0x00001abe      0x33f /embedded/arm-cortex/lib/libopencm3_stm32f1.a(vector.o)
 .debug_line    0x00001dfd      0x2eb /embedded/arm-cortex/lib/libopencm3_stm32f1.a(systick.o)
 .debug_line    0x000020e8      0x30c /embedded/arm-cortex/lib/libopencm3_stm32f1.a(nvic.o)

.debug_str      0x00000000     0xe8a1
 .debug_str     0x00000000      0x502 em-stop.o
                                0x5b0 (size before relaxing)
 .debug_str     0x00000502     0x7ae9 /embedded/arm-cortex/lib/libopencm3_stm32f1.a(can.o)
                               0x7cfd (size before relaxing)
 .debug_str     0x00007feb     0x3803 /embedded/arm-cortex/lib/libopencm3_stm32f1.a(gpio.o)
                               0x7803 (size before relaxing)
 .debug_str     0x0000b7ee      0xbf4 /embedded/arm-cortex/lib/libopencm3_stm32f1.a(rcc.o)
                               0x6fc5 (size before relaxing)
 .debug_str     0x0000c3e2       0x87 /embedded/arm-cortex/lib/libopencm3_stm32f1.a(gpio_common_all.o)
                               0x7812 (size before relaxing)
 .debug_str     0x0000c469      0x2fe /embedded/arm-cortex/lib/libopencm3_stm32f1.a(rcc_common_all.o)
                               0x6917 (size before relaxing)
 .debug_str     0x0000c767      0x181 /embedded/arm-cortex/lib/libopencm3_stm32f1.a(flash_common_f01.o)
                               0x48b8 (size before relaxing)
 .debug_str     0x0000c8e8     0x12fd /embedded/arm-cortex/lib/libopencm3_stm32f1.a(vector.o)
                               0x479d (size before relaxing)
 .debug_str     0x0000dbe5      0x2f0 /embedded/arm-cortex/lib/libopencm3_stm32f1.a(systick.o)
                               0x37fa (size before relaxing)
 .debug_str     0x0000ded5      0x9cc /embedded/arm-cortex/lib/libopencm3_stm32f1.a(nvic.o)
                               0x46a4 (size before relaxing)

.comment        0x00000000       0x70
 .comment       0x00000000       0x70 em-stop.o
                                 0x71 (size before relaxing)
 .comment       0x00000000       0x71 /embedded/arm-cortex/lib/libopencm3_stm32f1.a(can.o)
 .comment       0x00000000       0x71 /embedded/arm-cortex/lib/libopencm3_stm32f1.a(gpio.o)
 .comment       0x00000000       0x71 /embedded/arm-cortex/lib/libopencm3_stm32f1.a(rcc.o)
 .comment       0x00000000       0x71 /embedded/arm-cortex/lib/libopencm3_stm32f1.a(gpio_common_all.o)
 .comment       0x00000000       0x71 /embedded/arm-cortex/lib/libopencm3_stm32f1.a(rcc_common_all.o)
 .comment       0x00000000       0x71 /embedded/arm-cortex/lib/libopencm3_stm32f1.a(flash_common_f01.o)
 .comment       0x00000000       0x71 /embedded/arm-cortex/lib/libopencm3_stm32f1.a(vector.o)
 .comment       0x00000000       0x71 /embedded/arm-cortex/lib/libopencm3_stm32f1.a(systick.o)
 .comment       0x00000000       0x71 /embedded/arm-cortex/lib/libopencm3_stm32f1.a(nvic.o)

.ARM.attributes
                0x00000000       0x33
 .ARM.attributes
                0x00000000       0x33 em-stop.o
 .ARM.attributes
                0x00000033       0x33 /embedded/arm-cortex/lib/libopencm3_stm32f1.a(can.o)
 .ARM.attributes
                0x00000066       0x33 /embedded/arm-cortex/lib/libopencm3_stm32f1.a(gpio.o)
 .ARM.attributes
                0x00000099       0x33 /embedded/arm-cortex/lib/libopencm3_stm32f1.a(rcc.o)
 .ARM.attributes
                0x000000cc       0x33 /embedded/arm-cortex/lib/libopencm3_stm32f1.a(gpio_common_all.o)
 .ARM.attributes
                0x000000ff       0x33 /embedded/arm-cortex/lib/libopencm3_stm32f1.a(rcc_common_all.o)
 .ARM.attributes
                0x00000132       0x33 /embedded/arm-cortex/lib/libopencm3_stm32f1.a(flash_common_f01.o)
 .ARM.attributes
                0x00000165       0x33 /embedded/arm-cortex/lib/libopencm3_stm32f1.a(vector.o)
 .ARM.attributes
                0x00000198       0x33 /embedded/arm-cortex/lib/libopencm3_stm32f1.a(systick.o)
 .ARM.attributes
                0x000001cb       0x33 /embedded/arm-cortex/lib/libopencm3_stm32f1.a(nvic.o)

.debug_frame    0x00000000      0x8f4
 .debug_frame   0x00000000       0x5c em-stop.o
 .debug_frame   0x0000005c      0x178 /embedded/arm-cortex/lib/libopencm3_stm32f1.a(can.o)
 .debug_frame   0x000001d4       0x60 /embedded/arm-cortex/lib/libopencm3_stm32f1.a(gpio.o)
 .debug_frame   0x00000234      0x2b8 /embedded/arm-cortex/lib/libopencm3_stm32f1.a(rcc.o)
 .debug_frame   0x000004ec       0x80 /embedded/arm-cortex/lib/libopencm3_stm32f1.a(gpio_common_all.o)
 .debug_frame   0x0000056c       0xb0 /embedded/arm-cortex/lib/libopencm3_stm32f1.a(rcc_common_all.o)
 .debug_frame   0x0000061c      0x120 /embedded/arm-cortex/lib/libopencm3_stm32f1.a(flash_common_f01.o)
 .debug_frame   0x0000073c       0x40 /embedded/arm-cortex/lib/libopencm3_stm32f1.a(vector.o)
 .debug_frame   0x0000077c       0xd8 /embedded/arm-cortex/lib/libopencm3_stm32f1.a(systick.o)
 .debug_frame   0x00000854       0xa0 /embedded/arm-cortex/lib/libopencm3_stm32f1.a(nvic.o)

.debug_loc      0x00000000     0x13f9
 .debug_loc     0x00000000      0x99e /embedded/arm-cortex/lib/libopencm3_stm32f1.a(can.o)
 .debug_loc     0x0000099e      0x179 /embedded/arm-cortex/lib/libopencm3_stm32f1.a(gpio.o)
 .debug_loc     0x00000b17      0x2da /embedded/arm-cortex/lib/libopencm3_stm32f1.a(rcc.o)
 .debug_loc     0x00000df1       0x84 /embedded/arm-cortex/lib/libopencm3_stm32f1.a(gpio_common_all.o)
 .debug_loc     0x00000e75      0x14a /embedded/arm-cortex/lib/libopencm3_stm32f1.a(rcc_common_all.o)
 .debug_loc     0x00000fbf       0xd3 /embedded/arm-cortex/lib/libopencm3_stm32f1.a(flash_common_f01.o)
 .debug_loc     0x00001092       0xac /embedded/arm-cortex/lib/libopencm3_stm32f1.a(vector.o)
 .debug_loc     0x0000113e      0x192 /embedded/arm-cortex/lib/libopencm3_stm32f1.a(systick.o)
 .debug_loc     0x000012d0      0x129 /embedded/arm-cortex/lib/libopencm3_stm32f1.a(nvic.o)

.debug_macro    0x00000000     0x3513
 .debug_macro   0x00000000       0xae /embedded/arm-cortex/lib/libopencm3_stm32f1.a(can.o)
 .debug_macro   0x000000ae      0x862 /embedded/arm-cortex/lib/libopencm3_stm32f1.a(can.o)
 .debug_macro   0x00000910       0x52 /embedded/arm-cortex/lib/libopencm3_stm32f1.a(can.o)
 .debug_macro   0x00000962      0x1ae /embedded/arm-cortex/lib/libopencm3_stm32f1.a(can.o)
 .debug_macro   0x00000b10       0x22 /embedded/arm-cortex/lib/libopencm3_stm32f1.a(can.o)
 .debug_macro   0x00000b32       0x44 /embedded/arm-cortex/lib/libopencm3_stm32f1.a(can.o)
 .debug_macro   0x00000b76       0x1c /embedded/arm-cortex/lib/libopencm3_stm32f1.a(can.o)
 .debug_macro   0x00000b92      0x1f7 /embedded/arm-cortex/lib/libopencm3_stm32f1.a(can.o)
 .debug_macro   0x00000d89       0x22 /embedded/arm-cortex/lib/libopencm3_stm32f1.a(can.o)
 .debug_macro   0x00000dab       0xfa /embedded/arm-cortex/lib/libopencm3_stm32f1.a(can.o)
 .debug_macro   0x00000ea5      0x513 /embedded/arm-cortex/lib/libopencm3_stm32f1.a(can.o)
 .debug_macro   0x000013b8      0x825 /embedded/arm-cortex/lib/libopencm3_stm32f1.a(can.o)
 .debug_macro   0x00001bdd       0xa1 /embedded/arm-cortex/lib/libopencm3_stm32f1.a(gpio.o)
 .debug_macro   0x00001c7e       0x76 /embedded/arm-cortex/lib/libopencm3_stm32f1.a(gpio.o)
 .debug_macro   0x00001cf4      0xdfd /embedded/arm-cortex/lib/libopencm3_stm32f1.a(gpio.o)
 .debug_macro   0x00002af1       0xc8 /embedded/arm-cortex/lib/libopencm3_stm32f1.a(rcc.o)
 .debug_macro   0x00002bb9       0x16 /embedded/arm-cortex/lib/libopencm3_stm32f1.a(rcc.o)
 .debug_macro   0x00002bcf       0xdc /embedded/arm-cortex/lib/libopencm3_stm32f1.a(rcc.o)
 .debug_macro   0x00002cab       0x82 /embedded/arm-cortex/lib/libopencm3_stm32f1.a(rcc.o)
 .debug_macro   0x00002d2d       0xa7 /embedded/arm-cortex/lib/libopencm3_stm32f1.a(gpio_common_all.o)
 .debug_macro   0x00002dd4       0xb7 /embedded/arm-cortex/lib/libopencm3_stm32f1.a(rcc_common_all.o)
 .debug_macro   0x00002e8b       0xa1 /embedded/arm-cortex/lib/libopencm3_stm32f1.a(flash_common_f01.o)
 .debug_macro   0x00002f2c       0xaf /embedded/arm-cortex/lib/libopencm3_stm32f1.a(vector.o)
 .debug_macro   0x00002fdb       0x6b /embedded/arm-cortex/lib/libopencm3_stm32f1.a(vector.o)
 .debug_macro   0x00003046      0x1a2 /embedded/arm-cortex/lib/libopencm3_stm32f1.a(vector.o)
 .debug_macro   0x000031e8       0x7b /embedded/arm-cortex/lib/libopencm3_stm32f1.a(systick.o)
 .debug_macro   0x00003263       0x64 /embedded/arm-cortex/lib/libopencm3_stm32f1.a(systick.o)
 .debug_macro   0x000032c7       0x9c /embedded/arm-cortex/lib/libopencm3_stm32f1.a(nvic.o)
 .debug_macro   0x00003363      0x1b0 /embedded/arm-cortex/lib/libopencm3_stm32f1.a(nvic.o)
