MPLINK 5.00, LINKER
Linker Map File - Created Tue Aug 12 15:34:48 2014

                                 Section Info
                  Section       Type    Address   Location Size(Bytes)
                ---------  ---------  ---------  ---------  ---------
               _entry_scn       code   0x000000    program   0x000006
              high_vector       code   0x000008    program   0x000002
               low_vector       code   0x000018    program   0x000002
                   .cinit    romdata   0x00002a    program   0x00001a
           .code_BusMon.o       code   0x000044    program   0x000df0
       .code_usbctrltrf.o       code   0x000e34    program   0x00028c
             .code_usb9.o       code   0x0010c0    program   0x000280
          .code_SPI2515.o       code   0x001340    program   0x000266
              .code_hid.o       code   0x0015a6    program   0x0001e6
           .code_usbdrv.o       code   0x00178c    program   0x00018c
        .romdata_usbdsc.o    romdata   0x001918    program   0x0000e6
             .code_main.o       code   0x0019fe    program   0x0000a0
               _cinit_scn       code   0x001a9e    program   0x00009e
                   STRING       code   0x001b3c    program   0x000098
         .code_spi_open.o       code   0x001bd4    program   0x000064
         .code_spi_writ.o       code   0x001c38    program   0x00003c
        .code_interrupt.o       code   0x001c74    program   0x000034
             D10KTCYXCODE       code   0x001ca8    program   0x00002e
         .code_spi_read.o       code   0x001cd6    program   0x00002e
                    .code       code   0x001d04    program   0x000020
             _startup_scn       code   0x001d24    program   0x00001c
        .romdata_BusMon.o    romdata   0x001d40    program   0x000008
           .code___init.o       code   0x001d48    program   0x000002
          .idata_main.o_i    romdata   0x001d4a    program   0x000000
        .idata_usbdrv.o_i    romdata   0x001d4a    program   0x000000
        .romdata_usbdrv.o    romdata   0x001d4a    program   0x000000
       .romdata_SPI2515.o    romdata   0x001d4a    program   0x000000
        .idata_usbdsc.o_i    romdata   0x001d4a    program   0x000000
          .idata_usb9.o_i    romdata   0x001d4a    program   0x000000
          .romdata_usb9.o    romdata   0x001d4a    program   0x000000
             .stringtable    romdata   0x001d4a    program   0x000000
    .idata_usbctrltrf.o_i    romdata   0x001d4a    program   0x000000
    .romdata_usbctrltrf.o    romdata   0x001d4a    program   0x000000
           .romdata_hid.o    romdata   0x001d4a    program   0x000000
          .romdata_main.o    romdata   0x001d4a    program   0x000000
      .idata_spi_open.o_i    romdata   0x001d4a    program   0x000000
     .romdata_interrupt.o    romdata   0x001d4a    program   0x000000
     .idata_interrupt.o_i    romdata   0x001d4a    program   0x000002
      .romdata_spi_open.o    romdata   0x001d4a    program   0x000000
       .romdata_usbmmap.o    romdata   0x001d4a    program   0x000000
       .idata_usbmmap.o_i    romdata   0x001d4a    program   0x000000
      .idata_spi_read.o_i    romdata   0x001d4a    program   0x000000
      .romdata_spi_read.o    romdata   0x001d4a    program   0x000000
      .idata_spi_writ.o_i    romdata   0x001d4a    program   0x000000
      .romdata_spi_writ.o    romdata   0x001d4a    program   0x000000
        .romdata___init.o    romdata   0x001d4a    program   0x000000
         .romdata_c018i.o    romdata   0x001d4a    program   0x000000
        .idata___init.o_i    romdata   0x001d4c    program   0x000000
        .idata_BusMon.o_i    romdata   0x001d4c    program   0x000011
         .idata_c018i.o_i    romdata   0x001d4c    program   0x000000
           .idata_hid.o_i    romdata   0x001d4c    program   0x000000
       .idata_SPI2515.o_i    romdata   0x001d4c    program   0x000000
           .code_usbdsc.o       code   0x001d5e    program   0x000000
          .code_usbmmap.o       code   0x001d5e    program   0x000000
            .code_c018i.o       code   0x001d5e    program   0x000000
    .config_300000_main.o    romdata   0x300000    program   0x000001
    .config_300001_main.o    romdata   0x300001    program   0x000001
    .config_300002_main.o    romdata   0x300002    program   0x000001
    .config_300003_main.o    romdata   0x300003    program   0x000001
    .config_300005_main.o    romdata   0x300005    program   0x000001
    .config_300006_main.o    romdata   0x300006    program   0x000001
    .config_300008_main.o    romdata   0x300008    program   0x000001
    .config_300009_main.o    romdata   0x300009    program   0x000001
    .config_30000a_main.o    romdata   0x30000a    program   0x000001
    .config_30000b_main.o    romdata   0x30000b    program   0x000001
    .config_30000c_main.o    romdata   0x30000c    program   0x000001
    .config_30000d_main.o    romdata   0x30000d    program   0x000001
                MATH_DATA      udata   0x000000       data   0x000002
                 .tmpdata      udata   0x000002       data   0x000002
                DELAYDAT2      udata   0x000004       data   0x000001
                DELAYDAT1      udata   0x000005       data   0x000001
            .udata_main.o      udata   0x000060       data   0x000007
             .udata_hid.o      udata   0x000067       data   0x000003
          .udata_usbdrv.o      udata   0x00006a       data   0x000002
       .udata_interrupt.o      udata   0x00006c       data   0x000002
       .idata_interrupt.o      idata   0x00006e       data   0x000002
         .udata_SPI2515.o      udata   0x000070       data   0x000001
            .idata_usb9.o      idata   0x000071       data   0x000000
      .idata_usbctrltrf.o      idata   0x000071       data   0x000000
             .idata_hid.o      idata   0x000071       data   0x000000
        .udata_spi_open.o      udata   0x000071       data   0x000000
        .idata_spi_open.o      idata   0x000071       data   0x000000
        .udata_spi_read.o      udata   0x000071       data   0x000000
        .idata_spi_read.o      idata   0x000071       data   0x000000
        .udata_spi_writ.o      udata   0x000071       data   0x000000
        .idata_spi_writ.o      idata   0x000071       data   0x000000
          .udata___init.o      udata   0x000071       data   0x000000
          .idata___init.o      idata   0x000071       data   0x000000
           .idata_c018i.o      idata   0x000071       data   0x000000
         .idata_SPI2515.o      idata   0x000071       data   0x000000
            .idata_main.o      idata   0x000071       data   0x000000
         .idata_usbmmap.o      idata   0x000071       data   0x000000
          .idata_usbdrv.o      idata   0x000071       data   0x000000
          .udata_usbdsc.o      udata   0x000071       data   0x000000
          .idata_usbdsc.o      idata   0x000071       data   0x000000
            .udata_usb9.o      udata   0x000071       data   0x000000
          .udata_BusMon.o      udata   0x000100       data   0x0000ca
          .idata_BusMon.o      idata   0x0001ca       data   0x000011
             MCP2515_REGS      udata   0x0001db       data   0x00000f
           .udata_c018i.o      udata   0x0001ea       data   0x00000a
      .udata_usbctrltrf.o      udata   0x0001f4       data   0x000008
         .udata_usbmmap.o      udata   0x0001fc       data   0x000004
                   .stack      udata   0x000300       data   0x000100
                  usbram4      udata   0x000400       data   0x0000a0
            SFR_UNBANKED0      udata   0x000f62       data   0x00009e



                              Program Memory Usage 
                               Start         End      
                           ---------   ---------      
                            0x000000    0x000005      
                            0x000008    0x000009      
                            0x000018    0x000019      
                            0x00002a    0x001d5c      
                            0x300000    0x300003      
                            0x300005    0x300006      
                            0x300008    0x30000d      
            7497 out of 33048 program addresses used, program memory utilization is 22%



                              Symbols - Sorted by Name
                     Name    Address   Location    Storage File                     
                ---------  ---------  ---------  --------- ---------                
                  CANInit   0x000568    program     extern C:\Users\c16297\Desktop\MCP2515_BusMonitor\user\BusMon.c
                CANLoadTX   0x000aa4    program     extern C:\Users\c16297\Desktop\MCP2515_BusMonitor\user\BusMon.c
               CheckCANRX   0x00030c    program     extern C:\Users\c16297\Desktop\MCP2515_BusMonitor\user\BusMon.c
          CheckLoadButton   0x000a02    program     extern C:\Users\c16297\Desktop\MCP2515_BusMonitor\user\BusMon.c
          ClassReqHandler   0x0019fc    program     extern C:\Users\c16297\Desktop\MCP2515_BusMonitor\autofiles\usbdsc.c
               ClearArray   0x0018ee    program     extern C:\Users\c16297\Desktop\MCP2515_BusMonitor\system\usb\usbdrv\usbdrv.c
                   D10K_1   0x001cb4    program     static E:\3.46\pic18-lt\cxx-framework\src\traditional\delays\d10ktcyx.asm
                    D10Kl   0x001cc0    program     static E:\3.46\pic18-lt\cxx-framework\src\traditional\delays\d10ktcyx.asm
                    D10Kx   0x001cb2    program     static E:\3.46\pic18-lt\cxx-framework\src\traditional\delays\d10ktcyx.asm
             Delay10KTCYx   0x001ca8    program     extern E:\3.46\pic18-lt\cxx-framework\src\traditional\delays\d10ktcyx.asm
                 Delay_ms   0x0014ea    program     extern C:\Users\c16297\Desktop\MCP2515_BusMonitor\user\SPI2515.c
           EEPROMBYTERead   0x000b42    program     extern C:\Users\c16297\Desktop\MCP2515_BusMonitor\user\BusMon.c
          EEPROMBYTEWrite   0x000aee    program     extern C:\Users\c16297\Desktop\MCP2515_BusMonitor\user\BusMon.c
           EEPROMCRCCheck   0x000b9a    program     extern C:\Users\c16297\Desktop\MCP2515_BusMonitor\user\BusMon.c
           EEPROMCRCWrite   0x000b7a    program     extern C:\Users\c16297\Desktop\MCP2515_BusMonitor\user\BusMon.c
           EEPROMDataRead   0x000b54    program     extern C:\Users\c16297\Desktop\MCP2515_BusMonitor\user\BusMon.c
          EEPROMDataWrite   0x000b20    program     extern C:\Users\c16297\Desktop\MCP2515_BusMonitor\user\BusMon.c
               GetUSBData   0x000480    program     extern C:\Users\c16297\Desktop\MCP2515_BusMonitor\user\BusMon.c
      HIDGetReportHandler   0x001674    program     extern C:\Users\c16297\Desktop\MCP2515_BusMonitor\system\usb\class\hid\hid.c
                HIDInitEP   0x001678    program     extern C:\Users\c16297\Desktop\MCP2515_BusMonitor\system\usb\class\hid\hid.c
              HIDRxReport   0x001702    program     extern C:\Users\c16297\Desktop\MCP2515_BusMonitor\system\usb\class\hid\hid.c
      HIDSetReportHandler   0x001676    program     extern C:\Users\c16297\Desktop\MCP2515_BusMonitor\system\usb\class\hid\hid.c
              HIDTxReport   0x0016a2    program     extern C:\Users\c16297\Desktop\MCP2515_BusMonitor\system\usb\class\hid\hid.c
         InitializeSystem   0x001a74    program     static C:\Users\c16297\Desktop\MCP2515_BusMonitor\main.c
         InterruptHandler   0x001c74    program     extern C:\Users\c16297\Desktop\MCP2515_BusMonitor\system\interrupt\interrupt.c
            LoadUSBString   0x00033a    program     extern C:\Users\c16297\Desktop\MCP2515_BusMonitor\user\BusMon.c
                  OpenSPI   0x001bd4    program     extern E:\3.46\pic18-lt\cxx-framework\src\pmc_common\SPI\spi_open.c
                ProcessIO   0x000044    program     extern C:\Users\c16297\Desktop\MCP2515_BusMonitor\user\BusMon.c
                  ReadSPI   0x001cd6    program     extern E:\3.46\pic18-lt\cxx-framework\src\pmc_common\SPI\spi_read.c
              SPIByteRead   0x0013b2    program     extern C:\Users\c16297\Desktop\MCP2515_BusMonitor\user\SPI2515.c
             SPIByteWrite   0x001368    program     extern C:\Users\c16297\Desktop\MCP2515_BusMonitor\user\SPI2515.c
                SPILoadTX   0x001402    program     extern C:\Users\c16297\Desktop\MCP2515_BusMonitor\user\SPI2515.c
                SPIReadRX   0x0013e4    program     extern C:\Users\c16297\Desktop\MCP2515_BusMonitor\user\SPI2515.c
            SPIReadStatus   0x0014e0    program     extern C:\Users\c16297\Desktop\MCP2515_BusMonitor\user\SPI2515.c
                 SPIReset   0x001340    program     extern C:\Users\c16297\Desktop\MCP2515_BusMonitor\user\SPI2515.c
               SPISeqRead   0x0013be    program     extern C:\Users\c16297\Desktop\MCP2515_BusMonitor\user\SPI2515.c
              SPISeqWrite   0x00138c    program     extern C:\Users\c16297\Desktop\MCP2515_BusMonitor\user\SPI2515.c
                  SPI_RTS   0x001490    program     extern C:\Users\c16297\Desktop\MCP2515_BusMonitor\user\SPI2515.c
             SetBitTiming   0x00094a    program     extern C:\Users\c16297\Desktop\MCP2515_BusMonitor\user\BusMon.c
        USBCheckBusStatus   0x00178c    program     extern C:\Users\c16297\Desktop\MCP2515_BusMonitor\system\usb\usbdrv\usbdrv.c
       USBCheckHIDRequest   0x0015a6    program     extern C:\Users\c16297\Desktop\MCP2515_BusMonitor\system\usb\class\hid\hid.c
       USBCheckStdRequest   0x0010c0    program     extern C:\Users\c16297\Desktop\MCP2515_BusMonitor\system\usb\usb9\usb9.c
         USBCtrlEPService   0x000e34    program     extern C:\Users\c16297\Desktop\MCP2515_BusMonitor\system\usb\usbctrltrf\usbctrltrf.c
 USBCtrlEPServiceComplete   0x000fea    program     extern C:\Users\c16297\Desktop\MCP2515_BusMonitor\system\usb\usbctrltrf\usbctrltrf.c
      USBCtrlTrfInHandler   0x000eda    program     extern C:\Users\c16297\Desktop\MCP2515_BusMonitor\system\usb\usbctrltrf\usbctrltrf.c
     USBCtrlTrfOutHandler   0x000ebc    program     extern C:\Users\c16297\Desktop\MCP2515_BusMonitor\system\usb\usbctrltrf\usbctrltrf.c
      USBCtrlTrfRxService   0x000f96    program     extern C:\Users\c16297\Desktop\MCP2515_BusMonitor\system\usb\usbctrltrf\usbctrltrf.c
   USBCtrlTrfSetupHandler   0x000e58    program     extern C:\Users\c16297\Desktop\MCP2515_BusMonitor\system\usb\usbctrltrf\usbctrltrf.c
      USBCtrlTrfTxService   0x000f10    program     extern C:\Users\c16297\Desktop\MCP2515_BusMonitor\system\usb\usbctrltrf\usbctrltrf.c
         USBDriverService   0x0017d0    program     extern C:\Users\c16297\Desktop\MCP2515_BusMonitor\system\usb\usbdrv\usbdrv.c
          USBErrorHandler   0x0018a6    program     extern C:\Users\c16297\Desktop\MCP2515_BusMonitor\system\usb\usbdrv\usbdrv.c
         USBModuleDisable   0x0017c2    program     extern C:\Users\c16297\Desktop\MCP2515_BusMonitor\system\usb\usbdrv\usbdrv.c
          USBModuleEnable   0x0017b4    program     extern C:\Users\c16297\Desktop\MCP2515_BusMonitor\system\usb\usbdrv\usbdrv.c
USBPrepareForNextSetupTrf   0x00105c    program     extern C:\Users\c16297\Desktop\MCP2515_BusMonitor\system\usb\usbctrltrf\usbctrltrf.c
  USBProtocolResetHandler   0x0018aa    program     extern C:\Users\c16297\Desktop\MCP2515_BusMonitor\system\usb\usbdrv\usbdrv.c
          USBRemoteWakeup   0x001870    program     extern C:\Users\c16297\Desktop\MCP2515_BusMonitor\system\usb\usbdrv\usbdrv.c
            USBSoftDetach   0x0017cc    program     extern C:\Users\c16297\Desktop\MCP2515_BusMonitor\system\usb\usbdrv\usbdrv.c
          USBStallHandler   0x001898    program     extern C:\Users\c16297\Desktop\MCP2515_BusMonitor\system\usb\usbdrv\usbdrv.c
  USBStdFeatureReqHandler   0x00126a    program     extern C:\Users\c16297\Desktop\MCP2515_BusMonitor\system\usb\usb9\usb9.c
      USBStdGetDscHandler   0x00115e    program     extern C:\Users\c16297\Desktop\MCP2515_BusMonitor\system\usb\usb9\usb9.c
   USBStdGetStatusHandler   0x001202    program     extern C:\Users\c16297\Desktop\MCP2515_BusMonitor\system\usb\usb9\usb9.c
      USBStdSetCfgHandler   0x0011cc    program     extern C:\Users\c16297\Desktop\MCP2515_BusMonitor\system\usb\usb9\usb9.c
               USBSuspend   0x00184e    program     extern C:\Users\c16297\Desktop\MCP2515_BusMonitor\system\usb\usbdrv\usbdrv.c
                 USBTasks   0x001a90    program     extern C:\Users\c16297\Desktop\MCP2515_BusMonitor\main.c
       USBWakeFromSuspend   0x001868    program     extern C:\Users\c16297\Desktop\MCP2515_BusMonitor\system\usb\usbdrv\usbdrv.c
               USB_CD_Ptr   0x0019f2    program     extern C:\Users\c16297\Desktop\MCP2515_BusMonitor\autofiles\usbdsc.c
               USB_SD_Ptr   0x0019f6    program     extern C:\Users\c16297\Desktop\MCP2515_BusMonitor\autofiles\usbdsc.c
          USB_SOF_Handler   0x001894    program     extern C:\Users\c16297\Desktop\MCP2515_BusMonitor\system\usb\usbdrv\usbdrv.c
                 UserInit   0x0004c6    program     extern C:\Users\c16297\Desktop\MCP2515_BusMonitor\user\BusMon.c
                 WriteSPI   0x001c38    program     extern E:\3.46\pic18-lt\cxx-framework\src\pmc_common\SPI\spi_writ.c
              _4jContinue   0x001b7a    program     static E:\3.46\pic18-lt\cxx-framework\src\traditional\stdclib\memmove.asm
                   _5jEnd   0x001b84    program     static E:\3.46\pic18-lt\cxx-framework\src\traditional\stdclib\memmove.asm
              _6jContinue   0x001bb2    program     static E:\3.46\pic18-lt\cxx-framework\src\traditional\stdclib\memmove.asm
                   _7jEnd   0x001bbc    program     static E:\3.46\pic18-lt\cxx-framework\src\traditional\stdclib\memmove.asm
       _D10KTCYXCODE_0010   0x001cb8    program     static E:\3.46\pic18-lt\cxx-framework\src\traditional\delays\d10ktcyx.asm
       _D10KTCYXCODE_001C   0x001cc4    program     static E:\3.46\pic18-lt\cxx-framework\src\traditional\delays\d10ktcyx.asm
           ___if_lbl00029   0x001862    program     static                          
       ___return_lbl00000   0x000004    program     static                          
       ___return_lbl00001   0x001d3e    program     static                          
       ___return_lbl00002   0x001b3a    program     static                          
       ___return_lbl00028   0x001866    program     static                          
       ___return_lbl00043   0x001910    program     static                          
        ___while_lbl00044   0x001902    program     static                          
        ___while_lbl00045   0x001910    program     static                          
               __config_0   0x300000    program     static C:\Users\c16297\Desktop\MCP2515_BusMonitor\main.c
               __config_1   0x300001    program     static C:\Users\c16297\Desktop\MCP2515_BusMonitor\main.c
              __config_10   0x30000c    program     static C:\Users\c16297\Desktop\MCP2515_BusMonitor\main.c
              __config_11   0x30000d    program     static C:\Users\c16297\Desktop\MCP2515_BusMonitor\main.c
               __config_2   0x300002    program     static C:\Users\c16297\Desktop\MCP2515_BusMonitor\main.c
               __config_3   0x300003    program     static C:\Users\c16297\Desktop\MCP2515_BusMonitor\main.c
               __config_4   0x300005    program     static C:\Users\c16297\Desktop\MCP2515_BusMonitor\main.c
               __config_5   0x300006    program     static C:\Users\c16297\Desktop\MCP2515_BusMonitor\main.c
               __config_6   0x300008    program     static C:\Users\c16297\Desktop\MCP2515_BusMonitor\main.c
               __config_7   0x300009    program     static C:\Users\c16297\Desktop\MCP2515_BusMonitor\main.c
               __config_8   0x30000a    program     static C:\Users\c16297\Desktop\MCP2515_BusMonitor\main.c
               __config_9   0x30000b    program     static C:\Users\c16297\Desktop\MCP2515_BusMonitor\main.c
                   __init   0x001d48    program     extern E:\3.46\pic18-lt\cxx-framework\src\traditional\stdclib\__init.c
                   __pa_0   0x000bc4    program     static C:\Users\c16297\Desktop\MCP2515_BusMonitor\user\BusMon.c
                   __pa_0   0x001516    program     static C:\Users\c16297\Desktop\MCP2515_BusMonitor\user\SPI2515.c
                   __pa_0   0x00106c    program     static C:\Users\c16297\Desktop\MCP2515_BusMonitor\system\usb\usbctrltrf\usbctrltrf.c
                   __pa_0   0x0012cc    program     static C:\Users\c16297\Desktop\MCP2515_BusMonitor\system\usb\usb9\usb9.c
                   __pa_0   0x00176c    program     static C:\Users\c16297\Desktop\MCP2515_BusMonitor\system\usb\class\hid\hid.c
                   __pa_1   0x001530    program     static C:\Users\c16297\Desktop\MCP2515_BusMonitor\user\SPI2515.c
                   __pa_1   0x00107c    program     static C:\Users\c16297\Desktop\MCP2515_BusMonitor\system\usb\usbctrltrf\usbctrltrf.c
                   __pa_1   0x000bcc    program     static C:\Users\c16297\Desktop\MCP2515_BusMonitor\user\BusMon.c
                   __pa_1   0x0012e4    program     static C:\Users\c16297\Desktop\MCP2515_BusMonitor\system\usb\usb9\usb9.c
                   __pa_1   0x001784    program     static C:\Users\c16297\Desktop\MCP2515_BusMonitor\system\usb\class\hid\hid.c
                  __pa_10   0x000c34    program     static C:\Users\c16297\Desktop\MCP2515_BusMonitor\user\BusMon.c
                  __pa_10   0x00158e    program     static C:\Users\c16297\Desktop\MCP2515_BusMonitor\user\SPI2515.c
                  __pa_11   0x000c46    program     static C:\Users\c16297\Desktop\MCP2515_BusMonitor\user\BusMon.c
                  __pa_11   0x001598    program     static C:\Users\c16297\Desktop\MCP2515_BusMonitor\user\SPI2515.c
                  __pa_12   0x0015a0    program     static C:\Users\c16297\Desktop\MCP2515_BusMonitor\user\SPI2515.c
                  __pa_12   0x000c4e    program     static C:\Users\c16297\Desktop\MCP2515_BusMonitor\user\BusMon.c
                  __pa_13   0x000c5c    program     static C:\Users\c16297\Desktop\MCP2515_BusMonitor\user\BusMon.c
                  __pa_14   0x000c6c    program     static C:\Users\c16297\Desktop\MCP2515_BusMonitor\user\BusMon.c
                  __pa_15   0x000c78    program     static C:\Users\c16297\Desktop\MCP2515_BusMonitor\user\BusMon.c
                  __pa_16   0x000c8a    program     static C:\Users\c16297\Desktop\MCP2515_BusMonitor\user\BusMon.c
                  __pa_17   0x000c96    program     static C:\Users\c16297\Desktop\MCP2515_BusMonitor\user\BusMon.c
                  __pa_18   0x000ca6    program     static C:\Users\c16297\Desktop\MCP2515_BusMonitor\user\BusMon.c
                  __pa_19   0x000cae    program     static C:\Users\c16297\Desktop\MCP2515_BusMonitor\user\BusMon.c
                   __pa_2   0x0012f6    program     static C:\Users\c16297\Desktop\MCP2515_BusMonitor\system\usb\usb9\usb9.c
                   __pa_2   0x000bd2    program     static C:\Users\c16297\Desktop\MCP2515_BusMonitor\user\BusMon.c
                   __pa_2   0x00153e    program     static C:\Users\c16297\Desktop\MCP2515_BusMonitor\user\SPI2515.c
                   __pa_2   0x00108c    program     static C:\Users\c16297\Desktop\MCP2515_BusMonitor\system\usb\usbctrltrf\usbctrltrf.c
                  __pa_20   0x000cb6    program     static C:\Users\c16297\Desktop\MCP2515_BusMonitor\user\BusMon.c
                  __pa_21   0x000cc2    program     static C:\Users\c16297\Desktop\MCP2515_BusMonitor\user\BusMon.c
                  __pa_22   0x000cd0    program     static C:\Users\c16297\Desktop\MCP2515_BusMonitor\user\BusMon.c
                  __pa_23   0x000cda    program     static C:\Users\c16297\Desktop\MCP2515_BusMonitor\user\BusMon.c
                  __pa_24   0x000ce8    program     static C:\Users\c16297\Desktop\MCP2515_BusMonitor\user\BusMon.c
                  __pa_25   0x000cf0    program     static C:\Users\c16297\Desktop\MCP2515_BusMonitor\user\BusMon.c
                  __pa_26   0x000cf8    program     static C:\Users\c16297\Desktop\MCP2515_BusMonitor\user\BusMon.c
                  __pa_27   0x000d00    program     static C:\Users\c16297\Desktop\MCP2515_BusMonitor\user\BusMon.c
                  __pa_28   0x000d08    program     static C:\Users\c16297\Desktop\MCP2515_BusMonitor\user\BusMon.c
                  __pa_29   0x000d12    program     static C:\Users\c16297\Desktop\MCP2515_BusMonitor\user\BusMon.c
                   __pa_3   0x00109a    program     static C:\Users\c16297\Desktop\MCP2515_BusMonitor\system\usb\usbctrltrf\usbctrltrf.c
                   __pa_3   0x001308    program     static C:\Users\c16297\Desktop\MCP2515_BusMonitor\system\usb\usb9\usb9.c
                   __pa_3   0x001544    program     static C:\Users\c16297\Desktop\MCP2515_BusMonitor\user\SPI2515.c
                   __pa_3   0x000bdc    program     static C:\Users\c16297\Desktop\MCP2515_BusMonitor\user\BusMon.c
                  __pa_30   0x000d1c    program     static C:\Users\c16297\Desktop\MCP2515_BusMonitor\user\BusMon.c
                  __pa_31   0x000d24    program     static C:\Users\c16297\Desktop\MCP2515_BusMonitor\user\BusMon.c
                  __pa_32   0x000d30    program     static C:\Users\c16297\Desktop\MCP2515_BusMonitor\user\BusMon.c
                  __pa_33   0x000d38    program     static C:\Users\c16297\Desktop\MCP2515_BusMonitor\user\BusMon.c
                  __pa_34   0x000d50    program     static C:\Users\c16297\Desktop\MCP2515_BusMonitor\user\BusMon.c
                  __pa_35   0x000d5e    program     static C:\Users\c16297\Desktop\MCP2515_BusMonitor\user\BusMon.c
                  __pa_36   0x000d66    program     static C:\Users\c16297\Desktop\MCP2515_BusMonitor\user\BusMon.c
                  __pa_37   0x000d70    program     static C:\Users\c16297\Desktop\MCP2515_BusMonitor\user\BusMon.c
                  __pa_38   0x000d7c    program     static C:\Users\c16297\Desktop\MCP2515_BusMonitor\user\BusMon.c
                  __pa_39   0x000d8a    program     static C:\Users\c16297\Desktop\MCP2515_BusMonitor\user\BusMon.c
                   __pa_4   0x000bec    program     static C:\Users\c16297\Desktop\MCP2515_BusMonitor\user\BusMon.c
                   __pa_4   0x0010a8    program     static C:\Users\c16297\Desktop\MCP2515_BusMonitor\system\usb\usbctrltrf\usbctrltrf.c
                   __pa_4   0x001548    program     static C:\Users\c16297\Desktop\MCP2515_BusMonitor\user\SPI2515.c
                   __pa_4   0x001318    program     static C:\Users\c16297\Desktop\MCP2515_BusMonitor\system\usb\usb9\usb9.c
                  __pa_40   0x000d94    program     static C:\Users\c16297\Desktop\MCP2515_BusMonitor\user\BusMon.c
                  __pa_41   0x000d9e    program     static C:\Users\c16297\Desktop\MCP2515_BusMonitor\user\BusMon.c
                  __pa_42   0x000da6    program     static C:\Users\c16297\Desktop\MCP2515_BusMonitor\user\BusMon.c
                  __pa_43   0x000dae    program     static C:\Users\c16297\Desktop\MCP2515_BusMonitor\user\BusMon.c
                  __pa_44   0x000db6    program     static C:\Users\c16297\Desktop\MCP2515_BusMonitor\user\BusMon.c
                  __pa_45   0x000dbe    program     static C:\Users\c16297\Desktop\MCP2515_BusMonitor\user\BusMon.c
                  __pa_46   0x000dc6    program     static C:\Users\c16297\Desktop\MCP2515_BusMonitor\user\BusMon.c
                  __pa_47   0x000dce    program     static C:\Users\c16297\Desktop\MCP2515_BusMonitor\user\BusMon.c
                  __pa_48   0x000dd6    program     static C:\Users\c16297\Desktop\MCP2515_BusMonitor\user\BusMon.c
                  __pa_49   0x000dde    program     static C:\Users\c16297\Desktop\MCP2515_BusMonitor\user\BusMon.c
                   __pa_5   0x0010b0    program     static C:\Users\c16297\Desktop\MCP2515_BusMonitor\system\usb\usbctrltrf\usbctrltrf.c
                   __pa_5   0x001552    program     static C:\Users\c16297\Desktop\MCP2515_BusMonitor\user\SPI2515.c
                   __pa_5   0x001326    program     static C:\Users\c16297\Desktop\MCP2515_BusMonitor\system\usb\usb9\usb9.c
                   __pa_5   0x000bf6    program     static C:\Users\c16297\Desktop\MCP2515_BusMonitor\user\BusMon.c
                  __pa_50   0x000de6    program     static C:\Users\c16297\Desktop\MCP2515_BusMonitor\user\BusMon.c
                  __pa_51   0x000dee    program     static C:\Users\c16297\Desktop\MCP2515_BusMonitor\user\BusMon.c
                  __pa_52   0x000df6    program     static C:\Users\c16297\Desktop\MCP2515_BusMonitor\user\BusMon.c
                  __pa_53   0x000dfc    program     static C:\Users\c16297\Desktop\MCP2515_BusMonitor\user\BusMon.c
                  __pa_54   0x000e04    program     static C:\Users\c16297\Desktop\MCP2515_BusMonitor\user\BusMon.c
                  __pa_55   0x000e16    program     static C:\Users\c16297\Desktop\MCP2515_BusMonitor\user\BusMon.c
                  __pa_56   0x000e26    program     static C:\Users\c16297\Desktop\MCP2515_BusMonitor\user\BusMon.c
                  __pa_57   0x000e2e    program     static C:\Users\c16297\Desktop\MCP2515_BusMonitor\user\BusMon.c
                   __pa_6   0x000c00    program     static C:\Users\c16297\Desktop\MCP2515_BusMonitor\user\BusMon.c
                   __pa_6   0x001330    program     static C:\Users\c16297\Desktop\MCP2515_BusMonitor\system\usb\usb9\usb9.c
                   __pa_6   0x00155c    program     static C:\Users\c16297\Desktop\MCP2515_BusMonitor\user\SPI2515.c
                   __pa_7   0x000c08    program     static C:\Users\c16297\Desktop\MCP2515_BusMonitor\user\BusMon.c
                   __pa_7   0x001568    program     static C:\Users\c16297\Desktop\MCP2515_BusMonitor\user\SPI2515.c
                   __pa_7   0x001338    program     static C:\Users\c16297\Desktop\MCP2515_BusMonitor\system\usb\usb9\usb9.c
                   __pa_8   0x000c1a    program     static C:\Users\c16297\Desktop\MCP2515_BusMonitor\user\BusMon.c
                   __pa_8   0x001578    program     static C:\Users\c16297\Desktop\MCP2515_BusMonitor\user\SPI2515.c
                   __pa_9   0x000c2a    program     static C:\Users\c16297\Desktop\MCP2515_BusMonitor\user\BusMon.c
                   __pa_9   0x001582    program     static C:\Users\c16297\Desktop\MCP2515_BusMonitor\user\SPI2515.c
               __tmplbl_8   0x000c00    program     static                          
            __zero_memory   0x001d04    program     extern E:\3.46\pic18-lt\cxx-framework\src\traditional\proc\p18f4550.asm
                _do_cinit   0x001a9e    program     extern E:\3.46\pic18-lt\cxx-framework\src\traditional\startup\c018i.c
                   _entry   0x000000    program     extern E:\3.46\pic18-lt\cxx-framework\src\traditional\startup\c018i.c
                 _startup   0x001d24    program     extern E:\3.46\pic18-lt\cxx-framework\src\traditional\startup\c018i.c
                    cfg01   0x00192a    program     extern C:\Users\c16297\Desktop\MCP2515_BusMonitor\autofiles\usbdsc.c
                compare_l   0x001d1a    program     static E:\3.46\pic18-lt\cxx-framework\src\traditional\proc\p18f4550.asm
                copy_loop   0x001b10    program     static                          
            copy_one_byte   0x001b16    program     static                          
               device_dsc   0x001918    program     extern C:\Users\c16297\Desktop\MCP2515_BusMonitor\autofiles\usbdsc.c
                dir_table   0x001d40    program     extern C:\Users\c16297\Desktop\MCP2515_BusMonitor\user\BusMon.c
                     done   0x001b3a    program     static                          
             done_copying   0x001b24    program     static                          
                hid_rpt01   0x0019d5    program     extern C:\Users\c16297\Desktop\MCP2515_BusMonitor\autofiles\usbdsc.c
 interrupt_at_high_vector   0x000008    program     extern C:\Users\c16297\Desktop\MCP2515_BusMonitor\system\interrupt\interrupt.c
  interrupt_at_low_vector   0x000018    program     extern C:\Users\c16297\Desktop\MCP2515_BusMonitor\system\interrupt\interrupt.c
                     jEnd   0x001bc2    program     static E:\3.46\pic18-lt\cxx-framework\src\traditional\stdclib\memmove.asm
                    jLoop   0x001b6e    program     static E:\3.46\pic18-lt\cxx-framework\src\traditional\stdclib\memmove.asm
              jRevCpyLoop   0x001ba6    program     static E:\3.46\pic18-lt\cxx-framework\src\traditional\stdclib\memmove.asm
                 jReverse   0x001b8a    program     static E:\3.46\pic18-lt\cxx-framework\src\traditional\stdclib\memmove.asm
                     loop   0x001d34    program     static                          
                   loop_h   0x001d12    program     static E:\3.46\pic18-lt\cxx-framework\src\traditional\proc\p18f4550.asm
                   loop_l   0x001d1c    program     static E:\3.46\pic18-lt\cxx-framework\src\traditional\proc\p18f4550.asm
                  low_isr   0x001c86    program     extern C:\Users\c16297\Desktop\MCP2515_BusMonitor\system\interrupt\interrupt.c
                     main   0x0019fe    program     extern C:\Users\c16297\Desktop\MCP2515_BusMonitor\main.c
                  memmove   0x001b3c    program     extern E:\3.46\pic18-lt\cxx-framework\src\traditional\stdclib\memmove.asm
                    sd000   0x001953    program     extern C:\Users\c16297\Desktop\MCP2515_BusMonitor\autofiles\usbdsc.c
                    sd001   0x001957    program     extern C:\Users\c16297\Desktop\MCP2515_BusMonitor\autofiles\usbdsc.c
                    sd002   0x00198b    program     extern C:\Users\c16297\Desktop\MCP2515_BusMonitor\autofiles\usbdsc.c
                    sd003   0x0019b3    program     extern C:\Users\c16297\Desktop\MCP2515_BusMonitor\autofiles\usbdsc.c
                     test   0x001ab8    program     static                          
               zero_block   0x001d12    program     static E:\3.46\pic18-lt\cxx-framework\src\traditional\proc\p18f4550.asm
                   ADCON0   0x000fc2       data     extern E:\3.46\pic18-lt\cxx-framework\src\traditional\proc\p18f4550.asm
               ADCON0bits   0x000fc2       data     extern E:\3.46\pic18-lt\cxx-framework\src\traditional\proc\p18f4550.asm
                   ADCON1   0x000fc1       data     extern E:\3.46\pic18-lt\cxx-framework\src\traditional\proc\p18f4550.asm
               ADCON1bits   0x000fc1       data     extern E:\3.46\pic18-lt\cxx-framework\src\traditional\proc\p18f4550.asm
                   ADCON2   0x000fc0       data     extern E:\3.46\pic18-lt\cxx-framework\src\traditional\proc\p18f4550.asm
               ADCON2bits   0x000fc0       data     extern E:\3.46\pic18-lt\cxx-framework\src\traditional\proc\p18f4550.asm
                    ADRES   0x000fc3       data     extern E:\3.46\pic18-lt\cxx-framework\src\traditional\proc\p18f4550.asm
                   ADRESH   0x000fc4       data     extern E:\3.46\pic18-lt\cxx-framework\src\traditional\proc\p18f4550.asm
                   ADRESL   0x000fc3       data     extern E:\3.46\pic18-lt\cxx-framework\src\traditional\proc\p18f4550.asm
               AquireData   0x0001d0       data     extern C:\Users\c16297\Desktop\MCP2515_BusMonitor\user\BusMon.c
                  BAUDCON   0x000fb8       data     extern E:\3.46\pic18-lt\cxx-framework\src\traditional\proc\p18f4550.asm
              BAUDCONbits   0x000fb8       data     extern E:\3.46\pic18-lt\cxx-framework\src\traditional\proc\p18f4550.asm
                  BAUDCTL   0x000fb8       data     extern E:\3.46\pic18-lt\cxx-framework\src\traditional\proc\p18f4550.asm
              BAUDCTLbits   0x000fb8       data     extern E:\3.46\pic18-lt\cxx-framework\src\traditional\proc\p18f4550.asm
             BFPCTRL_byte   0x0001e3       data     extern user\REGS2515.asm        
              BFPCTRLbits   0x0001e3       data     extern user\REGS2515.asm        
                      BSR   0x000fe0       data     extern E:\3.46\pic18-lt\cxx-framework\src\traditional\proc\p18f4550.asm
             CANCTRL_byte   0x0001dc       data     extern user\REGS2515.asm        
              CANCTRLbits   0x0001dc       data     extern user\REGS2515.asm        
             CANINTE_byte   0x0001e0       data     extern user\REGS2515.asm        
              CANINTEbits   0x0001e0       data     extern user\REGS2515.asm        
             CANINTF_byte   0x0001e1       data     extern user\REGS2515.asm        
              CANINTFbits   0x0001e1       data     extern user\REGS2515.asm        
             CANLoadTimer   0x0001d3       data     extern C:\Users\c16297\Desktop\MCP2515_BusMonitor\user\BusMon.c
             CANSTAT_byte   0x0001db       data     extern user\REGS2515.asm        
              CANSTATbits   0x0001db       data     extern user\REGS2515.asm        
                   CCP1AS   0x000fb6       data     extern E:\3.46\pic18-lt\cxx-framework\src\traditional\proc\p18f4550.asm
               CCP1ASbits   0x000fb6       data     extern E:\3.46\pic18-lt\cxx-framework\src\traditional\proc\p18f4550.asm
                  CCP1CON   0x000fbd       data     extern E:\3.46\pic18-lt\cxx-framework\src\traditional\proc\p18f4550.asm
              CCP1CONbits   0x000fbd       data     extern E:\3.46\pic18-lt\cxx-framework\src\traditional\proc\p18f4550.asm
                  CCP1DEL   0x000fb7       data     extern E:\3.46\pic18-lt\cxx-framework\src\traditional\proc\p18f4550.asm
              CCP1DELbits   0x000fb7       data     extern E:\3.46\pic18-lt\cxx-framework\src\traditional\proc\p18f4550.asm
                  CCP2CON   0x000fba       data     extern E:\3.46\pic18-lt\cxx-framework\src\traditional\proc\p18f4550.asm
              CCP2CONbits   0x000fba       data     extern E:\3.46\pic18-lt\cxx-framework\src\traditional\proc\p18f4550.asm
                    CCPR1   0x000fbe       data     extern E:\3.46\pic18-lt\cxx-framework\src\traditional\proc\p18f4550.asm
                   CCPR1H   0x000fbf       data     extern E:\3.46\pic18-lt\cxx-framework\src\traditional\proc\p18f4550.asm
                   CCPR1L   0x000fbe       data     extern E:\3.46\pic18-lt\cxx-framework\src\traditional\proc\p18f4550.asm
                    CCPR2   0x000fbb       data     extern E:\3.46\pic18-lt\cxx-framework\src\traditional\proc\p18f4550.asm
                   CCPR2H   0x000fbc       data     extern E:\3.46\pic18-lt\cxx-framework\src\traditional\proc\p18f4550.asm
                   CCPR2L   0x000fbb       data     extern E:\3.46\pic18-lt\cxx-framework\src\traditional\proc\p18f4550.asm
                    CMCON   0x000fb4       data     extern E:\3.46\pic18-lt\cxx-framework\src\traditional\proc\p18f4550.asm
                CMCONbits   0x000fb4       data     extern E:\3.46\pic18-lt\cxx-framework\src\traditional\proc\p18f4550.asm
                CNF1_byte   0x0001dd       data     extern user\REGS2515.asm        
                 CNF1bits   0x0001dd       data     extern user\REGS2515.asm        
                CNF2_byte   0x0001de       data     extern user\REGS2515.asm        
                 CNF2bits   0x0001de       data     extern user\REGS2515.asm        
                CNF3_byte   0x0001df       data     extern user\REGS2515.asm        
                 CNF3bits   0x0001df       data     extern user\REGS2515.asm        
                   CVRCON   0x000fb5       data     extern E:\3.46\pic18-lt\cxx-framework\src\traditional\proc\p18f4550.asm
               CVRCONbits   0x000fb5       data     extern E:\3.46\pic18-lt\cxx-framework\src\traditional\proc\p18f4550.asm
              CtrlTrfData   0x000418       data     extern C:\Users\c16297\Desktop\MCP2515_BusMonitor\system\usb\usbmmap.c
                     DDRA   0x000f92       data     extern E:\3.46\pic18-lt\cxx-framework\src\traditional\proc\p18f4550.asm
                 DDRAbits   0x000f92       data     extern E:\3.46\pic18-lt\cxx-framework\src\traditional\proc\p18f4550.asm
                     DDRB   0x000f93       data     extern E:\3.46\pic18-lt\cxx-framework\src\traditional\proc\p18f4550.asm
                 DDRBbits   0x000f93       data     extern E:\3.46\pic18-lt\cxx-framework\src\traditional\proc\p18f4550.asm
                     DDRC   0x000f94       data     extern E:\3.46\pic18-lt\cxx-framework\src\traditional\proc\p18f4550.asm
                 DDRCbits   0x000f94       data     extern E:\3.46\pic18-lt\cxx-framework\src\traditional\proc\p18f4550.asm
                     DDRD   0x000f95       data     extern E:\3.46\pic18-lt\cxx-framework\src\traditional\proc\p18f4550.asm
                 DDRDbits   0x000f95       data     extern E:\3.46\pic18-lt\cxx-framework\src\traditional\proc\p18f4550.asm
                     DDRE   0x000f96       data     extern E:\3.46\pic18-lt\cxx-framework\src\traditional\proc\p18f4550.asm
                 DDREbits   0x000f96       data     extern E:\3.46\pic18-lt\cxx-framework\src\traditional\proc\p18f4550.asm
                DataArray   0x000189       data     extern C:\Users\c16297\Desktop\MCP2515_BusMonitor\user\BusMon.c
            DelayCounter1   0x000005       data     extern E:\3.46\pic18-lt\cxx-framework\src\traditional\delays\delayd1.asm
            DelayCounter2   0x000004       data     extern E:\3.46\pic18-lt\cxx-framework\src\traditional\delays\delayd2.asm
                  ECCP1AS   0x000fb6       data     extern E:\3.46\pic18-lt\cxx-framework\src\traditional\proc\p18f4550.asm
              ECCP1ASbits   0x000fb6       data     extern E:\3.46\pic18-lt\cxx-framework\src\traditional\proc\p18f4550.asm
                 ECCP1CON   0x000fbd       data     extern E:\3.46\pic18-lt\cxx-framework\src\traditional\proc\p18f4550.asm
             ECCP1CONbits   0x000fbd       data     extern E:\3.46\pic18-lt\cxx-framework\src\traditional\proc\p18f4550.asm
                 ECCP1DEL   0x000fb7       data     extern E:\3.46\pic18-lt\cxx-framework\src\traditional\proc\p18f4550.asm
             ECCP1DELbits   0x000fb7       data     extern E:\3.46\pic18-lt\cxx-framework\src\traditional\proc\p18f4550.asm
                    EEADR   0x000fa9       data     extern E:\3.46\pic18-lt\cxx-framework\src\traditional\proc\p18f4550.asm
                   EECON1   0x000fa6       data     extern E:\3.46\pic18-lt\cxx-framework\src\traditional\proc\p18f4550.asm
               EECON1bits   0x000fa6       data     extern E:\3.46\pic18-lt\cxx-framework\src\traditional\proc\p18f4550.asm
                   EECON2   0x000fa7       data     extern E:\3.46\pic18-lt\cxx-framework\src\traditional\proc\p18f4550.asm
                   EEDATA   0x000fa8       data     extern E:\3.46\pic18-lt\cxx-framework\src\traditional\proc\p18f4550.asm
                EFLG_byte   0x0001e2       data     extern user\REGS2515.asm        
                 EFLGbits   0x0001e2       data     extern user\REGS2515.asm        
                     FSR0   0x000fe9       data     extern E:\3.46\pic18-lt\cxx-framework\src\traditional\proc\p18f4550.asm
                    FSR0H   0x000fea       data     extern E:\3.46\pic18-lt\cxx-framework\src\traditional\proc\p18f4550.asm
                    FSR0L   0x000fe9       data     extern E:\3.46\pic18-lt\cxx-framework\src\traditional\proc\p18f4550.asm
                     FSR1   0x000fe1       data     extern E:\3.46\pic18-lt\cxx-framework\src\traditional\proc\p18f4550.asm
                    FSR1H   0x000fe2       data     extern E:\3.46\pic18-lt\cxx-framework\src\traditional\proc\p18f4550.asm
                    FSR1L   0x000fe1       data     extern E:\3.46\pic18-lt\cxx-framework\src\traditional\proc\p18f4550.asm
                     FSR2   0x000fd9       data     extern E:\3.46\pic18-lt\cxx-framework\src\traditional\proc\p18f4550.asm
                    FSR2H   0x000fda       data     extern E:\3.46\pic18-lt\cxx-framework\src\traditional\proc\p18f4550.asm
                    FSR2L   0x000fd9       data     extern E:\3.46\pic18-lt\cxx-framework\src\traditional\proc\p18f4550.asm
                  HLVDCON   0x000fd2       data     extern E:\3.46\pic18-lt\cxx-framework\src\traditional\proc\p18f4550.asm
              HLVDCONbits   0x000fd2       data     extern E:\3.46\pic18-lt\cxx-framework\src\traditional\proc\p18f4550.asm
                    INDF0   0x000fef       data     extern E:\3.46\pic18-lt\cxx-framework\src\traditional\proc\p18f4550.asm
                    INDF1   0x000fe7       data     extern E:\3.46\pic18-lt\cxx-framework\src\traditional\proc\p18f4550.asm
                    INDF2   0x000fdf       data     extern E:\3.46\pic18-lt\cxx-framework\src\traditional\proc\p18f4550.asm
                   INTCON   0x000ff2       data     extern E:\3.46\pic18-lt\cxx-framework\src\traditional\proc\p18f4550.asm
                  INTCON2   0x000ff1       data     extern E:\3.46\pic18-lt\cxx-framework\src\traditional\proc\p18f4550.asm
              INTCON2bits   0x000ff1       data     extern E:\3.46\pic18-lt\cxx-framework\src\traditional\proc\p18f4550.asm
                  INTCON3   0x000ff0       data     extern E:\3.46\pic18-lt\cxx-framework\src\traditional\proc\p18f4550.asm
              INTCON3bits   0x000ff0       data     extern E:\3.46\pic18-lt\cxx-framework\src\traditional\proc\p18f4550.asm
               INTCONbits   0x000ff2       data     extern E:\3.46\pic18-lt\cxx-framework\src\traditional\proc\p18f4550.asm
                     IPR1   0x000f9f       data     extern E:\3.46\pic18-lt\cxx-framework\src\traditional\proc\p18f4550.asm
                 IPR1bits   0x000f9f       data     extern E:\3.46\pic18-lt\cxx-framework\src\traditional\proc\p18f4550.asm
                     IPR2   0x000fa2       data     extern E:\3.46\pic18-lt\cxx-framework\src\traditional\proc\p18f4550.asm
                 IPR2bits   0x000fa2       data     extern E:\3.46\pic18-lt\cxx-framework\src\traditional\proc\p18f4550.asm
                     LATA   0x000f89       data     extern E:\3.46\pic18-lt\cxx-framework\src\traditional\proc\p18f4550.asm
                 LATAbits   0x000f89       data     extern E:\3.46\pic18-lt\cxx-framework\src\traditional\proc\p18f4550.asm
                     LATB   0x000f8a       data     extern E:\3.46\pic18-lt\cxx-framework\src\traditional\proc\p18f4550.asm
                 LATBbits   0x000f8a       data     extern E:\3.46\pic18-lt\cxx-framework\src\traditional\proc\p18f4550.asm
                     LATC   0x000f8b       data     extern E:\3.46\pic18-lt\cxx-framework\src\traditional\proc\p18f4550.asm
                 LATCbits   0x000f8b       data     extern E:\3.46\pic18-lt\cxx-framework\src\traditional\proc\p18f4550.asm
                     LATD   0x000f8c       data     extern E:\3.46\pic18-lt\cxx-framework\src\traditional\proc\p18f4550.asm
                 LATDbits   0x000f8c       data     extern E:\3.46\pic18-lt\cxx-framework\src\traditional\proc\p18f4550.asm
                     LATE   0x000f8d       data     extern E:\3.46\pic18-lt\cxx-framework\src\traditional\proc\p18f4550.asm
                 LATEbits   0x000f8d       data     extern E:\3.46\pic18-lt\cxx-framework\src\traditional\proc\p18f4550.asm
                LOAD_FLAG   0x0001d7       data     static C:\Users\c16297\Desktop\MCP2515_BusMonitor\user\BusMon.c
                   LVDCON   0x000fd2       data     extern E:\3.46\pic18-lt\cxx-framework\src\traditional\proc\p18f4550.asm
               LVDCONbits   0x000fd2       data     extern E:\3.46\pic18-lt\cxx-framework\src\traditional\proc\p18f4550.asm
            LoadPrescaler   0x0001d5       data     extern C:\Users\c16297\Desktop\MCP2515_BusMonitor\user\BusMon.c
                   OSCCON   0x000fd3       data     extern E:\3.46\pic18-lt\cxx-framework\src\traditional\proc\p18f4550.asm
               OSCCONbits   0x000fd3       data     extern E:\3.46\pic18-lt\cxx-framework\src\traditional\proc\p18f4550.asm
                  OSCTUNE   0x000f9b       data     extern E:\3.46\pic18-lt\cxx-framework\src\traditional\proc\p18f4550.asm
              OSCTUNEbits   0x000f9b       data     extern E:\3.46\pic18-lt\cxx-framework\src\traditional\proc\p18f4550.asm
                       PC   0x000ff9       data     extern E:\3.46\pic18-lt\cxx-framework\src\traditional\proc\p18f4550.asm
                      PCL   0x000ff9       data     extern E:\3.46\pic18-lt\cxx-framework\src\traditional\proc\p18f4550.asm
                   PCLATH   0x000ffa       data     extern E:\3.46\pic18-lt\cxx-framework\src\traditional\proc\p18f4550.asm
                   PCLATU   0x000ffb       data     extern E:\3.46\pic18-lt\cxx-framework\src\traditional\proc\p18f4550.asm
                     PIE1   0x000f9d       data     extern E:\3.46\pic18-lt\cxx-framework\src\traditional\proc\p18f4550.asm
                 PIE1bits   0x000f9d       data     extern E:\3.46\pic18-lt\cxx-framework\src\traditional\proc\p18f4550.asm
                     PIE2   0x000fa0       data     extern E:\3.46\pic18-lt\cxx-framework\src\traditional\proc\p18f4550.asm
                 PIE2bits   0x000fa0       data     extern E:\3.46\pic18-lt\cxx-framework\src\traditional\proc\p18f4550.asm
                     PIR1   0x000f9e       data     extern E:\3.46\pic18-lt\cxx-framework\src\traditional\proc\p18f4550.asm
                 PIR1bits   0x000f9e       data     extern E:\3.46\pic18-lt\cxx-framework\src\traditional\proc\p18f4550.asm
                     PIR2   0x000fa1       data     extern E:\3.46\pic18-lt\cxx-framework\src\traditional\proc\p18f4550.asm
                 PIR2bits   0x000fa1       data     extern E:\3.46\pic18-lt\cxx-framework\src\traditional\proc\p18f4550.asm
                   PLUSW0   0x000feb       data     extern E:\3.46\pic18-lt\cxx-framework\src\traditional\proc\p18f4550.asm
                   PLUSW1   0x000fe3       data     extern E:\3.46\pic18-lt\cxx-framework\src\traditional\proc\p18f4550.asm
                   PLUSW2   0x000fdb       data     extern E:\3.46\pic18-lt\cxx-framework\src\traditional\proc\p18f4550.asm
                    PORTA   0x000f80       data     extern E:\3.46\pic18-lt\cxx-framework\src\traditional\proc\p18f4550.asm
                PORTAbits   0x000f80       data     extern E:\3.46\pic18-lt\cxx-framework\src\traditional\proc\p18f4550.asm
                    PORTB   0x000f81       data     extern E:\3.46\pic18-lt\cxx-framework\src\traditional\proc\p18f4550.asm
                PORTBbits   0x000f81       data     extern E:\3.46\pic18-lt\cxx-framework\src\traditional\proc\p18f4550.asm
                    PORTC   0x000f82       data     extern E:\3.46\pic18-lt\cxx-framework\src\traditional\proc\p18f4550.asm
                PORTCbits   0x000f82       data     extern E:\3.46\pic18-lt\cxx-framework\src\traditional\proc\p18f4550.asm
                    PORTD   0x000f83       data     extern E:\3.46\pic18-lt\cxx-framework\src\traditional\proc\p18f4550.asm
                PORTDbits   0x000f83       data     extern E:\3.46\pic18-lt\cxx-framework\src\traditional\proc\p18f4550.asm
                    PORTE   0x000f84       data     extern E:\3.46\pic18-lt\cxx-framework\src\traditional\proc\p18f4550.asm
                PORTEbits   0x000f84       data     extern E:\3.46\pic18-lt\cxx-framework\src\traditional\proc\p18f4550.asm
                 POSTDEC0   0x000fed       data     extern E:\3.46\pic18-lt\cxx-framework\src\traditional\proc\p18f4550.asm
                 POSTDEC1   0x000fe5       data     extern E:\3.46\pic18-lt\cxx-framework\src\traditional\proc\p18f4550.asm
                 POSTDEC2   0x000fdd       data     extern E:\3.46\pic18-lt\cxx-framework\src\traditional\proc\p18f4550.asm
                 POSTINC0   0x000fee       data     extern E:\3.46\pic18-lt\cxx-framework\src\traditional\proc\p18f4550.asm
                 POSTINC1   0x000fe6       data     extern E:\3.46\pic18-lt\cxx-framework\src\traditional\proc\p18f4550.asm
                 POSTINC2   0x000fde       data     extern E:\3.46\pic18-lt\cxx-framework\src\traditional\proc\p18f4550.asm
                      PR2   0x000fcb       data     extern E:\3.46\pic18-lt\cxx-framework\src\traditional\proc\p18f4550.asm
                  PREINC0   0x000fec       data     extern E:\3.46\pic18-lt\cxx-framework\src\traditional\proc\p18f4550.asm
                  PREINC1   0x000fe4       data     extern E:\3.46\pic18-lt\cxx-framework\src\traditional\proc\p18f4550.asm
                  PREINC2   0x000fdc       data     extern E:\3.46\pic18-lt\cxx-framework\src\traditional\proc\p18f4550.asm
                     PROD   0x000ff3       data     extern E:\3.46\pic18-lt\cxx-framework\src\traditional\proc\p18f4550.asm
                    PRODH   0x000ff4       data     extern E:\3.46\pic18-lt\cxx-framework\src\traditional\proc\p18f4550.asm
                    PRODL   0x000ff3       data     extern E:\3.46\pic18-lt\cxx-framework\src\traditional\proc\p18f4550.asm
                     RCON   0x000fd0       data     extern E:\3.46\pic18-lt\cxx-framework\src\traditional\proc\p18f4550.asm
                 RCONbits   0x000fd0       data     extern E:\3.46\pic18-lt\cxx-framework\src\traditional\proc\p18f4550.asm
                    RCREG   0x000fae       data     extern E:\3.46\pic18-lt\cxx-framework\src\traditional\proc\p18f4550.asm
                    RCSTA   0x000fab       data     extern E:\3.46\pic18-lt\cxx-framework\src\traditional\proc\p18f4550.asm
                RCSTAbits   0x000fab       data     extern E:\3.46\pic18-lt\cxx-framework\src\traditional\proc\p18f4550.asm
            RXB0CTRL_byte   0x0001e8       data     extern user\REGS2515.asm        
             RXB0CTRLbits   0x0001e8       data     extern user\REGS2515.asm        
            RXB1CTRL_byte   0x0001e9       data     extern user\REGS2515.asm        
             RXB1CTRLbits   0x0001e9       data     extern user\REGS2515.asm        
                ReadArray   0x0001a9       data     extern C:\Users\c16297\Desktop\MCP2515_BusMonitor\user\BusMon.c
                     SIGN   0x000000       data     extern E:\3.46\pic18-lt\cxx-framework\src\traditional\math\cmath18.asm
                    SPBRG   0x000faf       data     extern E:\3.46\pic18-lt\cxx-framework\src\traditional\proc\p18f4550.asm
                   SPBRGH   0x000fb0       data     extern E:\3.46\pic18-lt\cxx-framework\src\traditional\proc\p18f4550.asm
                   SPPCFG   0x000f63       data     extern E:\3.46\pic18-lt\cxx-framework\src\traditional\proc\p18f4550.asm
               SPPCFGbits   0x000f63       data     extern E:\3.46\pic18-lt\cxx-framework\src\traditional\proc\p18f4550.asm
                   SPPCON   0x000f65       data     extern E:\3.46\pic18-lt\cxx-framework\src\traditional\proc\p18f4550.asm
               SPPCONbits   0x000f65       data     extern E:\3.46\pic18-lt\cxx-framework\src\traditional\proc\p18f4550.asm
                  SPPDATA   0x000f62       data     extern E:\3.46\pic18-lt\cxx-framework\src\traditional\proc\p18f4550.asm
                   SPPEPS   0x000f64       data     extern E:\3.46\pic18-lt\cxx-framework\src\traditional\proc\p18f4550.asm
               SPPEPSbits   0x000f64       data     extern E:\3.46\pic18-lt\cxx-framework\src\traditional\proc\p18f4550.asm
                   SSPADD   0x000fc8       data     extern E:\3.46\pic18-lt\cxx-framework\src\traditional\proc\p18f4550.asm
                   SSPBUF   0x000fc9       data     extern E:\3.46\pic18-lt\cxx-framework\src\traditional\proc\p18f4550.asm
                  SSPCON1   0x000fc6       data     extern E:\3.46\pic18-lt\cxx-framework\src\traditional\proc\p18f4550.asm
              SSPCON1bits   0x000fc6       data     extern E:\3.46\pic18-lt\cxx-framework\src\traditional\proc\p18f4550.asm
                  SSPCON2   0x000fc5       data     extern E:\3.46\pic18-lt\cxx-framework\src\traditional\proc\p18f4550.asm
              SSPCON2bits   0x000fc5       data     extern E:\3.46\pic18-lt\cxx-framework\src\traditional\proc\p18f4550.asm
                  SSPSTAT   0x000fc7       data     extern E:\3.46\pic18-lt\cxx-framework\src\traditional\proc\p18f4550.asm
              SSPSTATbits   0x000fc7       data     extern E:\3.46\pic18-lt\cxx-framework\src\traditional\proc\p18f4550.asm
                   STATUS   0x000fd8       data     extern E:\3.46\pic18-lt\cxx-framework\src\traditional\proc\p18f4550.asm
               STATUSbits   0x000fd8       data     extern E:\3.46\pic18-lt\cxx-framework\src\traditional\proc\p18f4550.asm
                   STKPTR   0x000ffc       data     extern E:\3.46\pic18-lt\cxx-framework\src\traditional\proc\p18f4550.asm
               STKPTRbits   0x000ffc       data     extern E:\3.46\pic18-lt\cxx-framework\src\traditional\proc\p18f4550.asm
                 SetupPkt   0x000410       data     extern C:\Users\c16297\Desktop\MCP2515_BusMonitor\system\usb\usbmmap.c
                    T0CON   0x000fd5       data     extern E:\3.46\pic18-lt\cxx-framework\src\traditional\proc\p18f4550.asm
                T0CONbits   0x000fd5       data     extern E:\3.46\pic18-lt\cxx-framework\src\traditional\proc\p18f4550.asm
                    T1CON   0x000fcd       data     extern E:\3.46\pic18-lt\cxx-framework\src\traditional\proc\p18f4550.asm
                T1CONbits   0x000fcd       data     extern E:\3.46\pic18-lt\cxx-framework\src\traditional\proc\p18f4550.asm
                    T2CON   0x000fca       data     extern E:\3.46\pic18-lt\cxx-framework\src\traditional\proc\p18f4550.asm
                T2CONbits   0x000fca       data     extern E:\3.46\pic18-lt\cxx-framework\src\traditional\proc\p18f4550.asm
                    T3CON   0x000fb1       data     extern E:\3.46\pic18-lt\cxx-framework\src\traditional\proc\p18f4550.asm
                T3CONbits   0x000fb1       data     extern E:\3.46\pic18-lt\cxx-framework\src\traditional\proc\p18f4550.asm
                   TABLAT   0x000ff5       data     extern E:\3.46\pic18-lt\cxx-framework\src\traditional\proc\p18f4550.asm
                   TBLPTR   0x000ff6       data     extern E:\3.46\pic18-lt\cxx-framework\src\traditional\proc\p18f4550.asm
                  TBLPTRH   0x000ff7       data     extern E:\3.46\pic18-lt\cxx-framework\src\traditional\proc\p18f4550.asm
                  TBLPTRL   0x000ff6       data     extern E:\3.46\pic18-lt\cxx-framework\src\traditional\proc\p18f4550.asm
                  TBLPTRU   0x000ff8       data     extern E:\3.46\pic18-lt\cxx-framework\src\traditional\proc\p18f4550.asm
                    TMR0H   0x000fd7       data     extern E:\3.46\pic18-lt\cxx-framework\src\traditional\proc\p18f4550.asm
                    TMR0L   0x000fd6       data     extern E:\3.46\pic18-lt\cxx-framework\src\traditional\proc\p18f4550.asm
                    TMR1H   0x000fcf       data     extern E:\3.46\pic18-lt\cxx-framework\src\traditional\proc\p18f4550.asm
                    TMR1L   0x000fce       data     extern E:\3.46\pic18-lt\cxx-framework\src\traditional\proc\p18f4550.asm
                     TMR2   0x000fcc       data     extern E:\3.46\pic18-lt\cxx-framework\src\traditional\proc\p18f4550.asm
                    TMR3H   0x000fb3       data     extern E:\3.46\pic18-lt\cxx-framework\src\traditional\proc\p18f4550.asm
                    TMR3L   0x000fb2       data     extern E:\3.46\pic18-lt\cxx-framework\src\traditional\proc\p18f4550.asm
                      TOS   0x000ffd       data     extern E:\3.46\pic18-lt\cxx-framework\src\traditional\proc\p18f4550.asm
                     TOSH   0x000ffe       data     extern E:\3.46\pic18-lt\cxx-framework\src\traditional\proc\p18f4550.asm
                     TOSL   0x000ffd       data     extern E:\3.46\pic18-lt\cxx-framework\src\traditional\proc\p18f4550.asm
                     TOSU   0x000fff       data     extern E:\3.46\pic18-lt\cxx-framework\src\traditional\proc\p18f4550.asm
                    TRISA   0x000f92       data     extern E:\3.46\pic18-lt\cxx-framework\src\traditional\proc\p18f4550.asm
                TRISAbits   0x000f92       data     extern E:\3.46\pic18-lt\cxx-framework\src\traditional\proc\p18f4550.asm
                    TRISB   0x000f93       data     extern E:\3.46\pic18-lt\cxx-framework\src\traditional\proc\p18f4550.asm
                TRISBbits   0x000f93       data     extern E:\3.46\pic18-lt\cxx-framework\src\traditional\proc\p18f4550.asm
                    TRISC   0x000f94       data     extern E:\3.46\pic18-lt\cxx-framework\src\traditional\proc\p18f4550.asm
                TRISCbits   0x000f94       data     extern E:\3.46\pic18-lt\cxx-framework\src\traditional\proc\p18f4550.asm
                    TRISD   0x000f95       data     extern E:\3.46\pic18-lt\cxx-framework\src\traditional\proc\p18f4550.asm
                TRISDbits   0x000f95       data     extern E:\3.46\pic18-lt\cxx-framework\src\traditional\proc\p18f4550.asm
                    TRISE   0x000f96       data     extern E:\3.46\pic18-lt\cxx-framework\src\traditional\proc\p18f4550.asm
                TRISEbits   0x000f96       data     extern E:\3.46\pic18-lt\cxx-framework\src\traditional\proc\p18f4550.asm
            TXB0CTRL_byte   0x0001e5       data     extern user\REGS2515.asm        
             TXB0CTRLbits   0x0001e5       data     extern user\REGS2515.asm        
            TXB1CTRL_byte   0x0001e6       data     extern user\REGS2515.asm        
             TXB1CTRLbits   0x0001e6       data     extern user\REGS2515.asm        
            TXB2CTRL_byte   0x0001e7       data     extern user\REGS2515.asm        
             TXB2CTRLbits   0x0001e7       data     extern user\REGS2515.asm        
                    TXREG   0x000fad       data     extern E:\3.46\pic18-lt\cxx-framework\src\traditional\proc\p18f4550.asm
           TXRTSCTRL_byte   0x0001e4       data     extern user\REGS2515.asm        
            TXRTSCTRLbits   0x0001e4       data     extern user\REGS2515.asm        
                    TXSTA   0x000fac       data     extern E:\3.46\pic18-lt\cxx-framework\src\traditional\proc\p18f4550.asm
                TXSTAbits   0x000fac       data     extern E:\3.46\pic18-lt\cxx-framework\src\traditional\proc\p18f4550.asm
             TimerCounter   0x00006e       data     static C:\Users\c16297\Desktop\MCP2515_BusMonitor\system\interrupt\interrupt.h
             TimerCounter   0x0001d1       data     extern C:\Users\c16297\Desktop\MCP2515_BusMonitor\user\BusMon.c
                    UADDR   0x000f6e       data     extern E:\3.46\pic18-lt\cxx-framework\src\traditional\proc\p18f4550.asm
                UADDRbits   0x000f6e       data     extern E:\3.46\pic18-lt\cxx-framework\src\traditional\proc\p18f4550.asm
                     UCFG   0x000f6f       data     extern E:\3.46\pic18-lt\cxx-framework\src\traditional\proc\p18f4550.asm
                 UCFGbits   0x000f6f       data     extern E:\3.46\pic18-lt\cxx-framework\src\traditional\proc\p18f4550.asm
                     UCON   0x000f6d       data     extern E:\3.46\pic18-lt\cxx-framework\src\traditional\proc\p18f4550.asm
                 UCONbits   0x000f6d       data     extern E:\3.46\pic18-lt\cxx-framework\src\traditional\proc\p18f4550.asm
                     UEIE   0x000f6b       data     extern E:\3.46\pic18-lt\cxx-framework\src\traditional\proc\p18f4550.asm
                 UEIEbits   0x000f6b       data     extern E:\3.46\pic18-lt\cxx-framework\src\traditional\proc\p18f4550.asm
                     UEIR   0x000f6a       data     extern E:\3.46\pic18-lt\cxx-framework\src\traditional\proc\p18f4550.asm
                 UEIRbits   0x000f6a       data     extern E:\3.46\pic18-lt\cxx-framework\src\traditional\proc\p18f4550.asm
                     UEP0   0x000f70       data     extern E:\3.46\pic18-lt\cxx-framework\src\traditional\proc\p18f4550.asm
                 UEP0bits   0x000f70       data     extern E:\3.46\pic18-lt\cxx-framework\src\traditional\proc\p18f4550.asm
                     UEP1   0x000f71       data     extern E:\3.46\pic18-lt\cxx-framework\src\traditional\proc\p18f4550.asm
                    UEP10   0x000f7a       data     extern E:\3.46\pic18-lt\cxx-framework\src\traditional\proc\p18f4550.asm
                UEP10bits   0x000f7a       data     extern E:\3.46\pic18-lt\cxx-framework\src\traditional\proc\p18f4550.asm
                    UEP11   0x000f7b       data     extern E:\3.46\pic18-lt\cxx-framework\src\traditional\proc\p18f4550.asm
                UEP11bits   0x000f7b       data     extern E:\3.46\pic18-lt\cxx-framework\src\traditional\proc\p18f4550.asm
                    UEP12   0x000f7c       data     extern E:\3.46\pic18-lt\cxx-framework\src\traditional\proc\p18f4550.asm
                UEP12bits   0x000f7c       data     extern E:\3.46\pic18-lt\cxx-framework\src\traditional\proc\p18f4550.asm
                    UEP13   0x000f7d       data     extern E:\3.46\pic18-lt\cxx-framework\src\traditional\proc\p18f4550.asm
                UEP13bits   0x000f7d       data     extern E:\3.46\pic18-lt\cxx-framework\src\traditional\proc\p18f4550.asm
                    UEP14   0x000f7e       data     extern E:\3.46\pic18-lt\cxx-framework\src\traditional\proc\p18f4550.asm
                UEP14bits   0x000f7e       data     extern E:\3.46\pic18-lt\cxx-framework\src\traditional\proc\p18f4550.asm
                    UEP15   0x000f7f       data     extern E:\3.46\pic18-lt\cxx-framework\src\traditional\proc\p18f4550.asm
                UEP15bits   0x000f7f       data     extern E:\3.46\pic18-lt\cxx-framework\src\traditional\proc\p18f4550.asm
                 UEP1bits   0x000f71       data     extern E:\3.46\pic18-lt\cxx-framework\src\traditional\proc\p18f4550.asm
                     UEP2   0x000f72       data     extern E:\3.46\pic18-lt\cxx-framework\src\traditional\proc\p18f4550.asm
                 UEP2bits   0x000f72       data     extern E:\3.46\pic18-lt\cxx-framework\src\traditional\proc\p18f4550.asm
                     UEP3   0x000f73       data     extern E:\3.46\pic18-lt\cxx-framework\src\traditional\proc\p18f4550.asm
                 UEP3bits   0x000f73       data     extern E:\3.46\pic18-lt\cxx-framework\src\traditional\proc\p18f4550.asm
                     UEP4   0x000f74       data     extern E:\3.46\pic18-lt\cxx-framework\src\traditional\proc\p18f4550.asm
                 UEP4bits   0x000f74       data     extern E:\3.46\pic18-lt\cxx-framework\src\traditional\proc\p18f4550.asm
                     UEP5   0x000f75       data     extern E:\3.46\pic18-lt\cxx-framework\src\traditional\proc\p18f4550.asm
                 UEP5bits   0x000f75       data     extern E:\3.46\pic18-lt\cxx-framework\src\traditional\proc\p18f4550.asm
                     UEP6   0x000f76       data     extern E:\3.46\pic18-lt\cxx-framework\src\traditional\proc\p18f4550.asm
                 UEP6bits   0x000f76       data     extern E:\3.46\pic18-lt\cxx-framework\src\traditional\proc\p18f4550.asm
                     UEP7   0x000f77       data     extern E:\3.46\pic18-lt\cxx-framework\src\traditional\proc\p18f4550.asm
                 UEP7bits   0x000f77       data     extern E:\3.46\pic18-lt\cxx-framework\src\traditional\proc\p18f4550.asm
                     UEP8   0x000f78       data     extern E:\3.46\pic18-lt\cxx-framework\src\traditional\proc\p18f4550.asm
                 UEP8bits   0x000f78       data     extern E:\3.46\pic18-lt\cxx-framework\src\traditional\proc\p18f4550.asm
                     UEP9   0x000f79       data     extern E:\3.46\pic18-lt\cxx-framework\src\traditional\proc\p18f4550.asm
                 UEP9bits   0x000f79       data     extern E:\3.46\pic18-lt\cxx-framework\src\traditional\proc\p18f4550.asm
                     UFRM   0x000f66       data     extern E:\3.46\pic18-lt\cxx-framework\src\traditional\proc\p18f4550.asm
                    UFRMH   0x000f67       data     extern E:\3.46\pic18-lt\cxx-framework\src\traditional\proc\p18f4550.asm
                UFRMHbits   0x000f67       data     extern E:\3.46\pic18-lt\cxx-framework\src\traditional\proc\p18f4550.asm
                    UFRML   0x000f66       data     extern E:\3.46\pic18-lt\cxx-framework\src\traditional\proc\p18f4550.asm
                UFRMLbits   0x000f66       data     extern E:\3.46\pic18-lt\cxx-framework\src\traditional\proc\p18f4550.asm
                      UIE   0x000f69       data     extern E:\3.46\pic18-lt\cxx-framework\src\traditional\proc\p18f4550.asm
                  UIEbits   0x000f69       data     extern E:\3.46\pic18-lt\cxx-framework\src\traditional\proc\p18f4550.asm
                      UIR   0x000f68       data     extern E:\3.46\pic18-lt\cxx-framework\src\traditional\proc\p18f4550.asm
                  UIRbits   0x000f68       data     extern E:\3.46\pic18-lt\cxx-framework\src\traditional\proc\p18f4550.asm
                  USB_ptr   0x0001d8       data     static C:\Users\c16297\Desktop\MCP2515_BusMonitor\user\BusMon.c
                    USTAT   0x000f6c       data     extern E:\3.46\pic18-lt\cxx-framework\src\traditional\proc\p18f4550.asm
                USTATbits   0x000f6c       data     extern E:\3.46\pic18-lt\cxx-framework\src\traditional\proc\p18f4550.asm
                 UserFlag   0x000101       data     extern C:\Users\c16297\Desktop\MCP2515_BusMonitor\user\BusMon.c
                   WDTCON   0x000fd1       data     extern E:\3.46\pic18-lt\cxx-framework\src\traditional\proc\p18f4550.asm
               WDTCONbits   0x000fd1       data     extern E:\3.46\pic18-lt\cxx-framework\src\traditional\proc\p18f4550.asm
                     WREG   0x000fe8       data     extern E:\3.46\pic18-lt\cxx-framework\src\traditional\proc\p18f4550.asm
                __FPFLAGS   0x000001       data     extern E:\3.46\pic18-lt\cxx-framework\src\traditional\math\cmath18.asm
            __FPFLAGSbits   0x000001       data     extern E:\3.46\pic18-lt\cxx-framework\src\traditional\math\cmath18.asm
                  __tmp_0   0x000002       data     static C:\Users\c16297\Desktop\MCP2515_BusMonitor\user\SPI2515.c
                  __tmp_0   0x000002       data     static C:\Users\c16297\Desktop\MCP2515_BusMonitor\user\BusMon.c
                  __tmp_0   0x000002       data     static C:\Users\c16297\Desktop\MCP2515_BusMonitor\system\usb\usb9\usb9.c
                  __tmp_0   0x000002       data     static C:\Users\c16297\Desktop\MCP2515_BusMonitor\system\usb\usbctrltrf\usbctrltrf.c
                  __tmp_0   0x000002       data     static C:\Users\c16297\Desktop\MCP2515_BusMonitor\system\usb\class\hid\hid.c
          active_protocol   0x000068       data     extern C:\Users\c16297\Desktop\MCP2515_BusMonitor\system\usb\class\hid\hid.c
                   buffer   0x000105       data     extern C:\Users\c16297\Desktop\MCP2515_BusMonitor\user\BusMon.c
                 buffer_q   0x0001c9       data     static C:\Users\c16297\Desktop\MCP2515_BusMonitor\user\BusMon.c
              button_flag   0x0001da       data     static C:\Users\c16297\Desktop\MCP2515_BusMonitor\user\BusMon.c
   ctrl_trf_session_owner   0x0001f5       data     extern C:\Users\c16297\Desktop\MCP2515_BusMonitor\system\usb\usbctrltrf\usbctrltrf.c
           ctrl_trf_state   0x0001f4       data     extern C:\Users\c16297\Desktop\MCP2515_BusMonitor\system\usb\usbctrltrf\usbctrltrf.c
                curr_byte   0x0001ed       data     static E:\3.46\pic18-lt\cxx-framework\src\traditional\startup\c018i.c
               curr_entry   0x0001ef       data     static E:\3.46\pic18-lt\cxx-framework\src\traditional\startup\c018i.c
                 data_ptr   0x0001f1       data     static E:\3.46\pic18-lt\cxx-framework\src\traditional\startup\c018i.c
               debCounter   0x000066       data     extern C:\Users\c16297\Desktop\MCP2515_BusMonitor\main.c
              delay_count   0x00006a       data     static C:\Users\c16297\Desktop\MCP2515_BusMonitor\system\usb\usbdrv\usbdrv.c
                    dummy   0x000070       data     extern C:\Users\c16297\Desktop\MCP2515_BusMonitor\user\SPI2515.c
             emulate_mode   0x000103       data     extern C:\Users\c16297\Desktop\MCP2515_BusMonitor\user\BusMon.c
                    ep0Bi   0x000404       data     extern C:\Users\c16297\Desktop\MCP2515_BusMonitor\system\usb\usbmmap.c
                    ep0Bo   0x000400       data     extern C:\Users\c16297\Desktop\MCP2515_BusMonitor\system\usb\usbmmap.c
                    ep1Bi   0x00040c       data     extern C:\Users\c16297\Desktop\MCP2515_BusMonitor\system\usb\usbmmap.c
                    ep1Bo   0x000408       data     extern C:\Users\c16297\Desktop\MCP2515_BusMonitor\system\usb\usbmmap.c
         firmware_version   0x0001ca       data     extern C:\Users\c16297\Desktop\MCP2515_BusMonitor\user\BusMon.c
              flag_enable   0x0001d9       data     static C:\Users\c16297\Desktop\MCP2515_BusMonitor\user\BusMon.c
               gCANRXFlag   0x00006d       data     static C:\Users\c16297\Desktop\MCP2515_BusMonitor\user\BusMon.h
               gCANRXFlag   0x000060       data     static C:\Users\c16297\Desktop\MCP2515_BusMonitor\user\BusMon.h
               gCANRXFlag   0x000100       data     static C:\Users\c16297\Desktop\MCP2515_BusMonitor\user\BusMon.h
                 gTimeout   0x00006c       data     static C:\Users\c16297\Desktop\MCP2515_BusMonitor\system\interrupt\interrupt.h
                 gTimeout   0x0001d2       data     static C:\Users\c16297\Desktop\MCP2515_BusMonitor\user\BusMon.c
            hid_report_in   0x000460       data     extern C:\Users\c16297\Desktop\MCP2515_BusMonitor\system\usb\usbmmap.c
           hid_report_out   0x000420       data     extern C:\Users\c16297\Desktop\MCP2515_BusMonitor\system\usb\usbmmap.c
           hid_rpt_rx_len   0x000069       data     extern C:\Users\c16297\Desktop\MCP2515_BusMonitor\system\usb\class\hid\hid.c
                        i   0x000061       data     extern C:\Users\c16297\Desktop\MCP2515_BusMonitor\main.c
                idle_rate   0x000067       data     extern C:\Users\c16297\Desktop\MCP2515_BusMonitor\system\usb\class\hid\hid.c
                 inbuffer   0x000108       data     extern C:\Users\c16297\Desktop\MCP2515_BusMonitor\user\BusMon.c
             isUsbPowered   0x000063       data     extern C:\Users\c16297\Desktop\MCP2515_BusMonitor\main.c
                lastPortA   0x000065       data     extern C:\Users\c16297\Desktop\MCP2515_BusMonitor\main.c
          movement_length   0x000104       data     extern C:\Users\c16297\Desktop\MCP2515_BusMonitor\user\BusMon.c
                 newPortA   0x000064       data     extern C:\Users\c16297\Desktop\MCP2515_BusMonitor\main.c
              old_CANCTRL   0x000188       data     static C:\Users\c16297\Desktop\MCP2515_BusMonitor\user\BusMon.c
                outbuffer   0x000148       data     extern C:\Users\c16297\Desktop\MCP2515_BusMonitor\user\BusMon.c
                     pDst   0x0001f8       data     extern C:\Users\c16297\Desktop\MCP2515_BusMonitor\system\usb\usbctrltrf\usbctrltrf.c
                     pSrc   0x0001f6       data     extern C:\Users\c16297\Desktop\MCP2515_BusMonitor\system\usb\usbctrltrf\usbctrltrf.c
                     prom   0x0001ea       data     static E:\3.46\pic18-lt\cxx-framework\src\traditional\startup\c018i.c
           usb_active_cfg   0x0001fe       data     extern C:\Users\c16297\Desktop\MCP2515_BusMonitor\system\usb\usbmmap.c
             usb_alt_intf   0x0001ff       data     extern C:\Users\c16297\Desktop\MCP2515_BusMonitor\system\usb\usbmmap.c
         usb_device_state   0x0001fc       data     extern C:\Users\c16297\Desktop\MCP2515_BusMonitor\system\usb\usbmmap.c
                 usb_stat   0x0001fd       data     extern C:\Users\c16297\Desktop\MCP2515_BusMonitor\system\usb\usbmmap.c
            usbcan_STATUS   0x000102       data     extern C:\Users\c16297\Desktop\MCP2515_BusMonitor\user\BusMon.c
                   vector   0x0001cf       data     extern C:\Users\c16297\Desktop\MCP2515_BusMonitor\user\BusMon.c
                   wCount   0x0001fa       data     extern C:\Users\c16297\Desktop\MCP2515_BusMonitor\system\usb\usbctrltrf\usbctrltrf.c



                              Symbols - Sorted by Address
                     Name    Address   Location    Storage File                     
                ---------  ---------  ---------  --------- ---------                
                   _entry   0x000000    program     extern E:\3.46\pic18-lt\cxx-framework\src\traditional\startup\c018i.c
       ___return_lbl00000   0x000004    program     static                          
 interrupt_at_high_vector   0x000008    program     extern C:\Users\c16297\Desktop\MCP2515_BusMonitor\system\interrupt\interrupt.c
  interrupt_at_low_vector   0x000018    program     extern C:\Users\c16297\Desktop\MCP2515_BusMonitor\system\interrupt\interrupt.c
                ProcessIO   0x000044    program     extern C:\Users\c16297\Desktop\MCP2515_BusMonitor\user\BusMon.c
               CheckCANRX   0x00030c    program     extern C:\Users\c16297\Desktop\MCP2515_BusMonitor\user\BusMon.c
            LoadUSBString   0x00033a    program     extern C:\Users\c16297\Desktop\MCP2515_BusMonitor\user\BusMon.c
               GetUSBData   0x000480    program     extern C:\Users\c16297\Desktop\MCP2515_BusMonitor\user\BusMon.c
                 UserInit   0x0004c6    program     extern C:\Users\c16297\Desktop\MCP2515_BusMonitor\user\BusMon.c
                  CANInit   0x000568    program     extern C:\Users\c16297\Desktop\MCP2515_BusMonitor\user\BusMon.c
             SetBitTiming   0x00094a    program     extern C:\Users\c16297\Desktop\MCP2515_BusMonitor\user\BusMon.c
          CheckLoadButton   0x000a02    program     extern C:\Users\c16297\Desktop\MCP2515_BusMonitor\user\BusMon.c
                CANLoadTX   0x000aa4    program     extern C:\Users\c16297\Desktop\MCP2515_BusMonitor\user\BusMon.c
          EEPROMBYTEWrite   0x000aee    program     extern C:\Users\c16297\Desktop\MCP2515_BusMonitor\user\BusMon.c
          EEPROMDataWrite   0x000b20    program     extern C:\Users\c16297\Desktop\MCP2515_BusMonitor\user\BusMon.c
           EEPROMBYTERead   0x000b42    program     extern C:\Users\c16297\Desktop\MCP2515_BusMonitor\user\BusMon.c
           EEPROMDataRead   0x000b54    program     extern C:\Users\c16297\Desktop\MCP2515_BusMonitor\user\BusMon.c
           EEPROMCRCWrite   0x000b7a    program     extern C:\Users\c16297\Desktop\MCP2515_BusMonitor\user\BusMon.c
           EEPROMCRCCheck   0x000b9a    program     extern C:\Users\c16297\Desktop\MCP2515_BusMonitor\user\BusMon.c
                   __pa_0   0x000bc4    program     static C:\Users\c16297\Desktop\MCP2515_BusMonitor\user\BusMon.c
                   __pa_1   0x000bcc    program     static C:\Users\c16297\Desktop\MCP2515_BusMonitor\user\BusMon.c
                   __pa_2   0x000bd2    program     static C:\Users\c16297\Desktop\MCP2515_BusMonitor\user\BusMon.c
                   __pa_3   0x000bdc    program     static C:\Users\c16297\Desktop\MCP2515_BusMonitor\user\BusMon.c
                   __pa_4   0x000bec    program     static C:\Users\c16297\Desktop\MCP2515_BusMonitor\user\BusMon.c
                   __pa_5   0x000bf6    program     static C:\Users\c16297\Desktop\MCP2515_BusMonitor\user\BusMon.c
                   __pa_6   0x000c00    program     static C:\Users\c16297\Desktop\MCP2515_BusMonitor\user\BusMon.c
               __tmplbl_8   0x000c00    program     static                          
                   __pa_7   0x000c08    program     static C:\Users\c16297\Desktop\MCP2515_BusMonitor\user\BusMon.c
[...]
                 DDRCbits   0x000f94       data     extern E:\3.46\pic18-lt\cxx-framework\src\traditional\proc\p18f4550.asm
                 DDRDbits   0x000f95       data     extern E:\3.46\pic18-lt\cxx-framework\src\traditional\proc\p18f4550.asm
                     DDRD   0x000f95       data     extern E:\3.46\pic18-lt\cxx-framework\src\traditional\proc\p18f4550.asm
                    TRISD   0x000f95       data     extern E:\3.46\pic18-lt\cxx-framework\src\traditional\proc\p18f4550.asm
                TRISDbits   0x000f95       data     extern E:\3.46\pic18-lt\cxx-framework\src\traditional\proc\p18f4550.asm
                    TRISE   0x000f96       data     extern E:\3.46\pic18-lt\cxx-framework\src\traditional\proc\p18f4550.asm
                TRISEbits   0x000f96       data     extern E:\3.46\pic18-lt\cxx-framework\src\traditional\proc\p18f4550.asm
                 DDREbits   0x000f96       data     extern E:\3.46\pic18-lt\cxx-framework\src\traditional\proc\p18f4550.asm
                     DDRE   0x000f96       data     extern E:\3.46\pic18-lt\cxx-framework\src\traditional\proc\p18f4550.asm
                  OSCTUNE   0x000f9b       data     extern E:\3.46\pic18-lt\cxx-framework\src\traditional\proc\p18f4550.asm
              OSCTUNEbits   0x000f9b       data     extern E:\3.46\pic18-lt\cxx-framework\src\traditional\proc\p18f4550.asm
                     PIE1   0x000f9d       data     extern E:\3.46\pic18-lt\cxx-framework\src\traditional\proc\p18f4550.asm
                 PIE1bits   0x000f9d       data     extern E:\3.46\pic18-lt\cxx-framework\src\traditional\proc\p18f4550.asm
                     PIR1   0x000f9e       data     extern E:\3.46\pic18-lt\cxx-framework\src\traditional\proc\p18f4550.asm
                 PIR1bits   0x000f9e       data     extern E:\3.46\pic18-lt\cxx-framework\src\traditional\proc\p18f4550.asm
                     IPR1   0x000f9f       data     extern E:\3.46\pic18-lt\cxx-framework\src\traditional\proc\p18f4550.asm
                 IPR1bits   0x000f9f       data     extern E:\3.46\pic18-lt\cxx-framework\src\traditional\proc\p18f4550.asm
                     PIE2   0x000fa0       data     extern E:\3.46\pic18-lt\cxx-framework\src\traditional\proc\p18f4550.asm
                 PIE2bits   0x000fa0       data     extern E:\3.46\pic18-lt\cxx-framework\src\traditional\proc\p18f4550.asm
                     PIR2   0x000fa1       data     extern E:\3.46\pic18-lt\cxx-framework\src\traditional\proc\p18f4550.asm
                 PIR2bits   0x000fa1       data     extern E:\3.46\pic18-lt\cxx-framework\src\traditional\proc\p18f4550.asm
                     IPR2   0x000fa2       data     extern E:\3.46\pic18-lt\cxx-framework\src\traditional\proc\p18f4550.asm
                 IPR2bits   0x000fa2       data     extern E:\3.46\pic18-lt\cxx-framework\src\traditional\proc\p18f4550.asm
               EECON1bits   0x000fa6       data     extern E:\3.46\pic18-lt\cxx-framework\src\traditional\proc\p18f4550.asm
                   EECON1   0x000fa6       data     extern E:\3.46\pic18-lt\cxx-framework\src\traditional\proc\p18f4550.asm
                   EECON2   0x000fa7       data     extern E:\3.46\pic18-lt\cxx-framework\src\traditional\proc\p18f4550.asm
                   EEDATA   0x000fa8       data     extern E:\3.46\pic18-lt\cxx-framework\src\traditional\proc\p18f4550.asm
                    EEADR   0x000fa9       data     extern E:\3.46\pic18-lt\cxx-framework\src\traditional\proc\p18f4550.asm
                    RCSTA   0x000fab       data     extern E:\3.46\pic18-lt\cxx-framework\src\traditional\proc\p18f4550.asm
                RCSTAbits   0x000fab       data     extern E:\3.46\pic18-lt\cxx-framework\src\traditional\proc\p18f4550.asm
                TXSTAbits   0x000fac       data     extern E:\3.46\pic18-lt\cxx-framework\src\traditional\proc\p18f4550.asm
                    TXSTA   0x000fac       data     extern E:\3.46\pic18-lt\cxx-framework\src\traditional\proc\p18f4550.asm
                    TXREG   0x000fad       data     extern E:\3.46\pic18-lt\cxx-framework\src\traditional\proc\p18f4550.asm
                    RCREG   0x000fae       data     extern E:\3.46\pic18-lt\cxx-framework\src\traditional\proc\p18f4550.asm
                    SPBRG   0x000faf       data     extern E:\3.46\pic18-lt\cxx-framework\src\traditional\proc\p18f4550.asm
                   SPBRGH   0x000fb0       data     extern E:\3.46\pic18-lt\cxx-framework\src\traditional\proc\p18f4550.asm
                    T3CON   0x000fb1       data     extern E:\3.46\pic18-lt\cxx-framework\src\traditional\proc\p18f4550.asm
                T3CONbits   0x000fb1       data     extern E:\3.46\pic18-lt\cxx-framework\src\traditional\proc\p18f4550.asm
                    TMR3L   0x000fb2       data     extern E:\3.46\pic18-lt\cxx-framework\src\traditional\proc\p18f4550.asm
                    TMR3H   0x000fb3       data     extern E:\3.46\pic18-lt\cxx-framework\src\traditional\proc\p18f4550.asm
                CMCONbits   0x000fb4       data     extern E:\3.46\pic18-lt\cxx-framework\src\traditional\proc\p18f4550.asm
                    CMCON   0x000fb4       data     extern E:\3.46\pic18-lt\cxx-framework\src\traditional\proc\p18f4550.asm
               CVRCONbits   0x000fb5       data     extern E:\3.46\pic18-lt\cxx-framework\src\traditional\proc\p18f4550.asm
                   CVRCON   0x000fb5       data     extern E:\3.46\pic18-lt\cxx-framework\src\traditional\proc\p18f4550.asm
              ECCP1ASbits   0x000fb6       data     extern E:\3.46\pic18-lt\cxx-framework\src\traditional\proc\p18f4550.asm
               CCP1ASbits   0x000fb6       data     extern E:\3.46\pic18-lt\cxx-framework\src\traditional\proc\p18f4550.asm
                   CCP1AS   0x000fb6       data     extern E:\3.46\pic18-lt\cxx-framework\src\traditional\proc\p18f4550.asm
                  ECCP1AS   0x000fb6       data     extern E:\3.46\pic18-lt\cxx-framework\src\traditional\proc\p18f4550.asm
                  CCP1DEL   0x000fb7       data     extern E:\3.46\pic18-lt\cxx-framework\src\traditional\proc\p18f4550.asm
              CCP1DELbits   0x000fb7       data     extern E:\3.46\pic18-lt\cxx-framework\src\traditional\proc\p18f4550.asm
             ECCP1DELbits   0x000fb7       data     extern E:\3.46\pic18-lt\cxx-framework\src\traditional\proc\p18f4550.asm
                 ECCP1DEL   0x000fb7       data     extern E:\3.46\pic18-lt\cxx-framework\src\traditional\proc\p18f4550.asm
              BAUDCTLbits   0x000fb8       data     extern E:\3.46\pic18-lt\cxx-framework\src\traditional\proc\p18f4550.asm
                  BAUDCTL   0x000fb8       data     extern E:\3.46\pic18-lt\cxx-framework\src\traditional\proc\p18f4550.asm
              BAUDCONbits   0x000fb8       data     extern E:\3.46\pic18-lt\cxx-framework\src\traditional\proc\p18f4550.asm
                  BAUDCON   0x000fb8       data     extern E:\3.46\pic18-lt\cxx-framework\src\traditional\proc\p18f4550.asm
                  CCP2CON   0x000fba       data     extern E:\3.46\pic18-lt\cxx-framework\src\traditional\proc\p18f4550.asm
              CCP2CONbits   0x000fba       data     extern E:\3.46\pic18-lt\cxx-framework\src\traditional\proc\p18f4550.asm
                    CCPR2   0x000fbb       data     extern E:\3.46\pic18-lt\cxx-framework\src\traditional\proc\p18f4550.asm
                   CCPR2L   0x000fbb       data     extern E:\3.46\pic18-lt\cxx-framework\src\traditional\proc\p18f4550.asm
                   CCPR2H   0x000fbc       data     extern E:\3.46\pic18-lt\cxx-framework\src\traditional\proc\p18f4550.asm
              CCP1CONbits   0x000fbd       data     extern E:\3.46\pic18-lt\cxx-framework\src\traditional\proc\p18f4550.asm
                  CCP1CON   0x000fbd       data     extern E:\3.46\pic18-lt\cxx-framework\src\traditional\proc\p18f4550.asm
             ECCP1CONbits   0x000fbd       data     extern E:\3.46\pic18-lt\cxx-framework\src\traditional\proc\p18f4550.asm
                 ECCP1CON   0x000fbd       data     extern E:\3.46\pic18-lt\cxx-framework\src\traditional\proc\p18f4550.asm
                    CCPR1   0x000fbe       data     extern E:\3.46\pic18-lt\cxx-framework\src\traditional\proc\p18f4550.asm
                   CCPR1L   0x000fbe       data     extern E:\3.46\pic18-lt\cxx-framework\src\traditional\proc\p18f4550.asm
                   CCPR1H   0x000fbf       data     extern E:\3.46\pic18-lt\cxx-framework\src\traditional\proc\p18f4550.asm
                   ADCON2   0x000fc0       data     extern E:\3.46\pic18-lt\cxx-framework\src\traditional\proc\p18f4550.asm
               ADCON2bits   0x000fc0       data     extern E:\3.46\pic18-lt\cxx-framework\src\traditional\proc\p18f4550.asm
                   ADCON1   0x000fc1       data     extern E:\3.46\pic18-lt\cxx-framework\src\traditional\proc\p18f4550.asm
               ADCON1bits   0x000fc1       data     extern E:\3.46\pic18-lt\cxx-framework\src\traditional\proc\p18f4550.asm
                   ADCON0   0x000fc2       data     extern E:\3.46\pic18-lt\cxx-framework\src\traditional\proc\p18f4550.asm
               ADCON0bits   0x000fc2       data     extern E:\3.46\pic18-lt\cxx-framework\src\traditional\proc\p18f4550.asm
                    ADRES   0x000fc3       data     extern E:\3.46\pic18-lt\cxx-framework\src\traditional\proc\p18f4550.asm
                   ADRESL   0x000fc3       data     extern E:\3.46\pic18-lt\cxx-framework\src\traditional\proc\p18f4550.asm
                   ADRESH   0x000fc4       data     extern E:\3.46\pic18-lt\cxx-framework\src\traditional\proc\p18f4550.asm
                  SSPCON2   0x000fc5       data     extern E:\3.46\pic18-lt\cxx-framework\src\traditional\proc\p18f4550.asm
              SSPCON2bits   0x000fc5       data     extern E:\3.46\pic18-lt\cxx-framework\src\traditional\proc\p18f4550.asm
              SSPCON1bits   0x000fc6       data     extern E:\3.46\pic18-lt\cxx-framework\src\traditional\proc\p18f4550.asm
                  SSPCON1   0x000fc6       data     extern E:\3.46\pic18-lt\cxx-framework\src\traditional\proc\p18f4550.asm
                  SSPSTAT   0x000fc7       data     extern E:\3.46\pic18-lt\cxx-framework\src\traditional\proc\p18f4550.asm
              SSPSTATbits   0x000fc7       data     extern E:\3.46\pic18-lt\cxx-framework\src\traditional\proc\p18f4550.asm
                   SSPADD   0x000fc8       data     extern E:\3.46\pic18-lt\cxx-framework\src\traditional\proc\p18f4550.asm
                   SSPBUF   0x000fc9       data     extern E:\3.46\pic18-lt\cxx-framework\src\traditional\proc\p18f4550.asm
                T2CONbits   0x000fca       data     extern E:\3.46\pic18-lt\cxx-framework\src\traditional\proc\p18f4550.asm
                    T2CON   0x000fca       data     extern E:\3.46\pic18-lt\cxx-framework\src\traditional\proc\p18f4550.asm
                      PR2   0x000fcb       data     extern E:\3.46\pic18-lt\cxx-framework\src\traditional\proc\p18f4550.asm
                     TMR2   0x000fcc       data     extern E:\3.46\pic18-lt\cxx-framework\src\traditional\proc\p18f4550.asm
                    T1CON   0x000fcd       data     extern E:\3.46\pic18-lt\cxx-framework\src\traditional\proc\p18f4550.asm
                T1CONbits   0x000fcd       data     extern E:\3.46\pic18-lt\cxx-framework\src\traditional\proc\p18f4550.asm
                    TMR1L   0x000fce       data     extern E:\3.46\pic18-lt\cxx-framework\src\traditional\proc\p18f4550.asm
                    TMR1H   0x000fcf       data     extern E:\3.46\pic18-lt\cxx-framework\src\traditional\proc\p18f4550.asm
                     RCON   0x000fd0       data     extern E:\3.46\pic18-lt\cxx-framework\src\traditional\proc\p18f4550.asm
                 RCONbits   0x000fd0       data     extern E:\3.46\pic18-lt\cxx-framework\src\traditional\proc\p18f4550.asm
               WDTCONbits   0x000fd1       data     extern E:\3.46\pic18-lt\cxx-framework\src\traditional\proc\p18f4550.asm
                   WDTCON   0x000fd1       data     extern E:\3.46\pic18-lt\cxx-framework\src\traditional\proc\p18f4550.asm
              HLVDCONbits   0x000fd2       data     extern E:\3.46\pic18-lt\cxx-framework\src\traditional\proc\p18f4550.asm
                   LVDCON   0x000fd2       data     extern E:\3.46\pic18-lt\cxx-framework\src\traditional\proc\p18f4550.asm
               LVDCONbits   0x000fd2       data     extern E:\3.46\pic18-lt\cxx-framework\src\traditional\proc\p18f4550.asm
                  HLVDCON   0x000fd2       data     extern E:\3.46\pic18-lt\cxx-framework\src\traditional\proc\p18f4550.asm
                   OSCCON   0x000fd3       data     extern E:\3.46\pic18-lt\cxx-framework\src\traditional\proc\p18f4550.asm
               OSCCONbits   0x000fd3       data     extern E:\3.46\pic18-lt\cxx-framework\src\traditional\proc\p18f4550.asm
                T0CONbits   0x000fd5       data     extern E:\3.46\pic18-lt\cxx-framework\src\traditional\proc\p18f4550.asm
                    T0CON   0x000fd5       data     extern E:\3.46\pic18-lt\cxx-framework\src\traditional\proc\p18f4550.asm
                    TMR0L   0x000fd6       data     extern E:\3.46\pic18-lt\cxx-framework\src\traditional\proc\p18f4550.asm
                    TMR0H   0x000fd7       data     extern E:\3.46\pic18-lt\cxx-framework\src\traditional\proc\p18f4550.asm
               STATUSbits   0x000fd8       data     extern E:\3.46\pic18-lt\cxx-framework\src\traditional\proc\p18f4550.asm
                   STATUS   0x000fd8       data     extern E:\3.46\pic18-lt\cxx-framework\src\traditional\proc\p18f4550.asm
                    FSR2L   0x000fd9       data     extern E:\3.46\pic18-lt\cxx-framework\src\traditional\proc\p18f4550.asm
                     FSR2   0x000fd9       data     extern E:\3.46\pic18-lt\cxx-framework\src\traditional\proc\p18f4550.asm
                    FSR2H   0x000fda       data     extern E:\3.46\pic18-lt\cxx-framework\src\traditional\proc\p18f4550.asm
                   PLUSW2   0x000fdb       data     extern E:\3.46\pic18-lt\cxx-framework\src\traditional\proc\p18f4550.asm
                  PREINC2   0x000fdc       data     extern E:\3.46\pic18-lt\cxx-framework\src\traditional\proc\p18f4550.asm
                 POSTDEC2   0x000fdd       data     extern E:\3.46\pic18-lt\cxx-framework\src\traditional\proc\p18f4550.asm
                 POSTINC2   0x000fde       data     extern E:\3.46\pic18-lt\cxx-framework\src\traditional\proc\p18f4550.asm
                    INDF2   0x000fdf       data     extern E:\3.46\pic18-lt\cxx-framework\src\traditional\proc\p18f4550.asm
                      BSR   0x000fe0       data     extern E:\3.46\pic18-lt\cxx-framework\src\traditional\proc\p18f4550.asm
                    FSR1L   0x000fe1       data     extern E:\3.46\pic18-lt\cxx-framework\src\traditional\proc\p18f4550.asm
                     FSR1   0x000fe1       data     extern E:\3.46\pic18-lt\cxx-framework\src\traditional\proc\p18f4550.asm
                    FSR1H   0x000fe2       data     extern E:\3.46\pic18-lt\cxx-framework\src\traditional\proc\p18f4550.asm
                   PLUSW1   0x000fe3       data     extern E:\3.46\pic18-lt\cxx-framework\src\traditional\proc\p18f4550.asm
                  PREINC1   0x000fe4       data     extern E:\3.46\pic18-lt\cxx-framework\src\traditional\proc\p18f4550.asm
                 POSTDEC1   0x000fe5       data     extern E:\3.46\pic18-lt\cxx-framework\src\traditional\proc\p18f4550.asm
                 POSTINC1   0x000fe6       data     extern E:\3.46\pic18-lt\cxx-framework\src\traditional\proc\p18f4550.asm
                    INDF1   0x000fe7       data     extern E:\3.46\pic18-lt\cxx-framework\src\traditional\proc\p18f4550.asm
                     WREG   0x000fe8       data     extern E:\3.46\pic18-lt\cxx-framework\src\traditional\proc\p18f4550.asm
                     FSR0   0x000fe9       data     extern E:\3.46\pic18-lt\cxx-framework\src\traditional\proc\p18f4550.asm
                    FSR0L   0x000fe9       data     extern E:\3.46\pic18-lt\cxx-framework\src\traditional\proc\p18f4550.asm
                    FSR0H   0x000fea       data     extern E:\3.46\pic18-lt\cxx-framework\src\traditional\proc\p18f4550.asm
                   PLUSW0   0x000feb       data     extern E:\3.46\pic18-lt\cxx-framework\src\traditional\proc\p18f4550.asm
                  PREINC0   0x000fec       data     extern E:\3.46\pic18-lt\cxx-framework\src\traditional\proc\p18f4550.asm
                 POSTDEC0   0x000fed       data     extern E:\3.46\pic18-lt\cxx-framework\src\traditional\proc\p18f4550.asm
                 POSTINC0   0x000fee       data     extern E:\3.46\pic18-lt\cxx-framework\src\traditional\proc\p18f4550.asm
                    INDF0   0x000fef       data     extern E:\3.46\pic18-lt\cxx-framework\src\traditional\proc\p18f4550.asm
              INTCON3bits   0x000ff0       data     extern E:\3.46\pic18-lt\cxx-framework\src\traditional\proc\p18f4550.asm
                  INTCON3   0x000ff0       data     extern E:\3.46\pic18-lt\cxx-framework\src\traditional\proc\p18f4550.asm
                  INTCON2   0x000ff1       data     extern E:\3.46\pic18-lt\cxx-framework\src\traditional\proc\p18f4550.asm
              INTCON2bits   0x000ff1       data     extern E:\3.46\pic18-lt\cxx-framework\src\traditional\proc\p18f4550.asm
                   INTCON   0x000ff2       data     extern E:\3.46\pic18-lt\cxx-framework\src\traditional\proc\p18f4550.asm
               INTCONbits   0x000ff2       data     extern E:\3.46\pic18-lt\cxx-framework\src\traditional\proc\p18f4550.asm
                     PROD   0x000ff3       data     extern E:\3.46\pic18-lt\cxx-framework\src\traditional\proc\p18f4550.asm
                    PRODL   0x000ff3       data     extern E:\3.46\pic18-lt\cxx-framework\src\traditional\proc\p18f4550.asm
                    PRODH   0x000ff4       data     extern E:\3.46\pic18-lt\cxx-framework\src\traditional\proc\p18f4550.asm
                   TABLAT   0x000ff5       data     extern E:\3.46\pic18-lt\cxx-framework\src\traditional\proc\p18f4550.asm
                  TBLPTRL   0x000ff6       data     extern E:\3.46\pic18-lt\cxx-framework\src\traditional\proc\p18f4550.asm
                   TBLPTR   0x000ff6       data     extern E:\3.46\pic18-lt\cxx-framework\src\traditional\proc\p18f4550.asm
                  TBLPTRH   0x000ff7       data     extern E:\3.46\pic18-lt\cxx-framework\src\traditional\proc\p18f4550.asm
                  TBLPTRU   0x000ff8       data     extern E:\3.46\pic18-lt\cxx-framework\src\traditional\proc\p18f4550.asm
                      PCL   0x000ff9       data     extern E:\3.46\pic18-lt\cxx-framework\src\traditional\proc\p18f4550.asm
                       PC   0x000ff9       data     extern E:\3.46\pic18-lt\cxx-framework\src\traditional\proc\p18f4550.asm
                   PCLATH   0x000ffa       data     extern E:\3.46\pic18-lt\cxx-framework\src\traditional\proc\p18f4550.asm
                   PCLATU   0x000ffb       data     extern E:\3.46\pic18-lt\cxx-framework\src\traditional\proc\p18f4550.asm
               STKPTRbits   0x000ffc       data     extern E:\3.46\pic18-lt\cxx-framework\src\traditional\proc\p18f4550.asm
                   STKPTR   0x000ffc       data     extern E:\3.46\pic18-lt\cxx-framework\src\traditional\proc\p18f4550.asm
                     TOSL   0x000ffd       data     extern E:\3.46\pic18-lt\cxx-framework\src\traditional\proc\p18f4550.asm
                      TOS   0x000ffd       data     extern E:\3.46\pic18-lt\cxx-framework\src\traditional\proc\p18f4550.asm
                     TOSH   0x000ffe       data     extern E:\3.46\pic18-lt\cxx-framework\src\traditional\proc\p18f4550.asm
                     TOSU   0x000fff       data     extern E:\3.46\pic18-lt\cxx-framework\src\traditional\proc\p18f4550.asm


